<html>
<body>
<pre>
<h1>�Vision Build Log</h1>
<h2>Tool Versions:</h2>
IDE-Version: ��Vision V5.39.0.0
Copyright (C) 2023 ARM Ltd and ARM Germany GmbH. All rights reserved.
License Information: supeng supeng, gdqy, LIC=21E4T-RTV8W-WF1I7-EILCQ-ZBPK9-2KEG5
 
Tool Versions:
Toolchain:       MDK-ARM Plus  Version: 5.39.0.0
Toolchain Path:  D:\Program Files\Keil5\ARM\ARMCC\Bin
C Compiler:      Armcc.exe V5.05 update 1 (build 106)
Assembler:       Armasm.exe V5.05 update 1 (build 106)
Linker/Locator:  ArmLink.exe V5.05 update 1 (build 106)
Library Manager: ArmAr.exe V5.05 update 1 (build 106)
Hex Converter:   FromElf.exe V5.05 update 1 (build 106)
CPU DLL:         SARMCM3.DLL V5.39.0.0
Dialog DLL:      DCM.DLL V1.17.5.0
Target DLL:      CMSIS_AGDI.dll V1.33.16.0
Dialog DLL:      TCM.DLL V1.56.4.0
 
<h2>Project:</h2>
F:\RM_Program\RM_Code_Program\Template\RM_Hero\RM_Hero_Down_Board\MDK-ARM\RM_Template.uvprojx
Project File Date:  03/22/2025

<h2>Output:</h2>
*** Using Compiler 'V5.05 update 1 (build 106)', folder: 'D:\Program Files\Keil5\ARM\ARMCC\Bin'
Build target 'RM_Template'
compiling stm32f4xx_hal_msp.c...
compiling main.c...
compiling gpio.c...
compiling pid.c...
compiling robot_cmd.c...
..\application\robot_cmd.c(75): warning:  #223-D: function "Chassis_Set_Power_Mode" declared implicitly
      Chassis_Set_Power_Mode(Chassis_Control_Data.Super_Mode);
..\application\robot_cmd.c: 1 warning, 0 errors
compiling dma.c...
compiling tim.c...
compiling app.c...
compiling chassis.c...
compiling stm32f4xx_it.c...
compiling usart.c...
compiling DJI_DR16.c...
compiling can.c...
compiling CH104_IMU_USART.C...
compiling bsp_can_isr.c...
compiling DM_Motor.c...
compiling Speed_Ramp.c...
compiling filter.c...
compiling CH104_IMU_CAN.c...
compiling bsp_can.c...
compiling DJI_Motor.c...
compiling power.c...
compiling vofa.c...
compiling can_comm.c...
compiling super_cap.c...
compiling bsp_usart_isr.c...
compiling stm32f4xx_hal_can.c...
compiling bsp_tim_isr.c...
compiling stm32f4xx_hal_rcc.c...
compiling stm32f4xx_hal_flash_ramfunc.c...
compiling bsp_usart.c...
compiling stm32f4xx_hal_dma_ex.c...
compiling stm32f4xx_hal_gpio.c...
compiling stm32f4xx_hal_rcc_ex.c...
compiling stm32f4xx_hal_flash_ex.c...
compiling bsp_tim.c...
assembling startup_stm32f427xx.s...
compiling stm32f4xx_hal_flash.c...
compiling crc_ref.c...
compiling stm32f4xx_hal_cortex.c...
compiling stm32f4xx_hal.c...
compiling stm32f4xx_hal_dma.c...
compiling stm32f4xx_hal_tim_ex.c...
compiling stm32f4xx_hal_exti.c...
compiling referee_task.c...
..\modules\referee\referee_task.c(382): warning:  #177-D: variable "first_draw" was declared but never referenced
      static uint8_t first_draw = 1;
..\modules\referee\referee_task.c(29): warning:  #550-D: variable "Interactive_data" was set but never used
  static Referee_Interactive_info_t *Interactive_data; // UI绘制需要的机器人状态数�?                                     ^
..\modules\referee\referee_task.c(30): warning:  #550-D: variable "referee_recv_info" was set but never used
  static referee_info_t *referee_recv_info;            // 接收到的裁判系统数据
..\modules\referee\referee_task.c(380): warning:  #177-D: function "MyUIRefresh" was declared but never referenced
  static void MyUIRefresh(referee_info_t *referee_recv_info, Referee_Interactive_info_t *_Interactive_data)
..\modules\referee\referee_task.c(468): warning:  #177-D: function "UIChangeCheck" was declared but never referenced
  static void UIChangeCheck(Referee_Interactive_info_t *_Interactive_data)
..\modules\referee\referee_task.c(326): warning:  #177-D: function "RobotModeTest" was declared but never referenced
  static void RobotModeTest(Referee_Interactive_info_t *_Interactive_data) // 测试用函数，实现模式自动变化
..\modules\referee\referee_task.c(324): warning:  #177-D: variable "count" was declared but never referenced
  static uint8_t count = 0;
..\modules\referee\referee_task.c(325): warning:  #177-D: variable "count1" was declared but never referenced
  static uint16_t count1 = 0;
..\modules\referee\referee_task.c: 8 warnings, 0 errors
compiling stm32f4xx_hal_pwr_ex.c...
compiling stm32f4xx_hal_pwr.c...
compiling stm32f4xx_hal_uart.c...
compiling stm32f4xx_hal_tim.c...
compiling referee_UI.c...
compiling system_stm32f4xx.c...
compiling rm_referee.c...
linking...
Program Size: Code=36988 RO-data=1620 RW-data=244 ZI-data=5284  
FromELF: creating hex file...
"RM_Template\RM_Template.axf" - 0 Error(s), 9 Warning(s).

<h2>Software Packages used:</h2>

Package Vendor: ARM
                http://www.keil.com/pack/ARM.CMSIS.5.9.0.pack
                ARM::CMSIS@5.9.0
                CMSIS (Common Microcontroller Software Interface Standard)
   * Component: CORE Version: 5.6.0

Package Vendor: Keil
                https://www.keil.com/pack/Keil.STM32F4xx_DFP.2.17.1.pack
                Keil::STM32F4xx_DFP@2.17.1
                STMicroelectronics STM32F4 Series Device Support, Drivers and Examples

<h2>Collection of Component include folders:</h2>
  ./RTE/_RM_Template
  D:/Program Files/Keil5/ARM/Pack/ARM/CMSIS/5.9.0/CMSIS/Core/Include
  D:/Program Files/Keil5/ARM/Pack/Keil/STM32F4xx_DFP/2.17.1/Drivers/CMSIS/Device/ST/STM32F4xx/Include

<h2>Collection of Component Files used:</h2>

   * Component: ARM::CMSIS:CORE@5.6.0
      Include file:  CMSIS/Core/Include/tz_context.h
Build Time Elapsed:  00:00:20
</pre>
</body>
</html>
