<html>
<body>
<pre>
<h1>�Vision Build Log</h1>
<h2>Tool Versions:</h2>
IDE-Version: ��Vision V5.39.0.0
Copyright (C) 2023 ARM Ltd and ARM Germany GmbH. All rights reserved.
License Information: supeng supeng, gdqy, LIC=21E4T-RTV8W-WF1I7-EILCQ-ZBPK9-2KEG5
 
Tool Versions:
Toolchain:       MDK-ARM Plus  Version: 5.39.0.0
Toolchain Path:  D:\Program Files\Keil5\ARM\ARMCC\Bin
C Compiler:      Armcc.exe V5.05 update 1 (build 106)
Assembler:       Armasm.exe V5.05 update 1 (build 106)
Linker/Locator:  ArmLink.exe V5.05 update 1 (build 106)
Library Manager: ArmAr.exe V5.05 update 1 (build 106)
Hex Converter:   FromElf.exe V5.05 update 1 (build 106)
CPU DLL:         SARMCM3.DLL V5.39.0.0
Dialog DLL:      DCM.DLL V1.17.5.0
Target DLL:      CMSIS_AGDI.dll V1.33.16.0
Dialog DLL:      TCM.DLL V1.56.4.0
 
<h2>Project:</h2>
F:\RM_Program\RM_Code_Program\Template\RM_Hero\RM_Hero_Down_Board\MDK-ARM\RM_Template.uvprojx
Project File Date:  03/14/2025

<h2>Output:</h2>
*** Using Compiler 'V5.05 update 1 (build 106)', folder: 'D:\Program Files\Keil5\ARM\ARMCC\Bin'
Build target 'RM_Template'
compiling app.c...
compiling can_comm.c...
compiling referee_task.c...
..\modules\referee\referee_task.c(162): warning:  #177-D: function "RobotModeTest" was declared but never referenced
  static void RobotModeTest(Referee_Interactive_info_t *_Interactive_data) // 测试用函数，实现模式自动变化
..\modules\referee\referee_task.c(87): warning:  #177-D: variable "UI_Energy" was declared but never referenced
  static Graph_Data_t UI_Energy[3];      // 电容能量�?                      ^
..\modules\referee\referee_task.c(88): warning:  #177-D: variable "UI_State_sta" was declared but never referenced
  static String_Data_t UI_State_sta[6];  // 机器人状�?静态只需画一�?                       ^
..\modules\referee\referee_task.c(89): warning:  #177-D: variable "UI_State_dyn" was declared but never referenced
  static String_Data_t UI_State_dyn[6];  // 机器人状�?动态先add才能change
..\modules\referee\referee_task.c(160): warning:  #177-D: variable "count" was declared but never referenced
  static uint8_t count = 0;
..\modules\referee\referee_task.c(161): warning:  #177-D: variable "count1" was declared but never referenced
  static uint16_t count1 = 0;
..\modules\referee\referee_task.c: 6 warnings, 0 errors
compiling bsp_tim_isr.c...
compiling robot_cmd.c...
compiling chassis.c...
linking...
Program Size: Code=26032 RO-data=1616 RW-data=216 ZI-data=4720  
FromELF: creating hex file...
"RM_Template\RM_Template.axf" - 0 Error(s), 6 Warning(s).

<h2>Software Packages used:</h2>

Package Vendor: ARM
                http://www.keil.com/pack/ARM.CMSIS.5.9.0.pack
                ARM::CMSIS@5.9.0
                CMSIS (Common Microcontroller Software Interface Standard)
   * Component: CORE Version: 5.6.0

Package Vendor: Keil
                https://www.keil.com/pack/Keil.STM32F4xx_DFP.2.17.1.pack
                Keil::STM32F4xx_DFP@2.17.1
                STMicroelectronics STM32F4 Series Device Support, Drivers and Examples

<h2>Collection of Component include folders:</h2>
  ./RTE/_RM_Template
  D:/Program Files/Keil5/ARM/Pack/ARM/CMSIS/5.9.0/CMSIS/Core/Include
  D:/Program Files/Keil5/ARM/Pack/Keil/STM32F4xx_DFP/2.17.1/Drivers/CMSIS/Device/ST/STM32F4xx/Include

<h2>Collection of Component Files used:</h2>

   * Component: ARM::CMSIS:CORE@5.6.0
      Include file:  CMSIS/Core/Include/tz_context.h
Build Time Elapsed:  00:00:07
</pre>
</body>
</html>
