Component: ARM Compiler 5.05 update 1 (build 106) Tool: armlink [4d0efa]

==============================================================================

Section Cross References

    main.o(i.SystemClock_Config) refers to memseta.o(.text) for __aeabi_memclr4
    main.o(i.SystemClock_Config) refers to stm32f4xx_hal_rcc.o(i.HAL_RCC_OscConfig) for HAL_RCC_OscConfig
    main.o(i.SystemClock_Config) refers to main.o(i.Error_Handler) for Error_Handler
    main.o(i.SystemClock_Config) refers to stm32f4xx_hal_pwr_ex.o(i.HAL_PWREx_EnableOverDrive) for HAL_PWREx_EnableOverDrive
    main.o(i.SystemClock_Config) refers to stm32f4xx_hal_rcc.o(i.HAL_RCC_ClockConfig) for HAL_RCC_ClockConfig
    main.o(i.main) refers to stm32f4xx_hal.o(i.HAL_Init) for HAL_Init
    main.o(i.main) refers to main.o(i.SystemClock_Config) for SystemClock_Config
    main.o(i.main) refers to gpio.o(i.MX_GPIO_Init) for MX_GPIO_Init
    main.o(i.main) refers to dma.o(i.MX_DMA_Init) for MX_DMA_Init
    main.o(i.main) refers to can.o(i.MX_CAN1_Init) for MX_CAN1_Init
    main.o(i.main) refers to usart.o(i.MX_USART1_UART_Init) for MX_USART1_UART_Init
    main.o(i.main) refers to usart.o(i.MX_USART6_UART_Init) for MX_USART6_UART_Init
    main.o(i.main) refers to tim.o(i.MX_TIM7_Init) for MX_TIM7_Init
    main.o(i.main) refers to can.o(i.MX_CAN2_Init) for MX_CAN2_Init
    main.o(i.main) refers to usart.o(i.MX_UART8_Init) for MX_UART8_Init
    main.o(i.main) refers to usart.o(i.MX_USART3_UART_Init) for MX_USART3_UART_Init
    main.o(i.main) refers to app.o(i.App_Init) for App_Init
    main.o(i.main) refers to app.o(i.App_Run) for App_Run
    gpio.o(i.MX_GPIO_Init) refers to memseta.o(.text) for __aeabi_memclr4
    gpio.o(i.MX_GPIO_Init) refers to stm32f4xx_hal_gpio.o(i.HAL_GPIO_WritePin) for HAL_GPIO_WritePin
    gpio.o(i.MX_GPIO_Init) refers to stm32f4xx_hal_gpio.o(i.HAL_GPIO_Init) for HAL_GPIO_Init
    can.o(i.HAL_CAN_MspDeInit) refers to stm32f4xx_hal_gpio.o(i.HAL_GPIO_DeInit) for HAL_GPIO_DeInit
    can.o(i.HAL_CAN_MspDeInit) refers to stm32f4xx_hal_cortex.o(i.HAL_NVIC_DisableIRQ) for HAL_NVIC_DisableIRQ
    can.o(i.HAL_CAN_MspDeInit) refers to can.o(.data) for HAL_RCC_CAN1_CLK_ENABLED
    can.o(i.HAL_CAN_MspInit) refers to memseta.o(.text) for __aeabi_memclr4
    can.o(i.HAL_CAN_MspInit) refers to stm32f4xx_hal_gpio.o(i.HAL_GPIO_Init) for HAL_GPIO_Init
    can.o(i.HAL_CAN_MspInit) refers to stm32f4xx_hal_cortex.o(i.HAL_NVIC_SetPriority) for HAL_NVIC_SetPriority
    can.o(i.HAL_CAN_MspInit) refers to stm32f4xx_hal_cortex.o(i.HAL_NVIC_EnableIRQ) for HAL_NVIC_EnableIRQ
    can.o(i.HAL_CAN_MspInit) refers to can.o(.data) for HAL_RCC_CAN1_CLK_ENABLED
    can.o(i.MX_CAN1_Init) refers to stm32f4xx_hal_can.o(i.HAL_CAN_Init) for HAL_CAN_Init
    can.o(i.MX_CAN1_Init) refers to main.o(i.Error_Handler) for Error_Handler
    can.o(i.MX_CAN1_Init) refers to can.o(.bss) for hcan1
    can.o(i.MX_CAN2_Init) refers to stm32f4xx_hal_can.o(i.HAL_CAN_Init) for HAL_CAN_Init
    can.o(i.MX_CAN2_Init) refers to main.o(i.Error_Handler) for Error_Handler
    can.o(i.MX_CAN2_Init) refers to can.o(.bss) for hcan2
    dma.o(i.MX_DMA_Init) refers to stm32f4xx_hal_cortex.o(i.HAL_NVIC_SetPriority) for HAL_NVIC_SetPriority
    dma.o(i.MX_DMA_Init) refers to stm32f4xx_hal_cortex.o(i.HAL_NVIC_EnableIRQ) for HAL_NVIC_EnableIRQ
    tim.o(i.HAL_TIM_Base_MspDeInit) refers to stm32f4xx_hal_cortex.o(i.HAL_NVIC_DisableIRQ) for HAL_NVIC_DisableIRQ
    tim.o(i.HAL_TIM_Base_MspInit) refers to stm32f4xx_hal_cortex.o(i.HAL_NVIC_SetPriority) for HAL_NVIC_SetPriority
    tim.o(i.HAL_TIM_Base_MspInit) refers to stm32f4xx_hal_cortex.o(i.HAL_NVIC_EnableIRQ) for HAL_NVIC_EnableIRQ
    tim.o(i.MX_TIM7_Init) refers to stm32f4xx_hal_tim.o(i.HAL_TIM_Base_Init) for HAL_TIM_Base_Init
    tim.o(i.MX_TIM7_Init) refers to main.o(i.Error_Handler) for Error_Handler
    tim.o(i.MX_TIM7_Init) refers to stm32f4xx_hal_tim_ex.o(i.HAL_TIMEx_MasterConfigSynchronization) for HAL_TIMEx_MasterConfigSynchronization
    tim.o(i.MX_TIM7_Init) refers to tim.o(.bss) for htim7
    usart.o(i.HAL_UART_MspDeInit) refers to stm32f4xx_hal_gpio.o(i.HAL_GPIO_DeInit) for HAL_GPIO_DeInit
    usart.o(i.HAL_UART_MspDeInit) refers to stm32f4xx_hal_dma.o(i.HAL_DMA_DeInit) for HAL_DMA_DeInit
    usart.o(i.HAL_UART_MspDeInit) refers to stm32f4xx_hal_cortex.o(i.HAL_NVIC_DisableIRQ) for HAL_NVIC_DisableIRQ
    usart.o(i.HAL_UART_MspInit) refers to memseta.o(.text) for __aeabi_memclr4
    usart.o(i.HAL_UART_MspInit) refers to stm32f4xx_hal_gpio.o(i.HAL_GPIO_Init) for HAL_GPIO_Init
    usart.o(i.HAL_UART_MspInit) refers to stm32f4xx_hal_dma.o(i.HAL_DMA_Init) for HAL_DMA_Init
    usart.o(i.HAL_UART_MspInit) refers to main.o(i.Error_Handler) for Error_Handler
    usart.o(i.HAL_UART_MspInit) refers to stm32f4xx_hal_cortex.o(i.HAL_NVIC_SetPriority) for HAL_NVIC_SetPriority
    usart.o(i.HAL_UART_MspInit) refers to stm32f4xx_hal_cortex.o(i.HAL_NVIC_EnableIRQ) for HAL_NVIC_EnableIRQ
[...]
    UI_CharReFresh_data                      0x20000fdf   Data          60  referee_ui.o(.bss)
    .bss                                     0x2000101b   Section      380  rm_referee.o(.bss)
    STACK                                    0x20001198   Section     1024  startup_stm32f427xx.o(STACK)

    Global Symbols

    Symbol Name                              Value     Ov Type        Size  Object(Section)

    BuildAttributes$$THM_ISAv4$E$P$D$K$B$S$7EM$VFPi3$EXTD16$VFPS$VFMA$PE$A:L22UL41UL21$X:L11$S22US41US21$IEEE1$IW$USESV6$~STKCKD$USESV7$~SHL$OTIME$ROPI$IEEEX$EBA8$MICROLIB$REQ8$PRES8$EABIv2 0x00000000   Number         0  anon$$obj.o ABSOLUTE
    __ARM_use_no_argv                        0x00000000   Number         0  main.o ABSOLUTE
    __cpp_initialize__aeabi_                  - Undefined Weak Reference
    __cxa_finalize                            - Undefined Weak Reference
    __decompress                              - Undefined Weak Reference
    _clock_init                               - Undefined Weak Reference
    _microlib_exit                            - Undefined Weak Reference
    __Vectors_Size                           0x000001ac   Number         0  startup_stm32f427xx.o ABSOLUTE
    __Vectors                                0x08000000   Data           4  startup_stm32f427xx.o(RESET)
    __Vectors_End                            0x080001ac   Data           0  startup_stm32f427xx.o(RESET)
    __main                                   0x080001ad   Thumb Code     0  entry.o(.ARM.Collect$$$$00000000)
    _main_stk                                0x080001ad   Thumb Code     0  entry2.o(.ARM.Collect$$$$00000001)
    _main_scatterload                        0x080001b1   Thumb Code     0  entry5.o(.ARM.Collect$$$$00000004)
    __main_after_scatterload                 0x080001b5   Thumb Code     0  entry5.o(.ARM.Collect$$$$00000004)
    _main_clock                              0x080001b5   Thumb Code     0  entry7b.o(.ARM.Collect$$$$00000008)
    _main_cpp_init                           0x080001b5   Thumb Code     0  entry8b.o(.ARM.Collect$$$$0000000A)
    _main_init                               0x080001b5   Thumb Code     0  entry9a.o(.ARM.Collect$$$$0000000B)
    __rt_final_cpp                           0x080001bd   Thumb Code     0  entry10a.o(.ARM.Collect$$$$0000000D)
    __rt_final_exit                          0x080001bd   Thumb Code     0  entry11a.o(.ARM.Collect$$$$0000000F)
    Reset_Handler                            0x080001c1   Thumb Code     8  startup_stm32f427xx.o(.text)
    ADC_IRQHandler                           0x080001db   Thumb Code     0  startup_stm32f427xx.o(.text)
    CAN1_RX1_IRQHandler                      0x080001db   Thumb Code     0  startup_stm32f427xx.o(.text)
    CAN1_SCE_IRQHandler                      0x080001db   Thumb Code     0  startup_stm32f427xx.o(.text)
    CAN1_TX_IRQHandler                       0x080001db   Thumb Code     0  startup_stm32f427xx.o(.text)
    CAN2_RX0_IRQHandler                      0x080001db   Thumb Code     0  startup_stm32f427xx.o(.text)
    CAN2_SCE_IRQHandler                      0x080001db   Thumb Code     0  startup_stm32f427xx.o(.text)
    CAN2_TX_IRQHandler                       0x080001db   Thumb Code     0  startup_stm32f427xx.o(.text)
    DCMI_IRQHandler                          0x080001db   Thumb Code     0  startup_stm32f427xx.o(.text)
    DMA1_Stream2_IRQHandler                  0x080001db   Thumb Code     0  startup_stm32f427xx.o(.text)
    DMA1_Stream4_IRQHandler                  0x080001db   Thumb Code     0  startup_stm32f427xx.o(.text)
    DMA1_Stream5_IRQHandler                  0x080001db   Thumb Code     0  startup_stm32f427xx.o(.text)
    DMA1_Stream7_IRQHandler                  0x080001db   Thumb Code     0  startup_stm32f427xx.o(.text)
    DMA2D_IRQHandler                         0x080001db   Thumb Code     0  startup_stm32f427xx.o(.text)
    DMA2_Stream0_IRQHandler                  0x080001db   Thumb Code     0  startup_stm32f427xx.o(.text)
    DMA2_Stream3_IRQHandler                  0x080001db   Thumb Code     0  startup_stm32f427xx.o(.text)
    DMA2_Stream4_IRQHandler                  0x080001db   Thumb Code     0  startup_stm32f427xx.o(.text)
    DMA2_Stream5_IRQHandler                  0x080001db   Thumb Code     0  startup_stm32f427xx.o(.text)
    DMA2_Stream7_IRQHandler                  0x080001db   Thumb Code     0  startup_stm32f427xx.o(.text)
    ETH_IRQHandler                           0x080001db   Thumb Code     0  startup_stm32f427xx.o(.text)
    ETH_WKUP_IRQHandler                      0x080001db   Thumb Code     0  startup_stm32f427xx.o(.text)
    EXTI0_IRQHandler                         0x080001db   Thumb Code     0  startup_stm32f427xx.o(.text)
    EXTI15_10_IRQHandler                     0x080001db   Thumb Code     0  startup_stm32f427xx.o(.text)
    EXTI1_IRQHandler                         0x080001db   Thumb Code     0  startup_stm32f427xx.o(.text)
    EXTI2_IRQHandler                         0x080001db   Thumb Code     0  startup_stm32f427xx.o(.text)
    EXTI3_IRQHandler                         0x080001db   Thumb Code     0  startup_stm32f427xx.o(.text)
    EXTI4_IRQHandler                         0x080001db   Thumb Code     0  startup_stm32f427xx.o(.text)
    EXTI9_5_IRQHandler                       0x080001db   Thumb Code     0  startup_stm32f427xx.o(.text)
    FLASH_IRQHandler                         0x080001db   Thumb Code     0  startup_stm32f427xx.o(.text)
    FMC_IRQHandler                           0x080001db   Thumb Code     0  startup_stm32f427xx.o(.text)
    FPU_IRQHandler                           0x080001db   Thumb Code     0  startup_stm32f427xx.o(.text)
    HASH_RNG_IRQHandler                      0x080001db   Thumb Code     0  startup_stm32f427xx.o(.text)
    I2C1_ER_IRQHandler                       0x080001db   Thumb Code     0  startup_stm32f427xx.o(.text)
    I2C1_EV_IRQHandler                       0x080001db   Thumb Code     0  startup_stm32f427xx.o(.text)
    I2C2_ER_IRQHandler                       0x080001db   Thumb Code     0  startup_stm32f427xx.o(.text)
    I2C2_EV_IRQHandler                       0x080001db   Thumb Code     0  startup_stm32f427xx.o(.text)
    I2C3_ER_IRQHandler                       0x080001db   Thumb Code     0  startup_stm32f427xx.o(.text)
    I2C3_EV_IRQHandler                       0x080001db   Thumb Code     0  startup_stm32f427xx.o(.text)
    OTG_FS_IRQHandler                        0x080001db   Thumb Code     0  startup_stm32f427xx.o(.text)
    OTG_FS_WKUP_IRQHandler                   0x080001db   Thumb Code     0  startup_stm32f427xx.o(.text)
    OTG_HS_EP1_IN_IRQHandler                 0x080001db   Thumb Code     0  startup_stm32f427xx.o(.text)
    OTG_HS_EP1_OUT_IRQHandler                0x080001db   Thumb Code     0  startup_stm32f427xx.o(.text)
    OTG_HS_IRQHandler                        0x080001db   Thumb Code     0  startup_stm32f427xx.o(.text)
    OTG_HS_WKUP_IRQHandler                   0x080001db   Thumb Code     0  startup_stm32f427xx.o(.text)
    PVD_IRQHandler                           0x080001db   Thumb Code     0  startup_stm32f427xx.o(.text)
    RCC_IRQHandler                           0x080001db   Thumb Code     0  startup_stm32f427xx.o(.text)
    RTC_Alarm_IRQHandler                     0x080001db   Thumb Code     0  startup_stm32f427xx.o(.text)
    RTC_WKUP_IRQHandler                      0x080001db   Thumb Code     0  startup_stm32f427xx.o(.text)
    SAI1_IRQHandler                          0x080001db   Thumb Code     0  startup_stm32f427xx.o(.text)
    SDIO_IRQHandler                          0x080001db   Thumb Code     0  startup_stm32f427xx.o(.text)
    SPI1_IRQHandler                          0x080001db   Thumb Code     0  startup_stm32f427xx.o(.text)
    SPI2_IRQHandler                          0x080001db   Thumb Code     0  startup_stm32f427xx.o(.text)
    SPI3_IRQHandler                          0x080001db   Thumb Code     0  startup_stm32f427xx.o(.text)
    SPI4_IRQHandler                          0x080001db   Thumb Code     0  startup_stm32f427xx.o(.text)
    SPI5_IRQHandler                          0x080001db   Thumb Code     0  startup_stm32f427xx.o(.text)
    SPI6_IRQHandler                          0x080001db   Thumb Code     0  startup_stm32f427xx.o(.text)
    TAMP_STAMP_IRQHandler                    0x080001db   Thumb Code     0  startup_stm32f427xx.o(.text)
    TIM1_BRK_TIM9_IRQHandler                 0x080001db   Thumb Code     0  startup_stm32f427xx.o(.text)
    TIM1_CC_IRQHandler                       0x080001db   Thumb Code     0  startup_stm32f427xx.o(.text)
    TIM1_TRG_COM_TIM11_IRQHandler            0x080001db   Thumb Code     0  startup_stm32f427xx.o(.text)
    TIM1_UP_TIM10_IRQHandler                 0x080001db   Thumb Code     0  startup_stm32f427xx.o(.text)
    TIM2_IRQHandler                          0x080001db   Thumb Code     0  startup_stm32f427xx.o(.text)
    TIM3_IRQHandler                          0x080001db   Thumb Code     0  startup_stm32f427xx.o(.text)
    TIM4_IRQHandler                          0x080001db   Thumb Code     0  startup_stm32f427xx.o(.text)
    TIM5_IRQHandler                          0x080001db   Thumb Code     0  startup_stm32f427xx.o(.text)
    TIM6_DAC_IRQHandler                      0x080001db   Thumb Code     0  startup_stm32f427xx.o(.text)
    TIM8_BRK_TIM12_IRQHandler                0x080001db   Thumb Code     0  startup_stm32f427xx.o(.text)
    TIM8_CC_IRQHandler                       0x080001db   Thumb Code     0  startup_stm32f427xx.o(.text)
    TIM8_TRG_COM_TIM14_IRQHandler            0x080001db   Thumb Code     0  startup_stm32f427xx.o(.text)
    TIM8_UP_TIM13_IRQHandler                 0x080001db   Thumb Code     0  startup_stm32f427xx.o(.text)
    UART4_IRQHandler                         0x080001db   Thumb Code     0  startup_stm32f427xx.o(.text)
    UART5_IRQHandler                         0x080001db   Thumb Code     0  startup_stm32f427xx.o(.text)
    UART7_IRQHandler                         0x080001db   Thumb Code     0  startup_stm32f427xx.o(.text)
    USART2_IRQHandler                        0x080001db   Thumb Code     0  startup_stm32f427xx.o(.text)
    WWDG_IRQHandler                          0x080001db   Thumb Code     0  startup_stm32f427xx.o(.text)
    __aeabi_uldivmod                         0x080001e5   Thumb Code    98  uldiv.o(.text)
    __aeabi_memcpy                           0x08000247   Thumb Code    36  memcpya.o(.text)
    __aeabi_memcpy4                          0x08000247   Thumb Code     0  memcpya.o(.text)
    __aeabi_memcpy8                          0x08000247   Thumb Code     0  memcpya.o(.text)
    __aeabi_memset                           0x0800026b   Thumb Code    14  memseta.o(.text)
    __aeabi_memset4                          0x0800026b   Thumb Code     0  memseta.o(.text)
    __aeabi_memset8                          0x0800026b   Thumb Code     0  memseta.o(.text)
    __aeabi_memclr                           0x08000279   Thumb Code     4  memseta.o(.text)
    __aeabi_memclr4                          0x08000279   Thumb Code     0  memseta.o(.text)
    __aeabi_memclr8                          0x08000279   Thumb Code     0  memseta.o(.text)
    _memset$wrapper                          0x0800027d   Thumb Code    18  memseta.o(.text)
    strstr                                   0x0800028f   Thumb Code    36  strstr.o(.text)
    strlen                                   0x080002b3   Thumb Code    14  strlen.o(.text)
    __aeabi_dadd                             0x080002c1   Thumb Code   322  dadd.o(.text)
    __aeabi_dsub                             0x08000403   Thumb Code     6  dadd.o(.text)
    __aeabi_drsub                            0x08000409   Thumb Code     6  dadd.o(.text)
    __aeabi_dmul                             0x0800040f   Thumb Code   228  dmul.o(.text)
    __aeabi_ddiv                             0x080004f3   Thumb Code   222  ddiv.o(.text)
    __aeabi_i2d                              0x080005d1   Thumb Code    34  dflti.o(.text)
    __aeabi_f2d                              0x080005f3   Thumb Code    38  f2d.o(.text)
    __aeabi_cdrcmple                         0x08000619   Thumb Code    48  cdrcmple.o(.text)
    __aeabi_d2f                              0x08000649   Thumb Code    56  d2f.o(.text)
    __aeabi_uidiv                            0x08000681   Thumb Code     0  uidiv.o(.text)
    __aeabi_uidivmod                         0x08000681   Thumb Code    44  uidiv.o(.text)
    __aeabi_llsl                             0x080006ad   Thumb Code    30  llshl.o(.text)
    _ll_shift_l                              0x080006ad   Thumb Code     0  llshl.o(.text)
    __aeabi_llsr                             0x080006cb   Thumb Code    32  llushr.o(.text)
    _ll_ushift_r                             0x080006cb   Thumb Code     0  llushr.o(.text)
    __aeabi_lasr                             0x080006eb   Thumb Code    36  llsshr.o(.text)
    _ll_sshift_r                             0x080006eb   Thumb Code     0  llsshr.o(.text)
    __strtod_int                             0x08000747   Thumb Code    88  strtod.o(.text)
    __I$use$fp                               0x080007ad   Thumb Code     0  iusefp.o(.text)
    _float_round                             0x080007ad   Thumb Code    18  fepilogue.o(.text)
    _float_epilogue                          0x080007bf   Thumb Code    92  fepilogue.o(.text)
    _double_round                            0x0800081b   Thumb Code    30  depilogue.o(.text)
    _double_epilogue                         0x08000839   Thumb Code   156  depilogue.o(.text)
    __aeabi_d2ulz                            0x080008d5   Thumb Code    48  dfixul.o(.text)
    __ARM_fcmp4                              0x08000905   Thumb Code    54  fcmp4.o(.text)
    _fcmp4                                   0x08000905   Thumb Code     0  fcmp4.o(.text)
    __scatterload                            0x0800093d   Thumb Code    28  init.o(.text)
    __scatterload_rt2                        0x0800093d   Thumb Code     0  init.o(.text)
    isspace                                  0x08000961   Thumb Code    10  isspace_c.o(.text)
    _scanf_real                              0x08000a6d   Thumb Code     0  scanf_fp.o(.text)
    _scanf_really_real                       0x08000a6d   Thumb Code   556  scanf_fp.o(.text)
    _sgetc                                   0x08000ca5   Thumb Code    30  _sgetc.o(.text)
    _sbackspace                              0x08000cc3   Thumb Code    34  _sgetc.o(.text)
    __aeabi_ui2d                             0x08000ce5   Thumb Code    26  dfltui.o(.text)
    __aeabi_d2iz                             0x08000cff   Thumb Code    62  dfixi.o(.text)
    __ctype_lookup                           0x08000d3d   Thumb Code    34  ctype_c.o(.text)
    __aeabi_ul2d                             0x08000d65   Thumb Code    24  dfltul.o(.text)
    App_Init                                 0x08000d7d   Thumb Code    80  app.o(i.App_Init)
    App_Run                                  0x08000dd5   Thumb Code    42  app.o(i.App_Run)
    Append_CRC16_Check_Sum                   0x08000e09   Thumb Code    44  crc_ref.o(i.Append_CRC16_Check_Sum)
    Apply_Speed_Ramp                         0x08000e39   Thumb Code   288  speed_ramp.o(i.Apply_Speed_Ramp)
    BSP_TIM_Init                             0x08000f5d   Thumb Code    10  bsp_tim.o(i.BSP_TIM_Init)
    BSP_USART_Init                           0x08000f6d   Thumb Code    40  bsp_usart.o(i.BSP_USART_Init)
    Bsp_CAN_Init                             0x08000fa5   Thumb Code    32  bsp_can.o(i.Bsp_CAN_Init)
    Bsp_CAN_RX_Filter_Set                    0x08000fcd   Thumb Code    64  bsp_can.o(i.Bsp_CAN_RX_Filter_Set)
    BusFault_Handler                         0x0800100d   Thumb Code     4  stm32f4xx_it.o(i.BusFault_Handler)
    CAN1_RX0_IRQHandler                      0x08001011   Thumb Code    10  stm32f4xx_it.o(i.CAN1_RX0_IRQHandler)
    CAN2_RX1_IRQHandler                      0x08001021   Thumb Code    10  stm32f4xx_it.o(i.CAN2_RX1_IRQHandler)
    CAN_Comm_Get_RX_Data                     0x08001031   Thumb Code     6  can_comm.o(i.CAN_Comm_Get_RX_Data)
    CAN_Comm_Get_State                       0x08001037   Thumb Code    16  can_comm.o(i.CAN_Comm_Get_State)
    CAN_Comm_Init                            0x08001047   Thumb Code     8  can_comm.o(i.CAN_Comm_Init)
    CAN_Comm_RX_Callback                     0x08001051   Thumb Code    50  can_comm.o(i.CAN_Comm_RX_Callback)
    CAN_Comm_RX_Filter_Set                   0x08001089   Thumb Code   150  can_comm.o(i.CAN_Comm_RX_Filter_Set)
    CAN_Comm_TX_Send_Data                    0x08001125   Thumb Code    44  can_comm.o(i.CAN_Comm_TX_Send_Data)
    CAN_Comm_Timing_Handle                   0x08001151   Thumb Code    20  can_comm.o(i.CAN_Comm_Timing_Handle)
    CH104_IMU_USART_Get_Buffer               0x08001169   Thumb Code     4  ch104_imu_usart.o(i.CH104_IMU_USART_Get_Buffer)
    CH104_IMU_USART_Get_Data                 0x08001171   Thumb Code    80  ch104_imu_usart.o(i.CH104_IMU_USART_Get_Data)
    CH104_IMU_USART_Init                     0x080011c9   Thumb Code    30  ch104_imu_usart.o(i.CH104_IMU_USART_Init)
    CH104_IMU_USART_RX_Handle                0x080011f5   Thumb Code    20  ch104_imu_usart.o(i.CH104_IMU_USART_RX_Handle)
    CH104_IMU_USART_Timing_Handle            0x08001209   Thumb Code    50  ch104_imu_usart.o(i.CH104_IMU_USART_Timing_Handle)
    Calculat_Power_Sum                       0x08001241   Thumb Code    90  power.o(i.Calculat_Power_Sum)
    Calculate_Scale_y                        0x080012a5   Thumb Code    18  referee_task.o(i.Calculate_Scale_y)
    Chassis_Control                          0x080012c1   Thumb Code    12  chassis.o(i.Chassis_Control)
    Chassis_Forward_Kinematics               0x080012d1   Thumb Code   568  chassis.o(i.Chassis_Forward_Kinematics)
    Chassis_Get_Referee_Power_Mx_Limit       0x0800152d   Thumb Code    86  chassis.o(i.Chassis_Get_Referee_Power_Mx_Limit)
    Chassis_Gimbal_Yaw_Err_Dz_Control        0x080015ad   Thumb Code   150  chassis.o(i.Chassis_Gimbal_Yaw_Err_Dz_Control)
    Chassis_Init                             0x08001659   Thumb Code   422  chassis.o(i.Chassis_Init)
    Chassis_Level_Control                    0x08001845   Thumb Code   116  chassis.o(i.Chassis_Level_Control)
    Chassis_Power_Control                    0x080018d1   Thumb Code   528  chassis.o(i.Chassis_Power_Control)
    Chassis_Set_Mode                         0x08001afd   Thumb Code     8  chassis.o(i.Chassis_Set_Mode)
    Chassis_Set_Power_Mode                   0x08001b09   Thumb Code     8  chassis.o(i.Chassis_Set_Power_Mode)
    Chassis_Task                             0x08001b15   Thumb Code  2676  chassis.o(i.Chassis_Task)
    Chassis_Timing_Handle                    0x08002599   Thumb Code    20  chassis.o(i.Chassis_Timing_Handle)
    DJI_DR16_Data_Process                    0x080025b1   Thumb Code   578  dji_dr16.o(i.DJI_DR16_Data_Process)
    DJI_DR16_Get_Buffer                      0x08002819   Thumb Code     4  dji_dr16.o(i.DJI_DR16_Get_Buffer)
    DJI_DR16_Init                            0x08002821   Thumb Code    30  dji_dr16.o(i.DJI_DR16_Init)
    DJI_Motor_Data_Init                      0x0800284d   Thumb Code     2  dji_motor.o(i.DJI_Motor_Data_Init)
    DJI_Motor_Get_Angle_Sum                  0x08002851   Thumb Code   162  dji_motor.o(i.DJI_Motor_Get_Angle_Sum)
    DJI_Motor_Get_Data                       0x080028f9   Thumb Code   132  dji_motor.o(i.DJI_Motor_Get_Data)
    DJI_Motor_Init                           0x08002981   Thumb Code    18  dji_motor.o(i.DJI_Motor_Init)
    DJI_Motor_RX_Filter_Set                  0x08002999   Thumb Code   288  dji_motor.o(i.DJI_Motor_RX_Filter_Set)
    DJI_Motor_Set_Current                    0x08002ac1   Thumb Code   142  dji_motor.o(i.DJI_Motor_Set_Current)
    DJI_Motor_Set_Current_Value              0x08002b59   Thumb Code   120  dji_motor.o(i.DJI_Motor_Set_Current_Value)
    DJI_Motor_Timing_Handle                  0x08002cd1   Thumb Code    62  dji_motor.o(i.DJI_Motor_Timing_Handle)
    DMA1_Stream0_IRQHandler                  0x08002d15   Thumb Code    10  stm32f4xx_it.o(i.DMA1_Stream0_IRQHandler)
    DMA1_Stream1_IRQHandler                  0x08002d25   Thumb Code    10  stm32f4xx_it.o(i.DMA1_Stream1_IRQHandler)
    DMA1_Stream3_IRQHandler                  0x08002d35   Thumb Code    10  stm32f4xx_it.o(i.DMA1_Stream3_IRQHandler)
    DMA1_Stream6_IRQHandler                  0x08002d45   Thumb Code    10  stm32f4xx_it.o(i.DMA1_Stream6_IRQHandler)
    DMA2_Stream1_IRQHandler                  0x08002d55   Thumb Code    10  stm32f4xx_it.o(i.DMA2_Stream1_IRQHandler)
    DMA2_Stream2_IRQHandler                  0x08002d65   Thumb Code    10  stm32f4xx_it.o(i.DMA2_Stream2_IRQHandler)
    DMA2_Stream6_IRQHandler                  0x08002d75   Thumb Code    10  stm32f4xx_it.o(i.DMA2_Stream6_IRQHandler)
    DM_Motor_Get_Angle_Sum                   0x08002e91   Thumb Code   162  dm_motor.o(i.DM_Motor_Get_Angle_Sum)
    DM_Motor_Get_Data                        0x08002f39   Thumb Code    86  dm_motor.o(i.DM_Motor_Get_Data)
    DM_Motor_Init                            0x08002f91   Thumb Code    22  dm_motor.o(i.DM_Motor_Init)
    DM_Motor_RX_Filter_Set                   0x08002fb1   Thumb Code   148  dm_motor.o(i.DM_Motor_RX_Filter_Set)
    DR16_RX_Handle                           0x08003115   Thumb Code    26  dji_dr16.o(i.DR16_RX_Handle)
    DR16_Timing_Handle                       0x08003135   Thumb Code    20  dji_dr16.o(i.DR16_Timing_Handle)
    DebugMon_Handler                         0x0800314d   Thumb Code     2  stm32f4xx_it.o(i.DebugMon_Handler)
    Error_Handler                            0x080032bd   Thumb Code     6  main.o(i.Error_Handler)
    Find_Para_Number                         0x080032c3   Thumb Code   136  vofa.o(i.Find_Para_Number)
    Find_Para_Str                            0x0800334b   Thumb Code    52  vofa.o(i.Find_Para_Str)
    Get_CRC16_Check_Sum                      0x08003381   Thumb Code    46  crc_ref.o(i.Get_CRC16_Check_Sum)
    Get_CRC8_Check_Sum                       0x080033b5   Thumb Code    32  crc_ref.o(i.Get_CRC8_Check_Sum)
    HAL_CAN_ActivateNotification             0x080033d9   Thumb Code    42  stm32f4xx_hal_can.o(i.HAL_CAN_ActivateNotification)
    HAL_CAN_AddTxMessage                     0x08003403   Thumb Code   330  stm32f4xx_hal_can.o(i.HAL_CAN_AddTxMessage)
    HAL_CAN_ConfigFilter                     0x0800354d   Thumb Code   286  stm32f4xx_hal_can.o(i.HAL_CAN_ConfigFilter)
    HAL_CAN_ErrorCallback                    0x08003671   Thumb Code     2  stm32f4xx_hal_can.o(i.HAL_CAN_ErrorCallback)
    HAL_CAN_GetRxMessage                     0x08003673   Thumb Code   404  stm32f4xx_hal_can.o(i.HAL_CAN_GetRxMessage)
    HAL_CAN_IRQHandler                       0x08003807   Thumb Code   590  stm32f4xx_hal_can.o(i.HAL_CAN_IRQHandler)
    HAL_CAN_Init                             0x08003a55   Thumb Code   372  stm32f4xx_hal_can.o(i.HAL_CAN_Init)
    HAL_CAN_MspInit                          0x08003bc9   Thumb Code   330  can.o(i.HAL_CAN_MspInit)
    HAL_CAN_RxFifo0FullCallback              0x08003d2d   Thumb Code     2  stm32f4xx_hal_can.o(i.HAL_CAN_RxFifo0FullCallback)
    HAL_CAN_RxFifo0MsgPendingCallback        0x08003d31   Thumb Code    68  bsp_can_isr.o(i.HAL_CAN_RxFifo0MsgPendingCallback)
    HAL_CAN_RxFifo1FullCallback              0x08003d85   Thumb Code     2  stm32f4xx_hal_can.o(i.HAL_CAN_RxFifo1FullCallback)
    HAL_CAN_RxFifo1MsgPendingCallback        0x08003d89   Thumb Code    58  bsp_can_isr.o(i.HAL_CAN_RxFifo1MsgPendingCallback)
    HAL_CAN_SleepCallback                    0x08003dd1   Thumb Code     2  stm32f4xx_hal_can.o(i.HAL_CAN_SleepCallback)
    HAL_CAN_Start                            0x08003dd3   Thumb Code    94  stm32f4xx_hal_can.o(i.HAL_CAN_Start)
    HAL_CAN_TxMailbox0AbortCallback          0x08003e31   Thumb Code     2  stm32f4xx_hal_can.o(i.HAL_CAN_TxMailbox0AbortCallback)
    HAL_CAN_TxMailbox0CompleteCallback       0x08003e33   Thumb Code     2  stm32f4xx_hal_can.o(i.HAL_CAN_TxMailbox0CompleteCallback)
    HAL_CAN_TxMailbox1AbortCallback          0x08003e35   Thumb Code     2  stm32f4xx_hal_can.o(i.HAL_CAN_TxMailbox1AbortCallback)
    HAL_CAN_TxMailbox1CompleteCallback       0x08003e37   Thumb Code     2  stm32f4xx_hal_can.o(i.HAL_CAN_TxMailbox1CompleteCallback)
    HAL_CAN_TxMailbox2AbortCallback          0x08003e39   Thumb Code     2  stm32f4xx_hal_can.o(i.HAL_CAN_TxMailbox2AbortCallback)
    HAL_CAN_TxMailbox2CompleteCallback       0x08003e3b   Thumb Code     2  stm32f4xx_hal_can.o(i.HAL_CAN_TxMailbox2CompleteCallback)
    HAL_CAN_WakeUpFromRxMsgCallback          0x08003e3d   Thumb Code     2  stm32f4xx_hal_can.o(i.HAL_CAN_WakeUpFromRxMsgCallback)
    HAL_DMA_Abort                            0x08003e3f   Thumb Code   172  stm32f4xx_hal_dma.o(i.HAL_DMA_Abort)
    HAL_DMA_Abort_IT                         0x08003eeb   Thumb Code    40  stm32f4xx_hal_dma.o(i.HAL_DMA_Abort_IT)
    HAL_DMA_IRQHandler                       0x08003f15   Thumb Code   570  stm32f4xx_hal_dma.o(i.HAL_DMA_IRQHandler)
    HAL_DMA_Init                             0x08004155   Thumb Code   232  stm32f4xx_hal_dma.o(i.HAL_DMA_Init)
    HAL_DMA_Start_IT                         0x08004241   Thumb Code   146  stm32f4xx_hal_dma.o(i.HAL_DMA_Start_IT)
    HAL_Delay                                0x080042d5   Thumb Code    36  stm32f4xx_hal.o(i.HAL_Delay)
    HAL_GPIO_Init                            0x080042fd   Thumb Code   474  stm32f4xx_hal_gpio.o(i.HAL_GPIO_Init)
    HAL_GPIO_WritePin                        0x0800450d   Thumb Code    12  stm32f4xx_hal_gpio.o(i.HAL_GPIO_WritePin)
    HAL_GetTick                              0x08004519   Thumb Code     6  stm32f4xx_hal.o(i.HAL_GetTick)
    HAL_IncTick                              0x08004525   Thumb Code    16  stm32f4xx_hal.o(i.HAL_IncTick)
    HAL_Init                                 0x0800453d   Thumb Code    54  stm32f4xx_hal.o(i.HAL_Init)
    HAL_InitTick                             0x08004579   Thumb Code    64  stm32f4xx_hal.o(i.HAL_InitTick)
    HAL_MspInit                              0x080045c5   Thumb Code    68  stm32f4xx_hal_msp.o(i.HAL_MspInit)
    HAL_NVIC_EnableIRQ                       0x0800460d   Thumb Code    40  stm32f4xx_hal_cortex.o(i.HAL_NVIC_EnableIRQ)
    HAL_NVIC_SetPriority                     0x08004635   Thumb Code   124  stm32f4xx_hal_cortex.o(i.HAL_NVIC_SetPriority)
    HAL_NVIC_SetPriorityGrouping             0x080046b1   Thumb Code    32  stm32f4xx_hal_cortex.o(i.HAL_NVIC_SetPriorityGrouping)
    HAL_PWREx_EnableOverDrive                0x080046d9   Thumb Code   128  stm32f4xx_hal_pwr_ex.o(i.HAL_PWREx_EnableOverDrive)
    HAL_RCC_ClockConfig                      0x08004765   Thumb Code   368  stm32f4xx_hal_rcc.o(i.HAL_RCC_ClockConfig)
    HAL_RCC_GetHCLKFreq                      0x080048e9   Thumb Code     6  stm32f4xx_hal_rcc.o(i.HAL_RCC_GetHCLKFreq)
    HAL_RCC_GetPCLK1Freq                     0x080048f5   Thumb Code    22  stm32f4xx_hal_rcc.o(i.HAL_RCC_GetPCLK1Freq)
    HAL_RCC_GetPCLK2Freq                     0x08004915   Thumb Code    22  stm32f4xx_hal_rcc.o(i.HAL_RCC_GetPCLK2Freq)
    HAL_RCC_GetSysClockFreq                  0x08004935   Thumb Code   162  stm32f4xx_hal_rcc.o(i.HAL_RCC_GetSysClockFreq)
    HAL_RCC_OscConfig                        0x080049e5   Thumb Code  1172  stm32f4xx_hal_rcc.o(i.HAL_RCC_OscConfig)
    HAL_SYSTICK_Config                       0x08004e81   Thumb Code    52  stm32f4xx_hal_cortex.o(i.HAL_SYSTICK_Config)
    HAL_TIMEx_BreakCallback                  0x08004eb5   Thumb Code     2  stm32f4xx_hal_tim_ex.o(i.HAL_TIMEx_BreakCallback)
    HAL_TIMEx_CommutCallback                 0x08004eb7   Thumb Code     2  stm32f4xx_hal_tim_ex.o(i.HAL_TIMEx_CommutCallback)
    HAL_TIMEx_MasterConfigSynchronization    0x08004eb9   Thumb Code   150  stm32f4xx_hal_tim_ex.o(i.HAL_TIMEx_MasterConfigSynchronization)
    HAL_TIM_Base_Init                        0x08004f6d   Thumb Code   102  stm32f4xx_hal_tim.o(i.HAL_TIM_Base_Init)
    HAL_TIM_Base_MspInit                     0x08004fd5   Thumb Code    62  tim.o(i.HAL_TIM_Base_MspInit)
    HAL_TIM_Base_Start_IT                    0x0800501d   Thumb Code   138  stm32f4xx_hal_tim.o(i.HAL_TIM_Base_Start_IT)
    HAL_TIM_IC_CaptureCallback               0x080050c5   Thumb Code     2  stm32f4xx_hal_tim.o(i.HAL_TIM_IC_CaptureCallback)
    HAL_TIM_IRQHandler                       0x080050c7   Thumb Code   364  stm32f4xx_hal_tim.o(i.HAL_TIM_IRQHandler)
    HAL_TIM_OC_DelayElapsedCallback          0x08005233   Thumb Code     2  stm32f4xx_hal_tim.o(i.HAL_TIM_OC_DelayElapsedCallback)
    HAL_TIM_PWM_PulseFinishedCallback        0x08005235   Thumb Code     2  stm32f4xx_hal_tim.o(i.HAL_TIM_PWM_PulseFinishedCallback)
    HAL_TIM_PeriodElapsedCallback            0x08005239   Thumb Code    44  bsp_tim_isr.o(i.HAL_TIM_PeriodElapsedCallback)
    HAL_TIM_TriggerCallback                  0x08005269   Thumb Code     2  stm32f4xx_hal_tim.o(i.HAL_TIM_TriggerCallback)
    HAL_UARTEx_ReceiveToIdle_DMA             0x0800526b   Thumb Code   114  stm32f4xx_hal_uart.o(i.HAL_UARTEx_ReceiveToIdle_DMA)
    HAL_UARTEx_RxEventCallback               0x080052dd   Thumb Code    80  bsp_usart_isr.o(i.HAL_UARTEx_RxEventCallback)
    HAL_UART_ErrorCallback                   0x0800533d   Thumb Code     2  stm32f4xx_hal_uart.o(i.HAL_UART_ErrorCallback)
    HAL_UART_IRQHandler                      0x08005341   Thumb Code   740  stm32f4xx_hal_uart.o(i.HAL_UART_IRQHandler)
    HAL_UART_Init                            0x08005629   Thumb Code   118  stm32f4xx_hal_uart.o(i.HAL_UART_Init)
    HAL_UART_MspInit                         0x080056a1   Thumb Code   938  usart.o(i.HAL_UART_MspInit)
    HAL_UART_RxCpltCallback                  0x08005a95   Thumb Code     2  stm32f4xx_hal_uart.o(i.HAL_UART_RxCpltCallback)
    HAL_UART_RxHalfCpltCallback              0x08005a97   Thumb Code     2  stm32f4xx_hal_uart.o(i.HAL_UART_RxHalfCpltCallback)
    HAL_UART_Transmit_DMA                    0x08005a99   Thumb Code   128  stm32f4xx_hal_uart.o(i.HAL_UART_Transmit_DMA)
    HAL_UART_TxCpltCallback                  0x08005b25   Thumb Code     2  stm32f4xx_hal_uart.o(i.HAL_UART_TxCpltCallback)
    HAL_UART_TxHalfCpltCallback              0x08005b27   Thumb Code     2  stm32f4xx_hal_uart.o(i.HAL_UART_TxHalfCpltCallback)
    HardFault_Handler                        0x08005b29   Thumb Code     4  stm32f4xx_it.o(i.HardFault_Handler)
    Low_Pass_Filter                          0x08005cc5   Thumb Code    50  filter.o(i.Low_Pass_Filter)
    Low_Pass_Filter_Init                     0x08005cf7   Thumb Code    10  filter.o(i.Low_Pass_Filter_Init)
    MX_CAN1_Init                             0x08005d01   Thumb Code    64  can.o(i.MX_CAN1_Init)
    MX_CAN2_Init                             0x08005d49   Thumb Code    66  can.o(i.MX_CAN2_Init)
    MX_DMA_Init                              0x08005d95   Thumb Code   178  dma.o(i.MX_DMA_Init)
    MX_GPIO_Init                             0x08005e4d   Thumb Code   318  gpio.o(i.MX_GPIO_Init)
    MX_TIM7_Init                             0x08005f9d   Thumb Code    66  tim.o(i.MX_TIM7_Init)
    MX_UART8_Init                            0x08005fe9   Thumb Code    44  usart.o(i.MX_UART8_Init)
    MX_USART1_UART_Init                      0x08006021   Thumb Code    52  usart.o(i.MX_USART1_UART_Init)
    MX_USART3_UART_Init                      0x08006061   Thumb Code    46  usart.o(i.MX_USART3_UART_Init)
    MX_USART6_UART_Init                      0x08006099   Thumb Code    46  usart.o(i.MX_USART6_UART_Init)
    MemManage_Handler                        0x080060d1   Thumb Code     4  stm32f4xx_it.o(i.MemManage_Handler)
    Motor_3508_Calculat_Power                0x080060d5   Thumb Code   122  power.o(i.Motor_3508_Calculat_Power)
    MyUIInit                                 0x0800616d   Thumb Code    54  referee_task.o(i.MyUIInit)
    NMI_Handler                              0x080061a9   Thumb Code     4  stm32f4xx_it.o(i.NMI_Handler)
    PID_Init                                 0x080061ad   Thumb Code    88  pid.o(i.PID_Init)
    PID_Set                                  0x08006209   Thumb Code    58  pid.o(i.PID_Set)
    PendSV_Handler                           0x08006249   Thumb Code     2  stm32f4xx_it.o(i.PendSV_Handler)
    Power_Calculat_Damping_Coefficient       0x0800624d   Thumb Code    44  power.o(i.Power_Calculat_Damping_Coefficient)
    RefereeInit                              0x0800627d   Thumb Code    30  rm_referee.o(i.RefereeInit)
    RefereeSend                              0x080062a9   Thumb Code    18  rm_referee.o(i.RefereeSend)
    Referee_Get_Buffer                       0x080062c1   Thumb Code     4  rm_referee.o(i.Referee_Get_Buffer)
    Referee_Get_Instance                     0x080062c9   Thumb Code     4  rm_referee.o(i.Referee_Get_Instance)
    Referee_RX_Handle                        0x080062d1   Thumb Code    18  rm_referee.o(i.Referee_RX_Handle)
    Refresh_Fire_Flag                        0x080062e5   Thumb Code   184  referee_task.o(i.Refresh_Fire_Flag)
    Refresh_Instance                         0x080063c1   Thumb Code   140  referee_task.o(i.Refresh_Instance)
    Remote_Control_Set                       0x08006745   Thumb Code   186  robot_cmd.o(i.Remote_Control_Set)
    Robot_Cmd_Init                           0x08006819   Thumb Code    10  robot_cmd.o(i.Robot_Cmd_Init)
    Robot_Cmd_Task                           0x08006829   Thumb Code    26  robot_cmd.o(i.Robot_Cmd_Task)
    Robot_Cmd_Timing_Handle                  0x08006849   Thumb Code    20  robot_cmd.o(i.Robot_Cmd_Timing_Handle)
    SVC_Handler                              0x08006861   Thumb Code     2  stm32f4xx_it.o(i.SVC_Handler)
    Speed_Ramp_Init                          0x08006863   Thumb Code    14  speed_ramp.o(i.Speed_Ramp_Init)
    Super_Cap_Get_Data                       0x08006871   Thumb Code    34  super_cap.o(i.Super_Cap_Get_Data)
    Super_Cap_RX_Filter_Set                  0x08006895   Thumb Code   148  super_cap.o(i.Super_Cap_RX_Filter_Set)
    Super_Cap_Set_Power                      0x0800692d   Thumb Code    64  super_cap.o(i.Super_Cap_Set_Power)
    Super_Cap_init                           0x0800696d   Thumb Code    24  super_cap.o(i.Super_Cap_init)
    SysTick_Handler                          0x0800698d   Thumb Code     8  stm32f4xx_it.o(i.SysTick_Handler)
    SystemClock_Config                       0x08006995   Thumb Code   180  main.o(i.SystemClock_Config)
    SystemInit                               0x08006a51   Thumb Code    14  system_stm32f4xx.o(i.SystemInit)
    TIM7_IRQHandler                          0x08006a65   Thumb Code    10  stm32f4xx_it.o(i.TIM7_IRQHandler)
    TIM_Base_SetConfig                       0x08006a75   Thumb Code   186  stm32f4xx_hal_tim.o(i.TIM_Base_SetConfig)
    UART8_IRQHandler                         0x08006b5d   Thumb Code    10  stm32f4xx_it.o(i.UART8_IRQHandler)
    UART_Start_Receive_DMA                   0x080070e9   Thumb Code   186  stm32f4xx_hal_uart.o(i.UART_Start_Receive_DMA)
    UICharDraw                               0x08007211   Thumb Code   200  referee_ui.o(i.UICharDraw)
    UICharRefresh                            0x080072d9   Thumb Code   126  referee_ui.o(i.UICharRefresh)
    UIDelete                                 0x08007361   Thumb Code   120  referee_ui.o(i.UIDelete)
    UIGraphRefresh                           0x080073e1   Thumb Code   244  referee_ui.o(i.UIGraphRefresh)
    UIIntDraw                                0x080074dd   Thumb Code   218  referee_ui.o(i.UIIntDraw)
    UILineDraw                               0x080075b7   Thumb Code   200  referee_ui.o(i.UILineDraw)
    UITaskInit                               0x08007681   Thumb Code    26  referee_task.o(i.UITaskInit)
    UI_Task                                  0x080076ad   Thumb Code   184  referee_task.o(i.UI_Task)
    UI_Task_Timing                           0x08007779   Thumb Code    20  referee_task.o(i.UI_Task_Timing)
    USART1_IRQHandler                        0x08007791   Thumb Code    10  stm32f4xx_it.o(i.USART1_IRQHandler)
    USART3_IRQHandler                        0x080077a1   Thumb Code    10  stm32f4xx_it.o(i.USART3_IRQHandler)
    USART6_IRQHandler                        0x080077b1   Thumb Code    10  stm32f4xx_it.o(i.USART6_IRQHandler)
    UsageFault_Handler                       0x080077c1   Thumb Code     4  stm32f4xx_it.o(i.UsageFault_Handler)
    Verify_CRC16_Check_Sum                   0x080077c5   Thumb Code    60  crc_ref.o(i.Verify_CRC16_Check_Sum)
    Verify_CRC8_Check_Sum                    0x08007805   Thumb Code    48  crc_ref.o(i.Verify_CRC8_Check_Sum)
    Vofa_Get_RX_Value                        0x08007835   Thumb Code    30  vofa.o(i.Vofa_Get_RX_Value)
    Vofa_Init                                0x0800785d   Thumb Code   150  vofa.o(i.Vofa_Init)
    Vofa_Receive_Enabled                     0x080079bd   Thumb Code    22  vofa.o(i.Vofa_Receive_Enabled)
    Vofa_Receive_Handle                      0x080079d9   Thumb Code   168  vofa.o(i.Vofa_Receive_Handle)
    Vofa_Set_TX_Value                        0x08007acd   Thumb Code    14  vofa.o(i.Vofa_Set_TX_Value)
    Vofa_Timing_Handle                       0x08007ae1   Thumb Code    22  vofa.o(i.Vofa_Timing_Handle)
    Vofa_Transmit                            0x08007afd   Thumb Code    14  vofa.o(i.Vofa_Transmit)
    __0vsprintf                              0x08007b15   Thumb Code    30  printfa.o(i.__0vsprintf)
    __1vsprintf                              0x08007b15   Thumb Code     0  printfa.o(i.__0vsprintf)
    __2vsprintf                              0x08007b15   Thumb Code     0  printfa.o(i.__0vsprintf)
    __c89vsprintf                            0x08007b15   Thumb Code     0  printfa.o(i.__0vsprintf)
    vsprintf                                 0x08007b15   Thumb Code     0  printfa.o(i.__0vsprintf)
    __ARM_fpclassify                         0x08007b39   Thumb Code    48  fpclassify.o(i.__ARM_fpclassify)
    __hardfp_atof                            0x08007ba1   Thumb Code    44  atof.o(i.__hardfp_atof)
    __hardfp_cos                             0x08007bd9   Thumb Code   180  cos.o(i.__hardfp_cos)
    __hardfp_fabs                            0x08007ca1   Thumb Code    20  fabs.o(i.__hardfp_fabs)
    __hardfp_fminf                           0x08007cb5   Thumb Code    72  fminf.o(i.__hardfp_fminf)
    __hardfp_sin                             0x08007d01   Thumb Code   180  sin.o(i.__hardfp_sin)
    __ieee754_rem_pio2                       0x08007dc9   Thumb Code   938  rred.o(i.__ieee754_rem_pio2)
    __kernel_cos                             0x08008201   Thumb Code   322  cos_i.o(i.__kernel_cos)
    __kernel_poly                            0x08008371   Thumb Code   248  poly.o(i.__kernel_poly)
    __kernel_sin                             0x08008469   Thumb Code   280  sin_i.o(i.__kernel_sin)
    __mathlib_dbl_infnan                     0x08008599   Thumb Code    20  dunder.o(i.__mathlib_dbl_infnan)
    __mathlib_dbl_invalid                    0x080085b1   Thumb Code    24  dunder.o(i.__mathlib_dbl_invalid)
    __mathlib_dbl_underflow                  0x080085d1   Thumb Code    24  dunder.o(i.__mathlib_dbl_underflow)
    __read_errno                             0x080085f1   Thumb Code     6  errno.o(i.__read_errno)
    __scatterload_copy                       0x080085fd   Thumb Code    14  handlers.o(i.__scatterload_copy)
    __scatterload_null                       0x0800860b   Thumb Code     2  handlers.o(i.__scatterload_null)
    __scatterload_zeroinit                   0x0800860d   Thumb Code    14  handlers.o(i.__scatterload_zeroinit)
    __set_errno                              0x0800861d   Thumb Code     6  errno.o(i.__set_errno)
    _is_digit                                0x0800878d   Thumb Code    14  scanf_fp.o(i._is_digit)
    calculateYawAngle                        0x08008ed5   Thumb Code   328  chassis.o(i.calculateYawAngle)
    fabs                                     0x08009069   Thumb Code    24  fabs.o(i.fabs)
    main                                     0x08009081   Thumb Code    56  main.o(i.main)
    pid_error_input                          0x080090b9   Thumb Code   304  pid.o(i.pid_error_input)
    uint_to_float                            0x080091f5   Thumb Code    52  dm_motor.o(i.uint_to_float)
    TX_JustFloat_Tail                        0x08009228   Data           4  vofa.o(.constdata)
    AHBPrescTable                            0x08009234   Data          16  system_stm32f4xx.o(.constdata)
    APBPrescTable                            0x08009244   Data           8  system_stm32f4xx.o(.constdata)
    CRC8_INIT                                0x0800924c   Data           1  crc_ref.o(.constdata)
    CRC8_TAB                                 0x0800924d   Data         256  crc_ref.o(.constdata)
    wCRC_Table                               0x0800934e   Data         512  crc_ref.o(.constdata)
    __ctype_categories                       0x08009670   Data          64  ctype_c.o(.constdata)
    Region$$Table$$Base                      0x080096b0   Number         0  anon$$obj.o(Region$$Table)
    Region$$Table$$Limit                     0x080096d0   Number         0  anon$$obj.o(Region$$Table)
    Test                                     0x20000004   Data           2  app.o(.data)
    DM_Angle_Test                            0x20000008   Data           4  app.o(.data)
    OMEGA_VALUE                              0x2000000c   Data           4  chassis.o(.data)
    Gimbal_Yaw_Angle_Offset                  0x20000010   Data           4  chassis.o(.data)
    Gimbal_Yaw_Relative_Angle                0x20000014   Data           4  chassis.o(.data)
    Chassis_Control_Data                     0x2000001c   Data           8  robot_cmd.o(.data)
    Gimbal_Tx_Data                           0x20000024   Data           7  robot_cmd.o(.data)
    Motor_Group                              0x2000002c   Data          38  dji_motor.o(.data)
    Speed_Tar                                0x20000054   Data           4  dji_motor.o(.data)
    Speed_err                                0x20000058   Data           4  dji_motor.o(.data)
    Speed_out                                0x2000005c   Data           4  dji_motor.o(.data)
    Error_Data                               0x20000060   Data           1  dji_motor.o(.data)
    CAN_Comm_RX_Down_Board_Buffer            0x20000061   Data           8  can_comm.o(.data)
    Down_Board                               0x20000069   Data          17  can_comm.o(.data)
    Bsp_CAN1_Fifo0_RX_Data                   0x2000007a   Data           8  bsp_can.o(.data)
    Bsp_CAN1_Fifo1_RX_Data                   0x20000082   Data           8  bsp_can.o(.data)
    Bsp_CAN2_Fifo1_RX_Data                   0x2000008a   Data           8  bsp_can.o(.data)
    USART6_TX_Buffer                         0x20000092   Data          16  bsp_usart.o(.data)
    uwTick                                   0x200000a4   Data           4  stm32f4xx_hal.o(.data)
    uwTickPrio                               0x200000a8   Data           4  stm32f4xx_hal.o(.data)
    uwTickFreq                               0x200000ac   Data           1  stm32f4xx_hal.o(.data)
    SystemCoreClock                          0x200000b0   Data           4  system_stm32f4xx.o(.data)
    CRC_INIT                                 0x200000b4   Data           2  crc_ref.o(.data)
    ui_data                                  0x200000c0   Data           1  referee_task.o(.data)
    UI_Seq                                   0x200000c1   Data           1  referee_task.o(.data)
    UI_Instance                              0x200000c2   Data           4  referee_task.o(.data)
    hcan1                                    0x200000f4   Data          40  can.o(.bss)
    hcan2                                    0x2000011c   Data          40  can.o(.bss)
    htim7                                    0x20000144   Data          72  tim.o(.bss)
    huart8                                   0x2000018c   Data          72  usart.o(.bss)
    huart1                                   0x200001d4   Data          72  usart.o(.bss)
    huart3                                   0x2000021c   Data          72  usart.o(.bss)
    huart6                                   0x20000264   Data          72  usart.o(.bss)
    hdma_uart8_rx                            0x200002ac   Data          96  usart.o(.bss)
    hdma_uart8_tx                            0x2000030c   Data          96  usart.o(.bss)
    hdma_usart1_rx                           0x2000036c   Data          96  usart.o(.bss)
    hdma_usart3_rx                           0x200003cc   Data          96  usart.o(.bss)
    hdma_usart3_tx                           0x2000042c   Data          96  usart.o(.bss)
    hdma_usart6_rx                           0x2000048c   Data          96  usart.o(.bss)
    hdma_usart6_tx                           0x200004ec   Data          96  usart.o(.bss)
    Chassis                                  0x2000054c   Data         556  chassis.o(.bss)
    Chassis_Str                              0x20000778   Data         100  chassis.o(.bss)
    Robot_Cmd                                0x200007dc   Data          12  robot_cmd.o(.bss)
    DJI_DR16_Buffer                          0x200007e8   Data          36  dji_dr16.o(.bss)
    DJI_DR16_Data                            0x2000080c   Data          48  dji_dr16.o(.bss)
    DJI_MGRP1_RX_Data                        0x2000083c   Data         128  dji_motor.o(.bss)
    DJI_MGRP2_RX_Data                        0x200008bc   Data          64  dji_motor.o(.bss)
    Motor_Pid1                               0x200008fc   Data          60  dji_motor.o(.bss)
    Motor_str                                0x20000938   Data         100  dji_motor.o(.bss)
    Vofa_Data                                0x2000099c   Data         183  vofa.o(.bss)
    Vofa_Send_Buffer                         0x20000a53   Data         100  vofa.o(.bss)
    DM_Motor_4310                            0x20000ab7   Data          55  dm_motor.o(.bss)
    CH104_IMU_USART_Buffer                   0x20000aee   Data          82  ch104_imu_usart.o(.bss)
    CH104_IMU_USART                          0x20000b40   Data          88  ch104_imu_usart.o(.bss)
    Super_Cap                                0x20000b98   Data          16  super_cap.o(.bss)
    USART6_RX_Buffer                         0x20000ba8   Data         100  bsp_usart.o(.bss)
    RE_RX_Buffer                             0x2000101b   Data         255  rm_referee.o(.bss)
    referee_info                             0x2000111a   Data         125  rm_referee.o(.bss)
    __initial_sp                             0x20001598   Data           0  startup_stm32f427xx.o(STACK)



==============================================================================

Memory Map of the image

  Image Entry point : 0x080001ad

  Load Region LR_IROM1 (Base: 0x08000000, Size: 0x000097c4, Max: 0x00200000, ABSOLUTE)

    Execution Region ER_IROM1 (Exec base: 0x08000000, Load base: 0x08000000, Size: 0x000096d0, Max: 0x00200000, ABSOLUTE)

    Exec Addr    Load Addr    Size         Type   Attr      Idx    E Section Name        Object

    0x08000000   0x08000000   0x000001ac   Data   RO         4738    RESET               startup_stm32f427xx.o
    0x080001ac   0x080001ac   0x00000000   Code   RO         5103  * .ARM.Collect$$$$00000000  mc_w.l(entry.o)
    0x080001ac   0x080001ac   0x00000004   Code   RO         5188    .ARM.Collect$$$$00000001  mc_w.l(entry2.o)
    0x080001b0   0x080001b0   0x00000004   Code   RO         5191    .ARM.Collect$$$$00000004  mc_w.l(entry5.o)
    0x080001b4   0x080001b4   0x00000000   Code   RO         5193    .ARM.Collect$$$$00000008  mc_w.l(entry7b.o)
    0x080001b4   0x080001b4   0x00000000   Code   RO         5195    .ARM.Collect$$$$0000000A  mc_w.l(entry8b.o)
    0x080001b4   0x080001b4   0x00000008   Code   RO         5196    .ARM.Collect$$$$0000000B  mc_w.l(entry9a.o)
    0x080001bc   0x080001bc   0x00000000   Code   RO         5198    .ARM.Collect$$$$0000000D  mc_w.l(entry10a.o)
    0x080001bc   0x080001bc   0x00000000   Code   RO         5200    .ARM.Collect$$$$0000000F  mc_w.l(entry11a.o)
    0x080001bc   0x080001bc   0x00000004   Code   RO         5189    .ARM.Collect$$$$00002712  mc_w.l(entry2.o)
    0x080001c0   0x080001c0   0x00000024   Code   RO         4739    .text               startup_stm32f427xx.o
    0x080001e4   0x080001e4   0x00000062   Code   RO         5106    .text               mc_w.l(uldiv.o)
    0x08000246   0x08000246   0x00000024   Code   RO         5108    .text               mc_w.l(memcpya.o)
    0x0800026a   0x0800026a   0x00000024   Code   RO         5110    .text               mc_w.l(memseta.o)
    0x0800028e   0x0800028e   0x00000024   Code   RO         5112    .text               mc_w.l(strstr.o)
    0x080002b2   0x080002b2   0x0000000e   Code   RO         5114    .text               mc_w.l(strlen.o)
    0x080002c0   0x080002c0   0x0000014e   Code   RO         5146    .text               mf_w.l(dadd.o)
    0x0800040e   0x0800040e   0x000000e4   Code   RO         5148    .text               mf_w.l(dmul.o)
    0x080004f2   0x080004f2   0x000000de   Code   RO         5150    .text               mf_w.l(ddiv.o)
    0x080005d0   0x080005d0   0x00000022   Code   RO         5152    .text               mf_w.l(dflti.o)
    0x080005f2   0x080005f2   0x00000026   Code   RO         5154    .text               mf_w.l(f2d.o)
    0x08000618   0x08000618   0x00000030   Code   RO         5156    .text               mf_w.l(cdrcmple.o)
    0x08000648   0x08000648   0x00000038   Code   RO         5158    .text               mf_w.l(d2f.o)
    0x08000680   0x08000680   0x0000002c   Code   RO         5205    .text               mc_w.l(uidiv.o)
    0x080006ac   0x080006ac   0x0000001e   Code   RO         5207    .text               mc_w.l(llshl.o)
    0x080006ca   0x080006ca   0x00000020   Code   RO         5209    .text               mc_w.l(llushr.o)
    0x080006ea   0x080006ea   0x00000024   Code   RO         5211    .text               mc_w.l(llsshr.o)
    0x0800070e   0x0800070e   0x00000002   PAD
    0x08000710   0x08000710   0x0000009c   Code   RO         5220    .text               mc_w.l(strtod.o)
    0x080007ac   0x080007ac   0x00000000   Code   RO         5222    .text               mc_w.l(iusefp.o)
    0x080007ac   0x080007ac   0x0000006e   Code   RO         5223    .text               mf_w.l(fepilogue.o)
    0x0800081a   0x0800081a   0x000000ba   Code   RO         5225    .text               mf_w.l(depilogue.o)
    0x080008d4   0x080008d4   0x00000030   Code   RO         5229    .text               mf_w.l(dfixul.o)
    0x08000904   0x08000904   0x00000036   Code   RO         5231    .text               mf_w.l(fcmp4.o)
    0x0800093a   0x0800093a   0x00000002   PAD
    0x0800093c   0x0800093c   0x00000024   Code   RO         5237    .text               mc_w.l(init.o)
    0x08000960   0x08000960   0x0000000a   Code   RO         5240    .text               mc_w.l(isspace_c.o)
    0x0800096a   0x0800096a   0x00000002   PAD
    0x0800096c   0x0800096c   0x00000338   Code   RO         5242    .text               mc_w.l(scanf_fp.o)
    0x08000ca4   0x08000ca4   0x00000040   Code   RO         5246    .text               mc_w.l(_sgetc.o)
    0x08000ce4   0x08000ce4   0x0000001a   Code   RO         5249    .text               mf_w.l(dfltui.o)
    0x08000cfe   0x08000cfe   0x0000003e   Code   RO         5251    .text               mf_w.l(dfixi.o)
    0x08000d3c   0x08000d3c   0x00000028   Code   RO         5253    .text               mc_w.l(ctype_c.o)
    0x08000d64   0x08000d64   0x00000018   Code   RO         5256    .text               mf_w.l(dfltul.o)
    0x08000d7c   0x08000d7c   0x00000058   Code   RO          546    i.App_Init          app.o
    0x08000dd4   0x08000dd4   0x00000034   Code   RO          547    i.App_Run           app.o
    0x08000e08   0x08000e08   0x00000030   Code   RO         4743    i.Append_CRC16_Check_Sum  crc_ref.o
    0x08000e38   0x08000e38   0x00000124   Code   RO         1605    i.Apply_Speed_Ramp  speed_ramp.o
    0x08000f5c   0x08000f5c   0x00000010   Code   RO         1718    i.BSP_TIM_Init      bsp_tim.o
    0x08000f6c   0x08000f6c   0x00000038   Code   RO         1777    i.BSP_USART_Init    bsp_usart.o
    0x08000fa4   0x08000fa4   0x00000028   Code   RO         1648    i.Bsp_CAN_Init      bsp_can.o
    0x08000fcc   0x08000fcc   0x00000040   Code   RO         1649    i.Bsp_CAN_RX_Filter_Set  bsp_can.o
    0x0800100c   0x0800100c   0x00000004   Code   RO          362    i.BusFault_Handler  stm32f4xx_it.o
    0x08001010   0x08001010   0x00000010   Code   RO          363    i.CAN1_RX0_IRQHandler  stm32f4xx_it.o
    0x08001020   0x08001020   0x00000010   Code   RO          364    i.CAN2_RX1_IRQHandler  stm32f4xx_it.o
    0x08001030   0x08001030   0x00000006   Code   RO         1403    i.CAN_Comm_Get_RX_Data  can_comm.o
    0x08001036   0x08001036   0x00000010   Code   RO         1404    i.CAN_Comm_Get_State  can_comm.o
    0x08001046   0x08001046   0x00000008   Code   RO         1405    i.CAN_Comm_Init     can_comm.o
    0x0800104e   0x0800104e   0x00000002   PAD
    0x08001050   0x08001050   0x00000038   Code   RO         1406    i.CAN_Comm_RX_Callback  can_comm.o
    0x08001088   0x08001088   0x0000009c   Code   RO         1407    i.CAN_Comm_RX_Filter_Set  can_comm.o
    0x08001124   0x08001124   0x0000002c   Code   RO         1408    i.CAN_Comm_TX_Send_Data  can_comm.o
    0x08001150   0x08001150   0x00000018   Code   RO         1409    i.CAN_Comm_Timing_Handle  can_comm.o
    0x08001168   0x08001168   0x00000008   Code   RO         1334    i.CH104_IMU_USART_Get_Buffer  ch104_imu_usart.o
    0x08001170   0x08001170   0x00000058   Code   RO         1335    i.CH104_IMU_USART_Get_Data  ch104_imu_usart.o
    0x080011c8   0x080011c8   0x0000002c   Code   RO         1337    i.CH104_IMU_USART_Init  ch104_imu_usart.o
    0x080011f4   0x080011f4   0x00000014   Code   RO         1338    i.CH104_IMU_USART_RX_Handle  ch104_imu_usart.o
    0x08001208   0x08001208   0x00000038   Code   RO         1339    i.CH104_IMU_USART_Timing_Handle  ch104_imu_usart.o
    0x08001240   0x08001240   0x00000064   Code   RO         1517    i.Calculat_Power_Sum  power.o
    0x080012a4   0x080012a4   0x0000001c   Code   RO         4799    i.Calculate_Scale_y  referee_task.o
    0x080012c0   0x080012c0   0x00000010   Code   RO          657    i.Chassis_Control   chassis.o
    0x080012d0   0x080012d0   0x0000025c   Code   RO          658    i.Chassis_Forward_Kinematics  chassis.o
    0x0800152c   0x0800152c   0x00000080   Code   RO          659    i.Chassis_Get_Referee_Power_Mx_Limit  chassis.o
    0x080015ac   0x080015ac   0x000000ac   Code   RO          660    i.Chassis_Gimbal_Yaw_Err_Dz_Control  chassis.o
    0x08001658   0x08001658   0x000001ec   Code   RO          661    i.Chassis_Init      chassis.o
    0x08001844   0x08001844   0x0000008c   Code   RO          662    i.Chassis_Level_Control  chassis.o
    0x080018d0   0x080018d0   0x0000022c   Code   RO          663    i.Chassis_Power_Control  chassis.o
    0x08001afc   0x08001afc   0x0000000c   Code   RO          664    i.Chassis_Set_Mode  chassis.o
    0x08001b08   0x08001b08   0x0000000c   Code   RO          665    i.Chassis_Set_Power_Mode  chassis.o
    0x08001b14   0x08001b14   0x00000a84   Code   RO          666    i.Chassis_Task      chassis.o
    0x08002598   0x08002598   0x00000018   Code   RO          667    i.Chassis_Timing_Handle  chassis.o
    0x080025b0   0x080025b0   0x00000268   Code   RO          829    i.DJI_DR16_Data_Process  dji_dr16.o
    0x08002818   0x08002818   0x00000008   Code   RO          830    i.DJI_DR16_Get_Buffer  dji_dr16.o
    0x08002820   0x08002820   0x0000002c   Code   RO          831    i.DJI_DR16_Init     dji_dr16.o
    0x0800284c   0x0800284c   0x00000002   Code   RO          889    i.DJI_Motor_Data_Init  dji_motor.o
    0x0800284e   0x0800284e   0x00000002   PAD
    0x08002850   0x08002850   0x000000a8   Code   RO          890    i.DJI_Motor_Get_Angle_Sum  dji_motor.o
    0x080028f8   0x080028f8   0x00000088   Code   RO          891    i.DJI_Motor_Get_Data  dji_motor.o
    0x08002980   0x08002980   0x00000018   Code   RO          893    i.DJI_Motor_Init    dji_motor.o
    0x08002998   0x08002998   0x00000128   Code   RO          894    i.DJI_Motor_RX_Filter_Set  dji_motor.o
    0x08002ac0   0x08002ac0   0x00000098   Code   RO          895    i.DJI_Motor_Set_Current  dji_motor.o
    0x08002b58   0x08002b58   0x0000007c   Code   RO          896    i.DJI_Motor_Set_Current_Value  dji_motor.o
    0x08002bd4   0x08002bd4   0x000000fc   Code   RO          897    i.DJI_Motor_Set_Ret  dji_motor.o
    0x08002cd0   0x08002cd0   0x00000044   Code   RO          898    i.DJI_Motor_Timing_Handle  dji_motor.o
    0x08002d14   0x08002d14   0x00000010   Code   RO          365    i.DMA1_Stream0_IRQHandler  stm32f4xx_it.o
    0x08002d24   0x08002d24   0x00000010   Code   RO          366    i.DMA1_Stream1_IRQHandler  stm32f4xx_it.o
    0x08002d34   0x08002d34   0x00000010   Code   RO          367    i.DMA1_Stream3_IRQHandler  stm32f4xx_it.o
    0x08002d44   0x08002d44   0x00000010   Code   RO          368    i.DMA1_Stream6_IRQHandler  stm32f4xx_it.o
    0x08002d54   0x08002d54   0x00000010   Code   RO          369    i.DMA2_Stream1_IRQHandler  stm32f4xx_it.o
    0x08002d64   0x08002d64   0x00000010   Code   RO          370    i.DMA2_Stream2_IRQHandler  stm32f4xx_it.o
    0x08002d74   0x08002d74   0x00000010   Code   RO          371    i.DMA2_Stream6_IRQHandler  stm32f4xx_it.o
    0x08002d84   0x08002d84   0x00000034   Code   RO         2631    i.DMA_CalcBaseAndBitshift  stm32f4xx_hal_dma.o
    0x08002db8   0x08002db8   0x000000aa   Code   RO         2632    i.DMA_CheckFifoParam  stm32f4xx_hal_dma.o
    0x08002e62   0x08002e62   0x0000002c   Code   RO         2633    i.DMA_SetConfig     stm32f4xx_hal_dma.o
    0x08002e8e   0x08002e8e   0x00000002   PAD
    0x08002e90   0x08002e90   0x000000a8   Code   RO         1206    i.DM_Motor_Get_Angle_Sum  dm_motor.o
    0x08002f38   0x08002f38   0x00000056   Code   RO         1207    i.DM_Motor_Get_Data  dm_motor.o
    0x08002f8e   0x08002f8e   0x00000002   PAD
    0x08002f90   0x08002f90   0x00000020   Code   RO         1208    i.DM_Motor_Init     dm_motor.o
    0x08002fb0   0x08002fb0   0x00000098   Code   RO         1209    i.DM_Motor_RX_Filter_Set  dm_motor.o
    0x08003048   0x08003048   0x000000cc   Code   RO         1216    i.DM_Motor_Set_Ret  dm_motor.o
    0x08003114   0x08003114   0x00000020   Code   RO          833    i.DR16_RX_Handle    dji_dr16.o
    0x08003134   0x08003134   0x00000018   Code   RO          834    i.DR16_Timing_Handle  dji_dr16.o
    0x0800314c   0x0800314c   0x00000002   Code   RO          372    i.DebugMon_Handler  stm32f4xx_it.o
    0x0800314e   0x0800314e   0x00000002   PAD
    0x08003150   0x08003150   0x00000038   Code   RO         4800    i.DeterminRobotID   referee_task.o
    0x08003188   0x08003188   0x00000134   Code   RO         4801    i.DrawEnergyBar     referee_task.o
    0x080032bc   0x080032bc   0x00000006   Code   RO            4    i.Error_Handler     main.o
    0x080032c2   0x080032c2   0x00000088   Code   RO         1018    i.Find_Para_Number  vofa.o
    0x0800334a   0x0800334a   0x00000034   Code   RO         1019    i.Find_Para_Str     vofa.o
    0x0800337e   0x0800337e   0x00000002   PAD
    0x08003380   0x08003380   0x00000034   Code   RO         4745    i.Get_CRC16_Check_Sum  crc_ref.o
    0x080033b4   0x080033b4   0x00000024   Code   RO         4746    i.Get_CRC8_Check_Sum  crc_ref.o
    0x080033d8   0x080033d8   0x0000002a   Code   RO         1837    i.HAL_CAN_ActivateNotification  stm32f4xx_hal_can.o
    0x08003402   0x08003402   0x0000014a   Code   RO         1838    i.HAL_CAN_AddTxMessage  stm32f4xx_hal_can.o
    0x0800354c   0x0800354c   0x00000124   Code   RO         1839    i.HAL_CAN_ConfigFilter  stm32f4xx_hal_can.o
    0x08003670   0x08003670   0x00000002   Code   RO         1842    i.HAL_CAN_ErrorCallback  stm32f4xx_hal_can.o
    0x08003672   0x08003672   0x00000194   Code   RO         1845    i.HAL_CAN_GetRxMessage  stm32f4xx_hal_can.o
    0x08003806   0x08003806   0x0000024e   Code   RO         1849    i.HAL_CAN_IRQHandler  stm32f4xx_hal_can.o
    0x08003a54   0x08003a54   0x00000174   Code   RO         1850    i.HAL_CAN_Init      stm32f4xx_hal_can.o
    0x08003bc8   0x08003bc8   0x00000164   Code   RO          188    i.HAL_CAN_MspInit   can.o
    0x08003d2c   0x08003d2c   0x00000002   Code   RO         1857    i.HAL_CAN_RxFifo0FullCallback  stm32f4xx_hal_can.o
    0x08003d2e   0x08003d2e   0x00000002   PAD
    0x08003d30   0x08003d30   0x00000054   Code   RO         1684    i.HAL_CAN_RxFifo0MsgPendingCallback  bsp_can_isr.o
    0x08003d84   0x08003d84   0x00000002   Code   RO         1859    i.HAL_CAN_RxFifo1FullCallback  stm32f4xx_hal_can.o
    0x08003d86   0x08003d86   0x00000002   PAD
    0x08003d88   0x08003d88   0x00000048   Code   RO         1685    i.HAL_CAN_RxFifo1MsgPendingCallback  bsp_can_isr.o
    0x08003dd0   0x08003dd0   0x00000002   Code   RO         1861    i.HAL_CAN_SleepCallback  stm32f4xx_hal_can.o
    0x08003dd2   0x08003dd2   0x0000005e   Code   RO         1862    i.HAL_CAN_Start     stm32f4xx_hal_can.o
    0x08003e30   0x08003e30   0x00000002   Code   RO         1864    i.HAL_CAN_TxMailbox0AbortCallback  stm32f4xx_hal_can.o
    0x08003e32   0x08003e32   0x00000002   Code   RO         1865    i.HAL_CAN_TxMailbox0CompleteCallback  stm32f4xx_hal_can.o
    0x08003e34   0x08003e34   0x00000002   Code   RO         1866    i.HAL_CAN_TxMailbox1AbortCallback  stm32f4xx_hal_can.o
    0x08003e36   0x08003e36   0x00000002   Code   RO         1867    i.HAL_CAN_TxMailbox1CompleteCallback  stm32f4xx_hal_can.o
    0x08003e38   0x08003e38   0x00000002   Code   RO         1868    i.HAL_CAN_TxMailbox2AbortCallback  stm32f4xx_hal_can.o
    0x08003e3a   0x08003e3a   0x00000002   Code   RO         1869    i.HAL_CAN_TxMailbox2CompleteCallback  stm32f4xx_hal_can.o
    0x08003e3c   0x08003e3c   0x00000002   Code   RO         1871    i.HAL_CAN_WakeUpFromRxMsgCallback  stm32f4xx_hal_can.o
    0x08003e3e   0x08003e3e   0x000000ac   Code   RO         2634    i.HAL_DMA_Abort     stm32f4xx_hal_dma.o
    0x08003eea   0x08003eea   0x00000028   Code   RO         2635    i.HAL_DMA_Abort_IT  stm32f4xx_hal_dma.o
    0x08003f12   0x08003f12   0x00000002   PAD
    0x08003f14   0x08003f14   0x00000240   Code   RO         2639    i.HAL_DMA_IRQHandler  stm32f4xx_hal_dma.o
    0x08004154   0x08004154   0x000000ec   Code   RO         2640    i.HAL_DMA_Init      stm32f4xx_hal_dma.o
    0x08004240   0x08004240   0x00000092   Code   RO         2644    i.HAL_DMA_Start_IT  stm32f4xx_hal_dma.o
    0x080042d2   0x080042d2   0x00000002   PAD
    0x080042d4   0x080042d4   0x00000028   Code   RO         3082    i.HAL_Delay         stm32f4xx_hal.o
    0x080042fc   0x080042fc   0x00000210   Code   RO         2527    i.HAL_GPIO_Init     stm32f4xx_hal_gpio.o
    0x0800450c   0x0800450c   0x0000000c   Code   RO         2531    i.HAL_GPIO_WritePin  stm32f4xx_hal_gpio.o
    0x08004518   0x08004518   0x0000000c   Code   RO         3090    i.HAL_GetTick       stm32f4xx_hal.o
    0x08004524   0x08004524   0x00000018   Code   RO         3096    i.HAL_IncTick       stm32f4xx_hal.o
    0x0800453c   0x0800453c   0x0000003c   Code   RO         3097    i.HAL_Init          stm32f4xx_hal.o
    0x08004578   0x08004578   0x0000004c   Code   RO         3098    i.HAL_InitTick      stm32f4xx_hal.o
    0x080045c4   0x080045c4   0x00000048   Code   RO          522    i.HAL_MspInit       stm32f4xx_hal_msp.o
    0x0800460c   0x0800460c   0x00000028   Code   RO         2935    i.HAL_NVIC_EnableIRQ  stm32f4xx_hal_cortex.o
    0x08004634   0x08004634   0x0000007c   Code   RO         2941    i.HAL_NVIC_SetPriority  stm32f4xx_hal_cortex.o
    0x080046b0   0x080046b0   0x00000028   Code   RO         2942    i.HAL_NVIC_SetPriorityGrouping  stm32f4xx_hal_cortex.o
    0x080046d8   0x080046d8   0x0000008c   Code   RO         2863    i.HAL_PWREx_EnableOverDrive  stm32f4xx_hal_pwr_ex.o
    0x08004764   0x08004764   0x00000184   Code   RO         2071    i.HAL_RCC_ClockConfig  stm32f4xx_hal_rcc.o
    0x080048e8   0x080048e8   0x0000000c   Code   RO         2076    i.HAL_RCC_GetHCLKFreq  stm32f4xx_hal_rcc.o
    0x080048f4   0x080048f4   0x00000020   Code   RO         2078    i.HAL_RCC_GetPCLK1Freq  stm32f4xx_hal_rcc.o
    0x08004914   0x08004914   0x00000020   Code   RO         2079    i.HAL_RCC_GetPCLK2Freq  stm32f4xx_hal_rcc.o
    0x08004934   0x08004934   0x000000b0   Code   RO         2080    i.HAL_RCC_GetSysClockFreq  stm32f4xx_hal_rcc.o
    0x080049e4   0x080049e4   0x0000049c   Code   RO         2083    i.HAL_RCC_OscConfig  stm32f4xx_hal_rcc.o
    0x08004e80   0x08004e80   0x00000034   Code   RO         2946    i.HAL_SYSTICK_Config  stm32f4xx_hal_cortex.o
    0x08004eb4   0x08004eb4   0x00000002   Code   RO         4062    i.HAL_TIMEx_BreakCallback  stm32f4xx_hal_tim_ex.o
    0x08004eb6   0x08004eb6   0x00000002   Code   RO         4063    i.HAL_TIMEx_CommutCallback  stm32f4xx_hal_tim_ex.o
    0x08004eb8   0x08004eb8   0x000000b4   Code   RO         4081    i.HAL_TIMEx_MasterConfigSynchronization  stm32f4xx_hal_tim_ex.o
    0x08004f6c   0x08004f6c   0x00000066   Code   RO         3347    i.HAL_TIM_Base_Init  stm32f4xx_hal_tim.o
    0x08004fd2   0x08004fd2   0x00000002   PAD
    0x08004fd4   0x08004fd4   0x00000048   Code   RO          261    i.HAL_TIM_Base_MspInit  tim.o
    0x0800501c   0x0800501c   0x000000a8   Code   RO         3352    i.HAL_TIM_Base_Start_IT  stm32f4xx_hal_tim.o
    0x080050c4   0x080050c4   0x00000002   Code   RO         3381    i.HAL_TIM_IC_CaptureCallback  stm32f4xx_hal_tim.o
    0x080050c6   0x080050c6   0x0000016c   Code   RO         3395    i.HAL_TIM_IRQHandler  stm32f4xx_hal_tim.o
    0x08005232   0x08005232   0x00000002   Code   RO         3398    i.HAL_TIM_OC_DelayElapsedCallback  stm32f4xx_hal_tim.o
    0x08005234   0x08005234   0x00000002   Code   RO         3425    i.HAL_TIM_PWM_PulseFinishedCallback  stm32f4xx_hal_tim.o
    0x08005236   0x08005236   0x00000002   PAD
    0x08005238   0x08005238   0x00000030   Code   RO         1745    i.HAL_TIM_PeriodElapsedCallback  bsp_tim_isr.o
    0x08005268   0x08005268   0x00000002   Code   RO         3438    i.HAL_TIM_TriggerCallback  stm32f4xx_hal_tim.o
    0x0800526a   0x0800526a   0x00000072   Code   RO         4339    i.HAL_UARTEx_ReceiveToIdle_DMA  stm32f4xx_hal_uart.o
    0x080052dc   0x080052dc   0x00000060   Code   RO         1808    i.HAL_UARTEx_RxEventCallback  bsp_usart_isr.o
    0x0800533c   0x0800533c   0x00000002   Code   RO         4355    i.HAL_UART_ErrorCallback  stm32f4xx_hal_uart.o
    0x0800533e   0x0800533e   0x00000002   PAD
    0x08005340   0x08005340   0x000002e8   Code   RO         4358    i.HAL_UART_IRQHandler  stm32f4xx_hal_uart.o
    0x08005628   0x08005628   0x00000076   Code   RO         4359    i.HAL_UART_Init     stm32f4xx_hal_uart.o
    0x0800569e   0x0800569e   0x00000002   PAD
    0x080056a0   0x080056a0   0x000003f4   Code   RO          303    i.HAL_UART_MspInit  usart.o
    0x08005a94   0x08005a94   0x00000002   Code   RO         4365    i.HAL_UART_RxCpltCallback  stm32f4xx_hal_uart.o
    0x08005a96   0x08005a96   0x00000002   Code   RO         4366    i.HAL_UART_RxHalfCpltCallback  stm32f4xx_hal_uart.o
    0x08005a98   0x08005a98   0x0000008c   Code   RO         4368    i.HAL_UART_Transmit_DMA  stm32f4xx_hal_uart.o
    0x08005b24   0x08005b24   0x00000002   Code   RO         4370    i.HAL_UART_TxCpltCallback  stm32f4xx_hal_uart.o
    0x08005b26   0x08005b26   0x00000002   Code   RO         4371    i.HAL_UART_TxHalfCpltCallback  stm32f4xx_hal_uart.o
    0x08005b28   0x08005b28   0x00000004   Code   RO          373    i.HardFault_Handler  stm32f4xx_it.o
    0x08005b2c   0x08005b2c   0x00000024   Code   RO         1518    i.Index             power.o
    0x08005b50   0x08005b50   0x00000174   Code   RO         4988    i.JudgeReadData     rm_referee.o
    0x08005cc4   0x08005cc4   0x00000032   Code   RO         1572    i.Low_Pass_Filter   filter.o
    0x08005cf6   0x08005cf6   0x0000000a   Code   RO         1573    i.Low_Pass_Filter_Init  filter.o
    0x08005d00   0x08005d00   0x00000048   Code   RO          189    i.MX_CAN1_Init      can.o
    0x08005d48   0x08005d48   0x0000004c   Code   RO          190    i.MX_CAN2_Init      can.o
    0x08005d94   0x08005d94   0x000000b8   Code   RO          236    i.MX_DMA_Init       dma.o
    0x08005e4c   0x08005e4c   0x00000150   Code   RO          163    i.MX_GPIO_Init      gpio.o
    0x08005f9c   0x08005f9c   0x0000004c   Code   RO          262    i.MX_TIM7_Init      tim.o
    0x08005fe8   0x08005fe8   0x00000038   Code   RO          304    i.MX_UART8_Init     usart.o
    0x08006020   0x08006020   0x00000040   Code   RO          305    i.MX_USART1_UART_Init  usart.o
    0x08006060   0x08006060   0x00000038   Code   RO          306    i.MX_USART3_UART_Init  usart.o
    0x08006098   0x08006098   0x00000038   Code   RO          307    i.MX_USART6_UART_Init  usart.o
    0x080060d0   0x080060d0   0x00000004   Code   RO          374    i.MemManage_Handler  stm32f4xx_it.o
    0x080060d4   0x080060d4   0x00000098   Code   RO         1519    i.Motor_3508_Calculat_Power  power.o
    0x0800616c   0x0800616c   0x0000003c   Code   RO         4802    i.MyUIInit          referee_task.o
    0x080061a8   0x080061a8   0x00000004   Code   RO          375    i.NMI_Handler       stm32f4xx_it.o
    0x080061ac   0x080061ac   0x0000005c   Code   RO          974    i.PID_Init          pid.o
    0x08006208   0x08006208   0x00000040   Code   RO          975    i.PID_Set           pid.o
    0x08006248   0x08006248   0x00000002   Code   RO          376    i.PendSV_Handler    stm32f4xx_it.o
    0x0800624a   0x0800624a   0x00000002   PAD
    0x0800624c   0x0800624c   0x00000030   Code   RO         1521    i.Power_Calculat_Damping_Coefficient  power.o
    0x0800627c   0x0800627c   0x0000002c   Code   RO         4989    i.RefereeInit       rm_referee.o
    0x080062a8   0x080062a8   0x00000018   Code   RO         4990    i.RefereeSend       rm_referee.o
    0x080062c0   0x080062c0   0x00000008   Code   RO         4991    i.Referee_Get_Buffer  rm_referee.o
    0x080062c8   0x080062c8   0x00000008   Code   RO         4992    i.Referee_Get_Instance  rm_referee.o
    0x080062d0   0x080062d0   0x00000012   Code   RO         4993    i.Referee_RX_Handle  rm_referee.o
    0x080062e2   0x080062e2   0x00000002   PAD
    0x080062e4   0x080062e4   0x000000dc   Code   RO         4804    i.Refresh_Fire_Flag  referee_task.o
    0x080063c0   0x080063c0   0x00000098   Code   RO         4805    i.Refresh_Instance  referee_task.o
    0x08006458   0x08006458   0x000002ec   Code   RO         4806    i.Refresh_Scale     referee_task.o
    0x08006744   0x08006744   0x000000d4   Code   RO          769    i.Remote_Control_Set  robot_cmd.o
    0x08006818   0x08006818   0x00000010   Code   RO          770    i.Robot_Cmd_Init    robot_cmd.o
    0x08006828   0x08006828   0x00000020   Code   RO          771    i.Robot_Cmd_Task    robot_cmd.o
    0x08006848   0x08006848   0x00000018   Code   RO          772    i.Robot_Cmd_Timing_Handle  robot_cmd.o
    0x08006860   0x08006860   0x00000002   Code   RO          377    i.SVC_Handler       stm32f4xx_it.o
    0x08006862   0x08006862   0x0000000e   Code   RO         1606    i.Speed_Ramp_Init   speed_ramp.o
    0x08006870   0x08006870   0x00000022   Code   RO         1469    i.Super_Cap_Get_Data  super_cap.o
    0x08006892   0x08006892   0x00000002   PAD
    0x08006894   0x08006894   0x00000098   Code   RO         1470    i.Super_Cap_RX_Filter_Set  super_cap.o
    0x0800692c   0x0800692c   0x00000040   Code   RO         1471    i.Super_Cap_Set_Power  super_cap.o
    0x0800696c   0x0800696c   0x00000020   Code   RO         1472    i.Super_Cap_init    super_cap.o
    0x0800698c   0x0800698c   0x00000008   Code   RO          378    i.SysTick_Handler   stm32f4xx_it.o
    0x08006994   0x08006994   0x000000bc   Code   RO            5    i.SystemClock_Config  main.o
    0x08006a50   0x08006a50   0x00000014   Code   RO         4703    i.SystemInit        system_stm32f4xx.o
    0x08006a64   0x08006a64   0x00000010   Code   RO          379    i.TIM7_IRQHandler   stm32f4xx_it.o
    0x08006a74   0x08006a74   0x000000e8   Code   RO         3440    i.TIM_Base_SetConfig  stm32f4xx_hal_tim.o
    0x08006b5c   0x08006b5c   0x00000010   Code   RO          380    i.UART8_IRQHandler  stm32f4xx_it.o
    0x08006b6c   0x08006b6c   0x00000014   Code   RO         4372    i.UART_DMAAbortOnError  stm32f4xx_hal_uart.o
    0x08006b80   0x08006b80   0x00000050   Code   RO         4373    i.UART_DMAError     stm32f4xx_hal_uart.o
    0x08006bd0   0x08006bd0   0x000000b4   Code   RO         4374    i.UART_DMAReceiveCplt  stm32f4xx_hal_uart.o
    0x08006c84   0x08006c84   0x00000024   Code   RO         4376    i.UART_DMARxHalfCplt  stm32f4xx_hal_uart.o
    0x08006ca8   0x08006ca8   0x00000058   Code   RO         4378    i.UART_DMATransmitCplt  stm32f4xx_hal_uart.o
    0x08006d00   0x08006d00   0x0000000e   Code   RO         4380    i.UART_DMATxHalfCplt  stm32f4xx_hal_uart.o
    0x08006d0e   0x08006d0e   0x0000006c   Code   RO         4382    i.UART_EndRxTransfer  stm32f4xx_hal_uart.o
    0x08006d7a   0x08006d7a   0x00000020   Code   RO         4383    i.UART_EndTransmit_IT  stm32f4xx_hal_uart.o
    0x08006d9a   0x08006d9a   0x00000026   Code   RO         4384    i.UART_EndTxTransfer  stm32f4xx_hal_uart.o
    0x08006dc0   0x08006dc0   0x000000fc   Code   RO         4385    i.UART_Receive_IT   stm32f4xx_hal_uart.o
    0x08006ebc   0x08006ebc   0x0000022c   Code   RO         4386    i.UART_SetConfig    stm32f4xx_hal_uart.o
    0x080070e8   0x080070e8   0x000000c8   Code   RO         4387    i.UART_Start_Receive_DMA  stm32f4xx_hal_uart.o
    0x080071b0   0x080071b0   0x00000060   Code   RO         4389    i.UART_Transmit_IT  stm32f4xx_hal_uart.o
    0x08007210   0x08007210   0x000000c8   Code   RO         4904    i.UICharDraw        referee_ui.o
    0x080072d8   0x080072d8   0x00000088   Code   RO         4905    i.UICharRefresh     referee_ui.o
    0x08007360   0x08007360   0x00000080   Code   RO         4907    i.UIDelete          referee_ui.o
    0x080073e0   0x080073e0   0x000000fc   Code   RO         4909    i.UIGraphRefresh    referee_ui.o
    0x080074dc   0x080074dc   0x000000da   Code   RO         4910    i.UIIntDraw         referee_ui.o
    0x080075b6   0x080075b6   0x000000c8   Code   RO         4911    i.UILineDraw        referee_ui.o
    0x0800767e   0x0800767e   0x00000002   PAD
    0x08007680   0x08007680   0x0000002c   Code   RO         4809    i.UITaskInit        referee_task.o
    0x080076ac   0x080076ac   0x000000cc   Code   RO         4810    i.UI_Task           referee_task.o
    0x08007778   0x08007778   0x00000018   Code   RO         4811    i.UI_Task_Timing    referee_task.o
    0x08007790   0x08007790   0x00000010   Code   RO          381    i.USART1_IRQHandler  stm32f4xx_it.o
    0x080077a0   0x080077a0   0x00000010   Code   RO          382    i.USART3_IRQHandler  stm32f4xx_it.o
    0x080077b0   0x080077b0   0x00000010   Code   RO          383    i.USART6_IRQHandler  stm32f4xx_it.o
    0x080077c0   0x080077c0   0x00000004   Code   RO          384    i.UsageFault_Handler  stm32f4xx_it.o
    0x080077c4   0x080077c4   0x00000040   Code   RO         4747    i.Verify_CRC16_Check_Sum  crc_ref.o
    0x08007804   0x08007804   0x00000030   Code   RO         4748    i.Verify_CRC8_Check_Sum  crc_ref.o
    0x08007834   0x08007834   0x00000028   Code   RO         1020    i.Vofa_Get_RX_Value  vofa.o
    0x0800785c   0x0800785c   0x00000160   Code   RO         1021    i.Vofa_Init         vofa.o
    0x080079bc   0x080079bc   0x0000001c   Code   RO         1022    i.Vofa_Receive_Enabled  vofa.o
    0x080079d8   0x080079d8   0x000000b8   Code   RO         1023    i.Vofa_Receive_Handle  vofa.o
    0x08007a90   0x08007a90   0x0000003c   Code   RO         1024    i.Vofa_Set_RX_Value  vofa.o
    0x08007acc   0x08007acc   0x00000014   Code   RO         1025    i.Vofa_Set_TX_Value  vofa.o
    0x08007ae0   0x08007ae0   0x0000001c   Code   RO         1026    i.Vofa_Timing_Handle  vofa.o
    0x08007afc   0x08007afc   0x00000018   Code   RO         1027    i.Vofa_Transmit     vofa.o
    0x08007b14   0x08007b14   0x00000024   Code   RO         5125    i.__0vsprintf       mc_w.l(printfa.o)
    0x08007b38   0x08007b38   0x00000030   Code   RO         5233    i.__ARM_fpclassify  m_wm.l(fpclassify.o)
    0x08007b68   0x08007b68   0x00000010   Code   RO         2948    i.__NVIC_GetPriorityGrouping  stm32f4xx_hal_cortex.o
    0x08007b78   0x08007b78   0x00000028   Code   RO         2949    i.__NVIC_SetPriority  stm32f4xx_hal_cortex.o
    0x08007ba0   0x08007ba0   0x00000038   Code   RO         5051    i.__hardfp_atof     m_wm.l(atof.o)
    0x08007bd8   0x08007bd8   0x000000c8   Code   RO         5057    i.__hardfp_cos      m_wm.l(cos.o)
    0x08007ca0   0x08007ca0   0x00000014   Code   RO         5069    i.__hardfp_fabs     m_wm.l(fabs.o)
    0x08007cb4   0x08007cb4   0x00000048   Code   RO         5099    i.__hardfp_fminf    m_wm.l(fminf.o)
    0x08007cfc   0x08007cfc   0x00000004   PAD
    0x08007d00   0x08007d00   0x000000c8   Code   RO         5075    i.__hardfp_sin      m_wm.l(sin.o)
    0x08007dc8   0x08007dc8   0x00000438   Code   RO         5177    i.__ieee754_rem_pio2  m_wm.l(rred.o)
    0x08008200   0x08008200   0x00000170   Code   RO         5160    i.__kernel_cos      m_wm.l(cos_i.o)
    0x08008370   0x08008370   0x000000f8   Code   RO         5235    i.__kernel_poly     m_wm.l(poly.o)
    0x08008468   0x08008468   0x00000130   Code   RO         5182    i.__kernel_sin      m_wm.l(sin_i.o)
    0x08008598   0x08008598   0x00000014   Code   RO         5164    i.__mathlib_dbl_infnan  m_wm.l(dunder.o)
    0x080085ac   0x080085ac   0x00000004   PAD
    0x080085b0   0x080085b0   0x00000020   Code   RO         5166    i.__mathlib_dbl_invalid  m_wm.l(dunder.o)
    0x080085d0   0x080085d0   0x00000020   Code   RO         5169    i.__mathlib_dbl_underflow  m_wm.l(dunder.o)
    0x080085f0   0x080085f0   0x0000000c   Code   RO         5214    i.__read_errno      mc_w.l(errno.o)
    0x080085fc   0x080085fc   0x0000000e   Code   RO         5260    i.__scatterload_copy  mc_w.l(handlers.o)
    0x0800860a   0x0800860a   0x00000002   Code   RO         5261    i.__scatterload_null  mc_w.l(handlers.o)
    0x0800860c   0x0800860c   0x0000000e   Code   RO         5262    i.__scatterload_zeroinit  mc_w.l(handlers.o)
    0x0800861a   0x0800861a   0x00000002   PAD
    0x0800861c   0x0800861c   0x0000000c   Code   RO         5215    i.__set_errno       mc_w.l(errno.o)
    0x08008628   0x08008628   0x00000164   Code   RO         5126    i._fp_digits        mc_w.l(printfa.o)
    0x0800878c   0x0800878c   0x0000000e   Code   RO         5244    i._is_digit         mc_w.l(scanf_fp.o)
    0x0800879a   0x0800879a   0x00000002   PAD
    0x0800879c   0x0800879c   0x000006dc   Code   RO         5127    i._printf_core      mc_w.l(printfa.o)
    0x08008e78   0x08008e78   0x00000024   Code   RO         5128    i._printf_post_padding  mc_w.l(printfa.o)
    0x08008e9c   0x08008e9c   0x0000002e   Code   RO         5129    i._printf_pre_padding  mc_w.l(printfa.o)
    0x08008eca   0x08008eca   0x0000000a   Code   RO         5131    i._sputc            mc_w.l(printfa.o)
    0x08008ed4   0x08008ed4   0x00000158   Code   RO          668    i.calculateYawAngle  chassis.o
    0x0800902c   0x0800902c   0x0000003c   Code   RO         1340    i.crc16_update      ch104_imu_usart.o
    0x08009068   0x08009068   0x00000018   Code   RO         5071    i.fabs              m_wm.l(fabs.o)
    0x08009080   0x08009080   0x00000038   Code   RO            6    i.main              main.o
    0x080090b8   0x080090b8   0x0000013c   Code   RO          978    i.pid_error_input   pid.o
    0x080091f4   0x080091f4   0x00000034   Code   RO         1220    i.uint_to_float     dm_motor.o
    0x08009228   0x08009228   0x00000004   Data   RO         1030    .constdata          vofa.o
    0x0800922c   0x0800922c   0x00000008   Data   RO         2646    .constdata          stm32f4xx_hal_dma.o
    0x08009234   0x08009234   0x00000018   Data   RO         4704    .constdata          system_stm32f4xx.o
    0x0800924c   0x0800924c   0x00000302   Data   RO         4749    .constdata          crc_ref.o
    0x0800954e   0x0800954e   0x00000002   PAD
    0x08009550   0x08009550   0x00000030   Data   RO         5161    .constdata          m_wm.l(cos_i.o)
    0x08009580   0x08009580   0x000000c8   Data   RO         5179    .constdata          m_wm.l(rred.o)
    0x08009648   0x08009648   0x00000028   Data   RO         5183    .constdata          m_wm.l(sin_i.o)
    0x08009670   0x08009670   0x00000040   Data   RO         5254    .constdata          mc_w.l(ctype_c.o)
    0x080096b0   0x080096b0   0x00000020   Data   RO         5258    Region$$Table       anon$$obj.o


    Execution Region RW_IRAM2 (Exec base: 0x10000000, Load base: 0x080097c4, Size: 0x00000000, Max: 0x00010000, ABSOLUTE)

    **** No section assigned to this execution region ****


    Execution Region RW_IRAM1 (Exec base: 0x20000000, Load base: 0x080096d0, Size: 0x00001598, Max: 0x00040000, ABSOLUTE)

    Exec Addr    Load Addr    Size         Type   Attr      Idx    E Section Name        Object

    0x20000000   0x080096d0   0x00000004   Data   RW          192    .data               can.o
    0x20000004   0x080096d4   0x00000008   Data   RW          548    .data               app.o
    0x2000000c   0x080096dc   0x00000010   Data   RW          670    .data               chassis.o
    0x2000001c   0x080096ec   0x0000000f   Data   RW          774    .data               robot_cmd.o
    0x2000002b   0x080096fb   0x00000001   PAD
    0x2000002c   0x080096fc   0x00000035   Data   RW          900    .data               dji_motor.o
    0x20000061   0x08009731   0x00000019   Data   RW         1410    .data               can_comm.o
    0x2000007a   0x0800974a   0x00000018   Data   RW         1650    .data               bsp_can.o
    0x20000092   0x08009762   0x00000010   Data   RW         1779    .data               bsp_usart.o
    0x200000a2   0x08009772   0x00000002   PAD
    0x200000a4   0x08009774   0x00000009   Data   RW         3104    .data               stm32f4xx_hal.o
    0x200000ad   0x0800977d   0x00000003   PAD
    0x200000b0   0x08009780   0x00000004   Data   RW         4705    .data               system_stm32f4xx.o
    0x200000b4   0x08009784   0x00000002   Data   RW         4750    .data               crc_ref.o
    0x200000b6   0x08009786   0x00000002   PAD
    0x200000b8   0x08009788   0x00000035   Data   RW         4813    .data               referee_task.o
    0x200000ed   0x080097bd   0x00000003   PAD
    0x200000f0   0x080097c0   0x00000004   Data   RW         5216    .data               mc_w.l(errno.o)
    0x200000f4        -       0x00000050   Zero   RW          191    .bss                can.o
    0x20000144        -       0x00000048   Zero   RW          263    .bss                tim.o
    0x2000018c        -       0x000003c0   Zero   RW          308    .bss                usart.o
    0x2000054c        -       0x00000290   Zero   RW          669    .bss                chassis.o
    0x200007dc        -       0x0000000c   Zero   RW          773    .bss                robot_cmd.o
    0x200007e8        -       0x00000054   Zero   RW          835    .bss                dji_dr16.o
    0x2000083c        -       0x00000160   Zero   RW          899    .bss                dji_motor.o
    0x2000099c        -       0x0000011b   Zero   RW         1029    .bss                vofa.o
    0x20000ab7        -       0x00000037   Zero   RW         1221    .bss                dm_motor.o
    0x20000aee        -       0x000000aa   Zero   RW         1341    .bss                ch104_imu_usart.o
    0x20000b98        -       0x00000010   Zero   RW         1473    .bss                super_cap.o
    0x20000ba8        -       0x00000064   Zero   RW         1778    .bss                bsp_usart.o
    0x20000c0c        -       0x000001c2   Zero   RW         4812    .bss                referee_task.o
    0x20000dce        -       0x0000024d   Zero   RW         4914    .bss                referee_ui.o
    0x2000101b        -       0x0000017c   Zero   RW         4994    .bss                rm_referee.o
    0x20001197   0x080097c4   0x00000001   PAD
    0x20001198        -       0x00000400   Zero   RW         4736    STACK               startup_stm32f427xx.o


==============================================================================

Image component sizes


      Code (inc. data)   RO Data    RW Data    ZI Data      Debug   Object Name

       140         18          0          8          0      10999   app.o
       104          8          0         24          0       3122   bsp_can.o
       156         30          0          0          0       1800   bsp_can_isr.o
        16          6          0          0          0        491   bsp_tim.o
        48          4          0          0          0       1096   bsp_tim_isr.o
        56         16          0         16        100       1113   bsp_usart.o
        96         16          0          0          0       1061   bsp_usart_isr.o
       504         44          0          4         80       2590   can.o
       310         16          0         25          0       5668   can_comm.o
       276         32          0          0        170       6248   ch104_imu_usart.o
      5192        388          0         16        656      12434   chassis.o
       248         18        770          2          0       4402   crc_ref.o
       724         66          0          0         84       4544   dji_dr16.o
      1222         62          0         53        352       9792   dji_motor.o
       694         42          0          0         55       6558   dm_motor.o
       184          6          0          0          0        910   dma.o
        60          0          0          0          0       1953   filter.o
       336         18          0          0          0       1187   gpio.o
       250          8          0          0          0     754120   main.o
       472         22          0          0          0       2323   pid.o
       336         48          0          0          0       2710   power.o
      1844        178          0         53        450      10102   referee_task.o
      1134         26          0          0        589       5990   referee_ui.o
       474         32          0          0        380       5493   rm_referee.o
       284         42          0         15         12       3721   robot_cmd.o
       306          4          0          0          0       3025   speed_ramp.o
        36          8        428          0       1024        832   startup_stm32f427xx.o
       212         36          0          9          0       9753   stm32f4xx_hal.o
      2146          6          0          0          0      14227   stm32f4xx_hal_can.o
       312         22          0          0          0      34487   stm32f4xx_hal_cortex.o
      1436         16          8          0          0       7166   stm32f4xx_hal_dma.o
       540         54          0          0          0       2188   stm32f4xx_hal_gpio.o
        72          4          0          0          0        914   stm32f4xx_hal_msp.o
       140         12          0          0          0       1336   stm32f4xx_hal_pwr_ex.o
      1820         84          0          0          0       5788   stm32f4xx_hal_rcc.o
       874         76          0          0          0       6287   stm32f4xx_hal_tim.o
       184         30          0          0          0       2617   stm32f4xx_hal_tim_ex.o
      2826         40          0          0          0      17423   stm32f4xx_hal_uart.o
       258         84          0          0          0      11921   stm32f4xx_it.o
       282         12          0          0         16       4038   super_cap.o
        20          6         24          4          0       1211   system_stm32f4xx.o
       148         20          0          0         72       1706   tim.o
      1244        118          0          0        960       4542   usart.o
       924        260          4          0        283       8924   vofa.o

    ----------------------------------------------------------------------
     28976       2038       1268        240       5284     998812   Object Totals
         0          0         32          0          0          0   (incl. Generated)
        36          0          2         11          1          0   (incl. Padding)

    ----------------------------------------------------------------------

      Code (inc. data)   RO Data    RW Data    ZI Data      Debug   Library Member Name

        56         12          0          0          0        132   atof.o
       200         20          0          0          0        164   cos.o
       368         46         48          0          0        200   cos_i.o
        84         16          0          0          0        372   dunder.o
        44          0          0          0          0        248   fabs.o
        72          0          0          0          0        148   fminf.o
        48          0          0          0          0        124   fpclassify.o
       248          0          0          0          0        152   poly.o
      1080        142        200          0          0        188   rred.o
       200         20          0          0          0        164   sin.o
       304         24         40          0          0        208   sin_i.o
        64          0          0          0          0         84   _sgetc.o
        40          6         64          0          0         68   ctype_c.o
         0          0          0          0          0          0   entry.o
         0          0          0          0          0          0   entry10a.o
         0          0          0          0          0          0   entry11a.o
         8          4          0          0          0          0   entry2.o
         4          0          0          0          0          0   entry5.o
         0          0          0          0          0          0   entry7b.o
         0          0          0          0          0          0   entry8b.o
         8          4          0          0          0          0   entry9a.o
        24         12          0          4          0        136   errno.o
        30          0          0          0          0          0   handlers.o
        36          8          0          0          0         68   init.o
        10          0          0          0          0         68   isspace_c.o
         0          0          0          0          0          0   iusefp.o
        30          0          0          0          0         68   llshl.o
        36          0          0          0          0         68   llsshr.o
        32          0          0          0          0         68   llushr.o
        36          0          0          0          0         68   memcpya.o
        36          0          0          0          0        108   memseta.o
      2240         86          0          0          0        508   printfa.o
       838         12          0          0          0        216   scanf_fp.o
        14          0          0          0          0         68   strlen.o
        36          0          0          0          0         80   strstr.o
       156         14          0          0          0        120   strtod.o
        44          0          0          0          0         80   uidiv.o
        98          0          0          0          0         92   uldiv.o
        48          0          0          0          0         68   cdrcmple.o
        56          0          0          0          0         88   d2f.o
       334          0          0          0          0        148   dadd.o
       222          0          0          0          0        100   ddiv.o
       186          0          0          0          0        176   depilogue.o
        62          0          0          0          0         80   dfixi.o
        48          0          0          0          0         68   dfixul.o
        34          0          0          0          0         76   dflti.o
        26          0          0          0          0         76   dfltui.o
        24          0          0          0          0         76   dfltul.o
       228          0          0          0          0         96   dmul.o
        38          0          0          0          0         68   f2d.o
        54          0          0          0          0         68   fcmp4.o
       110          0          0          0          0        168   fepilogue.o

    ----------------------------------------------------------------------
      8012        426        352          4          0       5424   Library Totals
        18          0          0          0          0          0   (incl. Padding)

    ----------------------------------------------------------------------

      Code (inc. data)   RO Data    RW Data    ZI Data      Debug   Library Name

      2704        280        288          0          0       2100   m_wm.l
      3820        146         64          4          0       1968   mc_w.l
      1470          0          0          0          0       1356   mf_w.l

    ----------------------------------------------------------------------
      8012        426        352          4          0       5424   Library Totals

    ----------------------------------------------------------------------

==============================================================================


      Code (inc. data)   RO Data    RW Data    ZI Data      Debug   

     36988       2464       1620        244       5284     980072   Grand Totals
     36988       2464       1620        244       5284     980072   ELF Image Totals
     36988       2464       1620        244          0          0   ROM Totals

==============================================================================

    Total RO  Size (Code + RO Data)                38608 (  37.70kB)
    Total RW  Size (RW Data + ZI Data)              5528 (   5.40kB)
    Total ROM Size (Code + RO Data + RW Data)      38852 (  37.94kB)

==============================================================================

