Component: ARM Compiler 5.05 update 1 (build 106) Tool: armlink [4d0efa]

==============================================================================

Section Cross References

    main.o(i.SystemClock_Config) refers to rt_memclr_w.o(.text) for __aeabi_memclr4
    main.o(i.SystemClock_Config) refers to stm32f4xx_hal_rcc.o(i.HAL_RCC_OscConfig) for HAL_RCC_OscConfig
    main.o(i.SystemClock_Config) refers to stm32f4xx_hal_pwr_ex.o(i.HAL_PWREx_EnableOverDrive) for HAL_PWREx_EnableOverDrive
    main.o(i.SystemClock_Config) refers to stm32f4xx_hal_rcc.o(i.HAL_RCC_ClockConfig) for HAL_RCC_ClockConfig
    main.o(i.main) refers to stm32f4xx_hal.o(i.HAL_Init) for HAL_Init
    main.o(i.main) refers to main.o(i.SystemClock_Config) for SystemClock_Config
    main.o(i.main) refers to gpio.o(i.MX_GPIO_Init) for MX_GPIO_Init
    main.o(i.main) refers to dma.o(i.MX_DMA_Init) for MX_DMA_Init
    main.o(i.main) refers to can.o(i.MX_CAN1_Init) for MX_CAN1_Init
    main.o(i.main) refers to usart.o(i.MX_USART1_UART_Init) for MX_USART1_UART_Init
    main.o(i.main) refers to usart.o(i.MX_USART6_UART_Init) for MX_USART6_UART_Init
    main.o(i.main) refers to tim.o(i.MX_TIM7_Init) for MX_TIM7_Init
    main.o(i.main) refers to can.o(i.MX_CAN2_Init) for MX_CAN2_Init
    main.o(i.main) refers to usart.o(i.MX_UART8_Init) for MX_UART8_Init
    main.o(i.main) refers to app.o(i.App_Init) for App_Init
    main.o(i.main) refers to app.o(i.App_Run) for App_Run
    gpio.o(i.MX_GPIO_Init) refers to rt_memclr_w.o(.text) for __aeabi_memclr4
    gpio.o(i.MX_GPIO_Init) refers to stm32f4xx_hal_gpio.o(i.HAL_GPIO_WritePin) for HAL_GPIO_WritePin
    gpio.o(i.MX_GPIO_Init) refers to stm32f4xx_hal_gpio.o(i.HAL_GPIO_Init) for HAL_GPIO_Init
    can.o(i.HAL_CAN_MspDeInit) refers to stm32f4xx_hal_gpio.o(i.HAL_GPIO_DeInit) for HAL_GPIO_DeInit
    can.o(i.HAL_CAN_MspDeInit) refers to stm32f4xx_hal_cortex.o(i.HAL_NVIC_DisableIRQ) for HAL_NVIC_DisableIRQ
    can.o(i.HAL_CAN_MspDeInit) refers to can.o(.data) for .data
    can.o(i.HAL_CAN_MspInit) refers to rt_memclr_w.o(.text) for __aeabi_memclr4
    can.o(i.HAL_CAN_MspInit) refers to stm32f4xx_hal_gpio.o(i.HAL_GPIO_Init) for HAL_GPIO_Init
    can.o(i.HAL_CAN_MspInit) refers to stm32f4xx_hal_cortex.o(i.HAL_NVIC_SetPriority) for HAL_NVIC_SetPriority
    can.o(i.HAL_CAN_MspInit) refers to stm32f4xx_hal_cortex.o(i.HAL_NVIC_EnableIRQ) for HAL_NVIC_EnableIRQ
    can.o(i.HAL_CAN_MspInit) refers to can.o(.data) for .data
    can.o(i.MX_CAN1_Init) refers to stm32f4xx_hal_can.o(i.HAL_CAN_Init) for HAL_CAN_Init
    can.o(i.MX_CAN1_Init) refers to main.o(i.Error_Handler) for Error_Handler
    can.o(i.MX_CAN1_Init) refers to can.o(.bss) for .bss
    can.o(i.MX_CAN2_Init) refers to stm32f4xx_hal_can.o(i.HAL_CAN_Init) for HAL_CAN_Init
    can.o(i.MX_CAN2_Init) refers to main.o(i.Error_Handler) for Error_Handler
    can.o(i.MX_CAN2_Init) refers to can.o(.bss) for .bss
    dma.o(i.MX_DMA_Init) refers to stm32f4xx_hal_cortex.o(i.HAL_NVIC_SetPriority) for HAL_NVIC_SetPriority
    dma.o(i.MX_DMA_Init) refers to stm32f4xx_hal_cortex.o(i.HAL_NVIC_EnableIRQ) for HAL_NVIC_EnableIRQ
    tim.o(i.HAL_TIM_Base_MspDeInit) refers to stm32f4xx_hal_cortex.o(i.HAL_NVIC_DisableIRQ) for HAL_NVIC_DisableIRQ
    tim.o(i.HAL_TIM_Base_MspInit) refers to stm32f4xx_hal_cortex.o(i.HAL_NVIC_SetPriority) for HAL_NVIC_SetPriority
    tim.o(i.HAL_TIM_Base_MspInit) refers to stm32f4xx_hal_cortex.o(i.HAL_NVIC_EnableIRQ) for HAL_NVIC_EnableIRQ
    tim.o(i.MX_TIM7_Init) refers to stm32f4xx_hal_tim.o(i.HAL_TIM_Base_Init) for HAL_TIM_Base_Init
    tim.o(i.MX_TIM7_Init) refers to main.o(i.Error_Handler) for Error_Handler
    tim.o(i.MX_TIM7_Init) refers to stm32f4xx_hal_tim_ex.o(i.HAL_TIMEx_MasterConfigSynchronization) for HAL_TIMEx_MasterConfigSynchronization
    tim.o(i.MX_TIM7_Init) refers to tim.o(.bss) for .bss
    usart.o(i.HAL_UART_MspDeInit) refers to stm32f4xx_hal_gpio.o(i.HAL_GPIO_DeInit) for HAL_GPIO_DeInit
    usart.o(i.HAL_UART_MspDeInit) refers to stm32f4xx_hal_dma.o(i.HAL_DMA_DeInit) for HAL_DMA_DeInit
    usart.o(i.HAL_UART_MspDeInit) refers to stm32f4xx_hal_cortex.o(i.HAL_NVIC_DisableIRQ) for HAL_NVIC_DisableIRQ
    usart.o(i.HAL_UART_MspInit) refers to rt_memclr_w.o(.text) for __aeabi_memclr4
    usart.o(i.HAL_UART_MspInit) refers to stm32f4xx_hal_gpio.o(i.HAL_GPIO_Init) for HAL_GPIO_Init
    usart.o(i.HAL_UART_MspInit) refers to stm32f4xx_hal_dma.o(i.HAL_DMA_Init) for HAL_DMA_Init
    usart.o(i.HAL_UART_MspInit) refers to main.o(i.Error_Handler) for Error_Handler
    usart.o(i.HAL_UART_MspInit) refers to stm32f4xx_hal_cortex.o(i.HAL_NVIC_SetPriority) for HAL_NVIC_SetPriority
    usart.o(i.HAL_UART_MspInit) refers to stm32f4xx_hal_cortex.o(i.HAL_NVIC_EnableIRQ) for HAL_NVIC_EnableIRQ
    usart.o(i.HAL_UART_MspInit) refers to usart.o(.bss) for .bss
    usart.o(i.MX_UART8_Init) refers to stm32f4xx_hal_uart.o(i.HAL_UART_Init) for HAL_UART_Init
    usart.o(i.MX_UART8_Init) refers to main.o(i.Error_Handler) for Error_Handler
[...]
    DMA1_Stream5_IRQHandler                  0x08000283   Thumb Code     0  startup_stm32f427xx.o(.text)
    DMA1_Stream7_IRQHandler                  0x08000283   Thumb Code     0  startup_stm32f427xx.o(.text)
    DMA2D_IRQHandler                         0x08000283   Thumb Code     0  startup_stm32f427xx.o(.text)
    DMA2_Stream0_IRQHandler                  0x08000283   Thumb Code     0  startup_stm32f427xx.o(.text)
    DMA2_Stream3_IRQHandler                  0x08000283   Thumb Code     0  startup_stm32f427xx.o(.text)
    DMA2_Stream4_IRQHandler                  0x08000283   Thumb Code     0  startup_stm32f427xx.o(.text)
    DMA2_Stream5_IRQHandler                  0x08000283   Thumb Code     0  startup_stm32f427xx.o(.text)
    DMA2_Stream7_IRQHandler                  0x08000283   Thumb Code     0  startup_stm32f427xx.o(.text)
    ETH_IRQHandler                           0x08000283   Thumb Code     0  startup_stm32f427xx.o(.text)
    ETH_WKUP_IRQHandler                      0x08000283   Thumb Code     0  startup_stm32f427xx.o(.text)
    EXTI0_IRQHandler                         0x08000283   Thumb Code     0  startup_stm32f427xx.o(.text)
    EXTI15_10_IRQHandler                     0x08000283   Thumb Code     0  startup_stm32f427xx.o(.text)
    EXTI1_IRQHandler                         0x08000283   Thumb Code     0  startup_stm32f427xx.o(.text)
    EXTI2_IRQHandler                         0x08000283   Thumb Code     0  startup_stm32f427xx.o(.text)
    EXTI3_IRQHandler                         0x08000283   Thumb Code     0  startup_stm32f427xx.o(.text)
    EXTI4_IRQHandler                         0x08000283   Thumb Code     0  startup_stm32f427xx.o(.text)
    EXTI9_5_IRQHandler                       0x08000283   Thumb Code     0  startup_stm32f427xx.o(.text)
    FLASH_IRQHandler                         0x08000283   Thumb Code     0  startup_stm32f427xx.o(.text)
    FMC_IRQHandler                           0x08000283   Thumb Code     0  startup_stm32f427xx.o(.text)
    FPU_IRQHandler                           0x08000283   Thumb Code     0  startup_stm32f427xx.o(.text)
    HASH_RNG_IRQHandler                      0x08000283   Thumb Code     0  startup_stm32f427xx.o(.text)
    I2C1_ER_IRQHandler                       0x08000283   Thumb Code     0  startup_stm32f427xx.o(.text)
    I2C1_EV_IRQHandler                       0x08000283   Thumb Code     0  startup_stm32f427xx.o(.text)
    I2C2_ER_IRQHandler                       0x08000283   Thumb Code     0  startup_stm32f427xx.o(.text)
    I2C2_EV_IRQHandler                       0x08000283   Thumb Code     0  startup_stm32f427xx.o(.text)
    I2C3_ER_IRQHandler                       0x08000283   Thumb Code     0  startup_stm32f427xx.o(.text)
    I2C3_EV_IRQHandler                       0x08000283   Thumb Code     0  startup_stm32f427xx.o(.text)
    OTG_FS_IRQHandler                        0x08000283   Thumb Code     0  startup_stm32f427xx.o(.text)
    OTG_FS_WKUP_IRQHandler                   0x08000283   Thumb Code     0  startup_stm32f427xx.o(.text)
    OTG_HS_EP1_IN_IRQHandler                 0x08000283   Thumb Code     0  startup_stm32f427xx.o(.text)
    OTG_HS_EP1_OUT_IRQHandler                0x08000283   Thumb Code     0  startup_stm32f427xx.o(.text)
    OTG_HS_IRQHandler                        0x08000283   Thumb Code     0  startup_stm32f427xx.o(.text)
    OTG_HS_WKUP_IRQHandler                   0x08000283   Thumb Code     0  startup_stm32f427xx.o(.text)
    PVD_IRQHandler                           0x08000283   Thumb Code     0  startup_stm32f427xx.o(.text)
    RCC_IRQHandler                           0x08000283   Thumb Code     0  startup_stm32f427xx.o(.text)
    RTC_Alarm_IRQHandler                     0x08000283   Thumb Code     0  startup_stm32f427xx.o(.text)
    RTC_WKUP_IRQHandler                      0x08000283   Thumb Code     0  startup_stm32f427xx.o(.text)
    SAI1_IRQHandler                          0x08000283   Thumb Code     0  startup_stm32f427xx.o(.text)
    SDIO_IRQHandler                          0x08000283   Thumb Code     0  startup_stm32f427xx.o(.text)
    SPI1_IRQHandler                          0x08000283   Thumb Code     0  startup_stm32f427xx.o(.text)
    SPI2_IRQHandler                          0x08000283   Thumb Code     0  startup_stm32f427xx.o(.text)
    SPI3_IRQHandler                          0x08000283   Thumb Code     0  startup_stm32f427xx.o(.text)
    SPI4_IRQHandler                          0x08000283   Thumb Code     0  startup_stm32f427xx.o(.text)
    SPI5_IRQHandler                          0x08000283   Thumb Code     0  startup_stm32f427xx.o(.text)
    SPI6_IRQHandler                          0x08000283   Thumb Code     0  startup_stm32f427xx.o(.text)
    TAMP_STAMP_IRQHandler                    0x08000283   Thumb Code     0  startup_stm32f427xx.o(.text)
    TIM1_BRK_TIM9_IRQHandler                 0x08000283   Thumb Code     0  startup_stm32f427xx.o(.text)
    TIM1_CC_IRQHandler                       0x08000283   Thumb Code     0  startup_stm32f427xx.o(.text)
    TIM1_TRG_COM_TIM11_IRQHandler            0x08000283   Thumb Code     0  startup_stm32f427xx.o(.text)
    TIM1_UP_TIM10_IRQHandler                 0x08000283   Thumb Code     0  startup_stm32f427xx.o(.text)
    TIM2_IRQHandler                          0x08000283   Thumb Code     0  startup_stm32f427xx.o(.text)
    TIM3_IRQHandler                          0x08000283   Thumb Code     0  startup_stm32f427xx.o(.text)
    TIM4_IRQHandler                          0x08000283   Thumb Code     0  startup_stm32f427xx.o(.text)
    TIM5_IRQHandler                          0x08000283   Thumb Code     0  startup_stm32f427xx.o(.text)
    TIM6_DAC_IRQHandler                      0x08000283   Thumb Code     0  startup_stm32f427xx.o(.text)
    TIM8_BRK_TIM12_IRQHandler                0x08000283   Thumb Code     0  startup_stm32f427xx.o(.text)
    TIM8_CC_IRQHandler                       0x08000283   Thumb Code     0  startup_stm32f427xx.o(.text)
    TIM8_TRG_COM_TIM14_IRQHandler            0x08000283   Thumb Code     0  startup_stm32f427xx.o(.text)
    TIM8_UP_TIM13_IRQHandler                 0x08000283   Thumb Code     0  startup_stm32f427xx.o(.text)
    UART4_IRQHandler                         0x08000283   Thumb Code     0  startup_stm32f427xx.o(.text)
    UART5_IRQHandler                         0x08000283   Thumb Code     0  startup_stm32f427xx.o(.text)
    UART7_IRQHandler                         0x08000283   Thumb Code     0  startup_stm32f427xx.o(.text)
    USART2_IRQHandler                        0x08000283   Thumb Code     0  startup_stm32f427xx.o(.text)
    USART3_IRQHandler                        0x08000283   Thumb Code     0  startup_stm32f427xx.o(.text)
    WWDG_IRQHandler                          0x08000283   Thumb Code     0  startup_stm32f427xx.o(.text)
    __user_initial_stackheap                 0x08000285   Thumb Code     0  startup_stm32f427xx.o(.text)
    __aeabi_uldivmod                         0x080002a9   Thumb Code     0  lludivv7m.o(.text)
    _ll_udiv                                 0x080002a9   Thumb Code   238  lludivv7m.o(.text)
    strstr                                   0x08000397   Thumb Code    36  strstr.o(.text)
    strlen                                   0x080003bb   Thumb Code    62  strlen.o(.text)
    __aeabi_memcpy                           0x080003f9   Thumb Code     0  rt_memcpy_v6.o(.text)
    __rt_memcpy                              0x080003f9   Thumb Code   138  rt_memcpy_v6.o(.text)
    _memcpy_lastbytes                        0x0800045f   Thumb Code     0  rt_memcpy_v6.o(.text)
    __aeabi_memclr4                          0x08000483   Thumb Code     0  rt_memclr_w.o(.text)
    __aeabi_memclr8                          0x08000483   Thumb Code     0  rt_memclr_w.o(.text)
    __rt_memclr_w                            0x08000483   Thumb Code    78  rt_memclr_w.o(.text)
    _memset_w                                0x08000487   Thumb Code     0  rt_memclr_w.o(.text)
    __use_two_region_memory                  0x080004d1   Thumb Code     2  heapauxi.o(.text)
    __rt_heap_escrow$2region                 0x080004d3   Thumb Code     2  heapauxi.o(.text)
    __rt_heap_expand$2region                 0x080004d5   Thumb Code     2  heapauxi.o(.text)
    __read_errno                             0x080004d7   Thumb Code    10  _rserrno.o(.text)
    __set_errno                              0x080004e1   Thumb Code    12  _rserrno.o(.text)
    __strtod_int                             0x08000529   Thumb Code    88  strtod.o(.text)
    __aeabi_memcpy4                          0x0800058d   Thumb Code     0  rt_memcpy_w.o(.text)
    __aeabi_memcpy8                          0x0800058d   Thumb Code     0  rt_memcpy_w.o(.text)
    __rt_memcpy_w                            0x0800058d   Thumb Code   100  rt_memcpy_w.o(.text)
    _memcpy_lastbytes_aligned                0x080005d5   Thumb Code     0  rt_memcpy_w.o(.text)
    __aeabi_errno_addr                       0x080005f1   Thumb Code     8  rt_errno_addr_intlibspace.o(.text)
    __errno$intlibspace                      0x080005f1   Thumb Code     0  rt_errno_addr_intlibspace.o(.text)
    __rt_errno_addr$intlibspace              0x080005f1   Thumb Code     0  rt_errno_addr_intlibspace.o(.text)
    isspace                                  0x080005f9   Thumb Code    18  isspace.o(.text)
    _sgetc                                   0x0800060b   Thumb Code    30  _sgetc.o(.text)
    _sbackspace                              0x08000629   Thumb Code    34  _sgetc.o(.text)
    __user_libspace                          0x0800064d   Thumb Code     8  libspace.o(.text)
    __user_perproc_libspace                  0x0800064d   Thumb Code     0  libspace.o(.text)
    __user_perthread_libspace                0x0800064d   Thumb Code     0  libspace.o(.text)
    __user_setup_stackheap                   0x08000655   Thumb Code    74  sys_stackheap_outer.o(.text)
    __rt_ctype_table                         0x080006a1   Thumb Code    16  rt_ctype_table.o(.text)
    __rt_locale                              0x080006b1   Thumb Code     8  rt_locale_intlibspace.o(.text)
    _scanf_really_real                       0x080008b5   Thumb Code   668  scanf_fp.o(.text)
    _btod_etento                             0x08000b5d   Thumb Code   216  bigflt0.o(.text)
    exit                                     0x08000c39   Thumb Code    12  exit.o(.text)
    strcmp                                   0x08000c45   Thumb Code   128  strcmpv7m.o(.text)
    _sys_exit                                0x08000cc5   Thumb Code     8  sys_exit.o(.text)
    _scanf_really_hex_real                   0x08000cd1   Thumb Code   778  scanf_hexfp.o(.text)
    _scanf_really_infnan                     0x08000fe9   Thumb Code   292  scanf_infnan.o(.text)
    __I$use$semihosting                      0x0800111d   Thumb Code     0  use_no_semi.o(.text)
    __use_no_semihosting_swi                 0x0800111d   Thumb Code     2  use_no_semi.o(.text)
    __aeabi_llsl                             0x0800111f   Thumb Code     0  llshl.o(.text)
    __semihosting_library_function           0x0800111f   Thumb Code     0  indicate_semi.o(.text)
    _ll_shift_l                              0x0800111f   Thumb Code    38  llshl.o(.text)
    _chval                                   0x08001145   Thumb Code    28  _chval.o(.text)
    __btod_div_common                        0x08001161   Thumb Code   696  btod.o(CL$$btod_div_common)
    _e2d                                     0x08001499   Thumb Code    80  btod.o(CL$$btod_e2d)
    _e2e                                     0x080014ed   Thumb Code   198  btod.o(CL$$btod_e2e)
    _btod_ediv                               0x080015b3   Thumb Code    40  btod.o(CL$$btod_ediv)
    _btod_edivd                              0x080015db   Thumb Code    40  btod.o(CL$$btod_edivd)
    _btod_emul                               0x08001603   Thumb Code    40  btod.o(CL$$btod_emul)
    _btod_emuld                              0x0800162b   Thumb Code    40  btod.o(CL$$btod_emuld)
    __btod_mult_common                       0x08001653   Thumb Code   580  btod.o(CL$$btod_mult_common)
    App_Init                                 0x08001899   Thumb Code    56  app.o(i.App_Init)
    App_Run                                  0x080018d5   Thumb Code    38  app.o(i.App_Run)
    BSP_TIM_Init                             0x08001905   Thumb Code     6  bsp_tim.o(i.BSP_TIM_Init)
    BSP_USART_Init                           0x08001911   Thumb Code    36  bsp_usart.o(i.BSP_USART_Init)
    Bsp_CAN_Init                             0x08001945   Thumb Code    34  bsp_can.o(i.Bsp_CAN_Init)
    Bsp_CAN_RX_Filter_Set                    0x08001971   Thumb Code    60  bsp_can.o(i.Bsp_CAN_RX_Filter_Set)
    BusFault_Handler                         0x080019ad   Thumb Code     2  stm32f4xx_it.o(i.BusFault_Handler)
    CAN1_RX0_IRQHandler                      0x080019b1   Thumb Code     6  stm32f4xx_it.o(i.CAN1_RX0_IRQHandler)
    CAN2_RX1_IRQHandler                      0x080019bd   Thumb Code     6  stm32f4xx_it.o(i.CAN2_RX1_IRQHandler)
    CAN_Comm_Get_RX_Data                     0x080019c9   Thumb Code     4  can_comm.o(i.CAN_Comm_Get_RX_Data)
    CAN_Comm_Get_State                       0x080019cd   Thumb Code    12  can_comm.o(i.CAN_Comm_Get_State)
    CAN_Comm_Init                            0x080019dd   Thumb Code     4  can_comm.o(i.CAN_Comm_Init)
    CAN_Comm_RX_Callback                     0x080019e1   Thumb Code    40  can_comm.o(i.CAN_Comm_RX_Callback)
    CAN_Comm_RX_Filter_Set                   0x08001a0d   Thumb Code   114  can_comm.o(i.CAN_Comm_RX_Filter_Set)
    CAN_Comm_Timing_Handle                   0x08001a89   Thumb Code    14  can_comm.o(i.CAN_Comm_Timing_Handle)
    CH104_IMU_USART_Get_Buffer               0x08001a9d   Thumb Code     4  ch104_imu_usart.o(i.CH104_IMU_USART_Get_Buffer)
    CH104_IMU_USART_Get_Data                 0x08001aa5   Thumb Code    74  ch104_imu_usart.o(i.CH104_IMU_USART_Get_Data)
    CH104_IMU_USART_Init                     0x08001af5   Thumb Code    26  ch104_imu_usart.o(i.CH104_IMU_USART_Init)
    CH104_IMU_USART_RX_Handle                0x08001b1d   Thumb Code    14  ch104_imu_usart.o(i.CH104_IMU_USART_RX_Handle)
    CH104_IMU_USART_Timing_Handle            0x08001b2d   Thumb Code    30  ch104_imu_usart.o(i.CH104_IMU_USART_Timing_Handle)
    Chassis_Control                          0x08001b51   Thumb Code    12  chassis.o(i.Chassis_Control)
    Chassis_Init                             0x08001b61   Thumb Code   276  chassis.o(i.Chassis_Init)
    Chassis_Set_Mode                         0x08001c95   Thumb Code     8  chassis.o(i.Chassis_Set_Mode)
    Chassis_Task                             0x08001ca1   Thumb Code  1130  chassis.o(i.Chassis_Task)
    Chassis_Timing_Handle                    0x0800210d   Thumb Code    14  chassis.o(i.Chassis_Timing_Handle)
    DJI_DR16_Data_Process                    0x08002121   Thumb Code   368  dji_dr16.o(i.DJI_DR16_Data_Process)
    DJI_DR16_Get_Buffer                      0x080022b5   Thumb Code     4  dji_dr16.o(i.DJI_DR16_Get_Buffer)
    DJI_DR16_Init                            0x080022bd   Thumb Code    26  dji_dr16.o(i.DJI_DR16_Init)
    DJI_Motor_Get_Angle_Sum                  0x080022e5   Thumb Code   124  dji_motor.o(i.DJI_Motor_Get_Angle_Sum)
    DJI_Motor_Get_Data                       0x08002365   Thumb Code    80  dji_motor.o(i.DJI_Motor_Get_Data)
    DJI_Motor_Init                           0x080023b9   Thumb Code    16  dji_motor.o(i.DJI_Motor_Init)
    DJI_Motor_RX_Filter_Set                  0x080023cd   Thumb Code   210  dji_motor.o(i.DJI_Motor_RX_Filter_Set)
    DJI_Motor_Set_Current                    0x080024ad   Thumb Code   110  dji_motor.o(i.DJI_Motor_Set_Current)
    DJI_Motor_Set_Current_Value              0x08002521   Thumb Code    56  dji_motor.o(i.DJI_Motor_Set_Current_Value)
    DJI_Motor_Timing_Handle                  0x08002605   Thumb Code    32  dji_motor.o(i.DJI_Motor_Timing_Handle)
    DMA1_Stream0_IRQHandler                  0x08002629   Thumb Code     6  stm32f4xx_it.o(i.DMA1_Stream0_IRQHandler)
    DMA1_Stream6_IRQHandler                  0x08002635   Thumb Code     6  stm32f4xx_it.o(i.DMA1_Stream6_IRQHandler)
    DMA2_Stream1_IRQHandler                  0x08002641   Thumb Code     6  stm32f4xx_it.o(i.DMA2_Stream1_IRQHandler)
    DMA2_Stream2_IRQHandler                  0x0800264d   Thumb Code     6  stm32f4xx_it.o(i.DMA2_Stream2_IRQHandler)
    DMA2_Stream6_IRQHandler                  0x08002659   Thumb Code     6  stm32f4xx_it.o(i.DMA2_Stream6_IRQHandler)
    DM_Motor_Get_Angle_Sum                   0x08002709   Thumb Code   124  dm_motor.o(i.DM_Motor_Get_Angle_Sum)
    DM_Motor_Get_Data                        0x08002789   Thumb Code    64  dm_motor.o(i.DM_Motor_Get_Data)
    DM_Motor_Init                            0x080027c9   Thumb Code    18  dm_motor.o(i.DM_Motor_Init)
    DM_Motor_RX_Filter_Set                   0x080027e5   Thumb Code   110  dm_motor.o(i.DM_Motor_RX_Filter_Set)
    DR16_RX_Handle                           0x08002915   Thumb Code    18  dji_dr16.o(i.DR16_RX_Handle)
    DR16_Timing_Handle                       0x0800292d   Thumb Code    14  dji_dr16.o(i.DR16_Timing_Handle)
    DebugMon_Handler                         0x08002941   Thumb Code     2  stm32f4xx_it.o(i.DebugMon_Handler)
    Error_Handler                            0x08002943   Thumb Code     4  main.o(i.Error_Handler)
    Find_Para_Number                         0x08002947   Thumb Code    84  vofa.o(i.Find_Para_Number)
    Find_Para_Str                            0x0800299b   Thumb Code    36  vofa.o(i.Find_Para_Str)
    Gimbal_Add_Angle                         0x080029c1   Thumb Code    38  gimbal.o(i.Gimbal_Add_Angle)
    Gimbal_Timing_Handle                     0x080029f1   Thumb Code    14  gimbal.o(i.Gimbal_Timing_Handle)
    HAL_CAN_ActivateNotification             0x08002a05   Thumb Code    36  stm32f4xx_hal_can.o(i.HAL_CAN_ActivateNotification)
    HAL_CAN_AddTxMessage                     0x08002a29   Thumb Code   188  stm32f4xx_hal_can.o(i.HAL_CAN_AddTxMessage)
    HAL_CAN_ConfigFilter                     0x08002ae5   Thumb Code   262  stm32f4xx_hal_can.o(i.HAL_CAN_ConfigFilter)
    HAL_CAN_ErrorCallback                    0x08002bf1   Thumb Code     2  stm32f4xx_hal_can.o(i.HAL_CAN_ErrorCallback)
    HAL_CAN_GetRxMessage                     0x08002bf3   Thumb Code   244  stm32f4xx_hal_can.o(i.HAL_CAN_GetRxMessage)
    HAL_CAN_IRQHandler                       0x08002ce7   Thumb Code   508  stm32f4xx_hal_can.o(i.HAL_CAN_IRQHandler)
    HAL_CAN_Init                             0x08002ee3   Thumb Code   282  stm32f4xx_hal_can.o(i.HAL_CAN_Init)
    HAL_CAN_MspInit                          0x08002ffd   Thumb Code   228  can.o(i.HAL_CAN_MspInit)
    HAL_CAN_RxFifo0FullCallback              0x080030f9   Thumb Code     2  stm32f4xx_hal_can.o(i.HAL_CAN_RxFifo0FullCallback)
    HAL_CAN_RxFifo0MsgPendingCallback        0x080030fd   Thumb Code    60  bsp_can_isr.o(i.HAL_CAN_RxFifo0MsgPendingCallback)
    HAL_CAN_RxFifo1FullCallback              0x08003149   Thumb Code     2  stm32f4xx_hal_can.o(i.HAL_CAN_RxFifo1FullCallback)
    HAL_CAN_RxFifo1MsgPendingCallback        0x0800314d   Thumb Code    40  bsp_can_isr.o(i.HAL_CAN_RxFifo1MsgPendingCallback)
    HAL_CAN_SleepCallback                    0x0800317d   Thumb Code     2  stm32f4xx_hal_can.o(i.HAL_CAN_SleepCallback)
    HAL_CAN_Start                            0x08003181   Thumb Code    88  stm32f4xx_hal_can.o(i.HAL_CAN_Start)
    HAL_CAN_TxMailbox0AbortCallback          0x080031d9   Thumb Code     2  stm32f4xx_hal_can.o(i.HAL_CAN_TxMailbox0AbortCallback)
    HAL_CAN_TxMailbox0CompleteCallback       0x080031db   Thumb Code     2  stm32f4xx_hal_can.o(i.HAL_CAN_TxMailbox0CompleteCallback)
    HAL_CAN_TxMailbox1AbortCallback          0x080031dd   Thumb Code     2  stm32f4xx_hal_can.o(i.HAL_CAN_TxMailbox1AbortCallback)
    HAL_CAN_TxMailbox1CompleteCallback       0x080031df   Thumb Code     2  stm32f4xx_hal_can.o(i.HAL_CAN_TxMailbox1CompleteCallback)
    HAL_CAN_TxMailbox2AbortCallback          0x080031e1   Thumb Code     2  stm32f4xx_hal_can.o(i.HAL_CAN_TxMailbox2AbortCallback)
    HAL_CAN_TxMailbox2CompleteCallback       0x080031e3   Thumb Code     2  stm32f4xx_hal_can.o(i.HAL_CAN_TxMailbox2CompleteCallback)
    HAL_CAN_WakeUpFromRxMsgCallback          0x080031e5   Thumb Code     2  stm32f4xx_hal_can.o(i.HAL_CAN_WakeUpFromRxMsgCallback)
    HAL_DMA_Abort                            0x080031e7   Thumb Code   146  stm32f4xx_hal_dma.o(i.HAL_DMA_Abort)
    HAL_DMA_Abort_IT                         0x08003279   Thumb Code    36  stm32f4xx_hal_dma.o(i.HAL_DMA_Abort_IT)
    HAL_DMA_IRQHandler                       0x0800329d   Thumb Code   412  stm32f4xx_hal_dma.o(i.HAL_DMA_IRQHandler)
    HAL_DMA_Init                             0x0800343d   Thumb Code   206  stm32f4xx_hal_dma.o(i.HAL_DMA_Init)
    HAL_DMA_Start_IT                         0x08003511   Thumb Code   110  stm32f4xx_hal_dma.o(i.HAL_DMA_Start_IT)
    HAL_GPIO_Init                            0x08003581   Thumb Code   510  stm32f4xx_hal_gpio.o(i.HAL_GPIO_Init)
    HAL_GPIO_WritePin                        0x080037b5   Thumb Code    10  stm32f4xx_hal_gpio.o(i.HAL_GPIO_WritePin)
    HAL_GetTick                              0x080037c1   Thumb Code     6  stm32f4xx_hal.o(i.HAL_GetTick)
    HAL_IncTick                              0x080037cd   Thumb Code    12  stm32f4xx_hal.o(i.HAL_IncTick)
    HAL_Init                                 0x080037dd   Thumb Code    48  stm32f4xx_hal.o(i.HAL_Init)
    HAL_InitTick                             0x08003811   Thumb Code    54  stm32f4xx_hal.o(i.HAL_InitTick)
    HAL_MspInit                              0x08003851   Thumb Code    42  stm32f4xx_hal_msp.o(i.HAL_MspInit)
    HAL_NVIC_EnableIRQ                       0x08003881   Thumb Code    26  stm32f4xx_hal_cortex.o(i.HAL_NVIC_EnableIRQ)
    HAL_NVIC_SetPriority                     0x0800389d   Thumb Code    60  stm32f4xx_hal_cortex.o(i.HAL_NVIC_SetPriority)
    HAL_NVIC_SetPriorityGrouping             0x080038dd   Thumb Code    26  stm32f4xx_hal_cortex.o(i.HAL_NVIC_SetPriorityGrouping)
    HAL_PWREx_EnableOverDrive                0x08003901   Thumb Code    98  stm32f4xx_hal_pwr_ex.o(i.HAL_PWREx_EnableOverDrive)
    HAL_RCC_ClockConfig                      0x08003971   Thumb Code   288  stm32f4xx_hal_rcc.o(i.HAL_RCC_ClockConfig)
    HAL_RCC_GetPCLK1Freq                     0x08003aa5   Thumb Code    20  stm32f4xx_hal_rcc.o(i.HAL_RCC_GetPCLK1Freq)
    HAL_RCC_GetPCLK2Freq                     0x08003ac5   Thumb Code    20  stm32f4xx_hal_rcc.o(i.HAL_RCC_GetPCLK2Freq)
    HAL_RCC_GetSysClockFreq                  0x08003ae5   Thumb Code    88  stm32f4xx_hal_rcc.o(i.HAL_RCC_GetSysClockFreq)
    HAL_RCC_OscConfig                        0x08003b49   Thumb Code   856  stm32f4xx_hal_rcc.o(i.HAL_RCC_OscConfig)
    HAL_SYSTICK_Config                       0x08003eb5   Thumb Code    40  stm32f4xx_hal_cortex.o(i.HAL_SYSTICK_Config)
    HAL_TIMEx_BreakCallback                  0x08003edd   Thumb Code     2  stm32f4xx_hal_tim_ex.o(i.HAL_TIMEx_BreakCallback)
    HAL_TIMEx_CommutCallback                 0x08003edf   Thumb Code     2  stm32f4xx_hal_tim_ex.o(i.HAL_TIMEx_CommutCallback)
    HAL_TIMEx_MasterConfigSynchronization    0x08003ee1   Thumb Code   116  stm32f4xx_hal_tim_ex.o(i.HAL_TIMEx_MasterConfigSynchronization)
    HAL_TIM_Base_Init                        0x08003f71   Thumb Code    90  stm32f4xx_hal_tim.o(i.HAL_TIM_Base_Init)
    HAL_TIM_Base_MspInit                     0x08003fcd   Thumb Code    50  tim.o(i.HAL_TIM_Base_MspInit)
    HAL_TIM_Base_Start_IT                    0x08004009   Thumb Code   100  stm32f4xx_hal_tim.o(i.HAL_TIM_Base_Start_IT)
    HAL_TIM_IC_CaptureCallback               0x08004089   Thumb Code     2  stm32f4xx_hal_tim.o(i.HAL_TIM_IC_CaptureCallback)
    HAL_TIM_IRQHandler                       0x0800408b   Thumb Code   304  stm32f4xx_hal_tim.o(i.HAL_TIM_IRQHandler)
    HAL_TIM_OC_DelayElapsedCallback          0x080041bb   Thumb Code     2  stm32f4xx_hal_tim.o(i.HAL_TIM_OC_DelayElapsedCallback)
    HAL_TIM_PWM_PulseFinishedCallback        0x080041bd   Thumb Code     2  stm32f4xx_hal_tim.o(i.HAL_TIM_PWM_PulseFinishedCallback)
    HAL_TIM_PeriodElapsedCallback            0x080041c1   Thumb Code    50  bsp_tim_isr.o(i.HAL_TIM_PeriodElapsedCallback)
    HAL_TIM_TriggerCallback                  0x080041f9   Thumb Code     2  stm32f4xx_hal_tim.o(i.HAL_TIM_TriggerCallback)
    HAL_UARTEx_ReceiveToIdle_DMA             0x080041fb   Thumb Code    78  stm32f4xx_hal_uart.o(i.HAL_UARTEx_ReceiveToIdle_DMA)
    HAL_UARTEx_RxEventCallback               0x08004249   Thumb Code    62  bsp_usart_isr.o(i.HAL_UARTEx_RxEventCallback)
    HAL_UART_ErrorCallback                   0x08004295   Thumb Code     2  stm32f4xx_hal_uart.o(i.HAL_UART_ErrorCallback)
    HAL_UART_IRQHandler                      0x08004299   Thumb Code   618  stm32f4xx_hal_uart.o(i.HAL_UART_IRQHandler)
    HAL_UART_Init                            0x08004509   Thumb Code   100  stm32f4xx_hal_uart.o(i.HAL_UART_Init)
    HAL_UART_MspInit                         0x0800456d   Thumb Code   516  usart.o(i.HAL_UART_MspInit)
    HAL_UART_RxCpltCallback                  0x0800479d   Thumb Code     2  stm32f4xx_hal_uart.o(i.HAL_UART_RxCpltCallback)
    HAL_UART_RxHalfCpltCallback              0x0800479f   Thumb Code     2  stm32f4xx_hal_uart.o(i.HAL_UART_RxHalfCpltCallback)
    HAL_UART_Transmit_DMA                    0x080047a1   Thumb Code   106  stm32f4xx_hal_uart.o(i.HAL_UART_Transmit_DMA)
    HAL_UART_TxCpltCallback                  0x08004819   Thumb Code     2  stm32f4xx_hal_uart.o(i.HAL_UART_TxCpltCallback)
    HAL_UART_TxHalfCpltCallback              0x0800481b   Thumb Code     2  stm32f4xx_hal_uart.o(i.HAL_UART_TxHalfCpltCallback)
    HardFault_Handler                        0x0800481d   Thumb Code     2  stm32f4xx_it.o(i.HardFault_Handler)
    MX_CAN1_Init                             0x08004821   Thumb Code    60  can.o(i.MX_CAN1_Init)
    MX_CAN2_Init                             0x08004865   Thumb Code    60  can.o(i.MX_CAN2_Init)
    MX_DMA_Init                              0x080048a9   Thumb Code   120  dma.o(i.MX_DMA_Init)
    MX_GPIO_Init                             0x08004925   Thumb Code   218  gpio.o(i.MX_GPIO_Init)
    MX_TIM7_Init                             0x08004a11   Thumb Code    62  tim.o(i.MX_TIM7_Init)
    MX_UART8_Init                            0x08004a59   Thumb Code    46  usart.o(i.MX_UART8_Init)
    MX_USART1_UART_Init                      0x08004a95   Thumb Code    54  usart.o(i.MX_USART1_UART_Init)
    MX_USART6_UART_Init                      0x08004ad9   Thumb Code    48  usart.o(i.MX_USART6_UART_Init)
    MemManage_Handler                        0x08004b11   Thumb Code     2  stm32f4xx_it.o(i.MemManage_Handler)
    NMI_Handler                              0x08004b13   Thumb Code     2  stm32f4xx_it.o(i.NMI_Handler)
    PID_Init                                 0x08004b15   Thumb Code    52  pid.o(i.PID_Init)
    PID_Set                                  0x08004b4d   Thumb Code    42  pid.o(i.PID_Set)
    PendSV_Handler                           0x08004b7d   Thumb Code     2  stm32f4xx_it.o(i.PendSV_Handler)
    Remote_Control_Set                       0x08004b81   Thumb Code   176  robot_cmd.o(i.Remote_Control_Set)
    Robot_Cmd_Init                           0x08004c45   Thumb Code    10  robot_cmd.o(i.Robot_Cmd_Init)
    Robot_Cmd_Task                           0x08004c55   Thumb Code    18  robot_cmd.o(i.Robot_Cmd_Task)
    Robot_Cmd_Timing_Handle                  0x08004c6d   Thumb Code    14  robot_cmd.o(i.Robot_Cmd_Timing_Handle)
    SVC_Handler                              0x08004c81   Thumb Code     2  stm32f4xx_it.o(i.SVC_Handler)
    Shoot_Set_Fire_Add_Speed                 0x08004c85   Thumb Code    22  shoot.o(i.Shoot_Set_Fire_Add_Speed)
    Shoot_Set_Mode                           0x08004ca1   Thumb Code     6  shoot.o(i.Shoot_Set_Mode)
    Shoot_Timing_Handle                      0x08004cad   Thumb Code    22  shoot.o(i.Shoot_Timing_Handle)
    SysTick_Handler                          0x08004cc9   Thumb Code     4  stm32f4xx_it.o(i.SysTick_Handler)
    SystemClock_Config                       0x08004ccd   Thumb Code   150  main.o(i.SystemClock_Config)
    SystemInit                               0x08004d6d   Thumb Code    12  system_stm32f4xx.o(i.SystemInit)
    TIM7_IRQHandler                          0x08004d7d   Thumb Code     6  stm32f4xx_it.o(i.TIM7_IRQHandler)
    TIM_Base_SetConfig                       0x08004d89   Thumb Code   170  stm32f4xx_hal_tim.o(i.TIM_Base_SetConfig)
    UART8_IRQHandler                         0x08004e61   Thumb Code     6  stm32f4xx_it.o(i.UART8_IRQHandler)
    UART_Start_Receive_DMA                   0x080051f1   Thumb Code   130  stm32f4xx_hal_uart.o(i.UART_Start_Receive_DMA)
    USART1_IRQHandler                        0x08005281   Thumb Code     6  stm32f4xx_it.o(i.USART1_IRQHandler)
    USART6_IRQHandler                        0x0800528d   Thumb Code     6  stm32f4xx_it.o(i.USART6_IRQHandler)
    UsageFault_Handler                       0x08005299   Thumb Code     2  stm32f4xx_it.o(i.UsageFault_Handler)
    Vofa_Get_RX_Value                        0x0800529d   Thumb Code    28  vofa.o(i.Vofa_Get_RX_Value)
    Vofa_Init                                0x080052c1   Thumb Code   142  vofa.o(i.Vofa_Init)
    Vofa_Receive_Enabled                     0x08005419   Thumb Code    20  vofa.o(i.Vofa_Receive_Enabled)
    Vofa_Receive_Handle                      0x08005431   Thumb Code   176  vofa.o(i.Vofa_Receive_Handle)
    Vofa_Timing_Handle                       0x080054f1   Thumb Code    14  vofa.o(i.Vofa_Timing_Handle)
    __ARM_fpclassify                         0x08005505   Thumb Code    48  fpclassify.o(i.__ARM_fpclassify)
    __hardfp_atof                            0x08005559   Thumb Code    44  atof.o(i.__hardfp_atof)
    __hardfp_cos                             0x08005591   Thumb Code   180  cos.o(i.__hardfp_cos)
    __hardfp_ldexp                           0x08005659   Thumb Code   200  ldexp.o(i.__hardfp_ldexp)
    __ieee754_rem_pio2                       0x08005729   Thumb Code   938  rred.o(i.__ieee754_rem_pio2)
    __kernel_cos                             0x08005b61   Thumb Code   322  cos_i.o(i.__kernel_cos)
    __kernel_poly                            0x08005cd1   Thumb Code   248  poly.o(i.__kernel_poly)
    __kernel_sin                             0x08005dc9   Thumb Code   280  sin_i.o(i.__kernel_sin)
    __mathlib_dbl_infnan                     0x08005ef9   Thumb Code    20  dunder.o(i.__mathlib_dbl_infnan)
    __mathlib_dbl_invalid                    0x08005f11   Thumb Code    24  dunder.o(i.__mathlib_dbl_invalid)
    __mathlib_dbl_overflow                   0x08005f31   Thumb Code    24  dunder.o(i.__mathlib_dbl_overflow)
    __mathlib_dbl_underflow                  0x08005f51   Thumb Code    24  dunder.o(i.__mathlib_dbl_underflow)
    __mathlib_narrow                         0x08005f71   Thumb Code   166  narrow.o(i.__mathlib_narrow)
    __support_ldexp                          0x08006029   Thumb Code    20  ldexp.o(i.__support_ldexp)
    _is_digit                                0x0800603d   Thumb Code    14  __printf_wp.o(i._is_digit)
    fabs                                     0x08006079   Thumb Code    24  fabs.o(i.fabs)
    frexp                                    0x08006091   Thumb Code   118  frexp.o(i.frexp)
    main                                     0x0800611d   Thumb Code    50  main.o(i.main)
    pid_error_input                          0x08006151   Thumb Code   208  pid.o(i.pid_error_input)
    uint_to_float                            0x0800622d   Thumb Code    40  dm_motor.o(i.uint_to_float)
    _get_lc_numeric                          0x08006255   Thumb Code    44  lc_numeric_c.o(locale$$code)
    _get_lc_ctype                            0x08006281   Thumb Code    44  lc_ctype_c.o(locale$$code)
    __aeabi_dneg                             0x080062ad   Thumb Code     0  basic.o(x$fpl$basic)
    _dneg                                    0x080062ad   Thumb Code     6  basic.o(x$fpl$basic)
    __aeabi_fneg                             0x080062b3   Thumb Code     0  basic.o(x$fpl$basic)
    _fneg                                    0x080062b3   Thumb Code     6  basic.o(x$fpl$basic)
    _dabs                                    0x080062b9   Thumb Code     6  basic.o(x$fpl$basic)
    _fabs                                    0x080062bf   Thumb Code     6  basic.o(x$fpl$basic)
    __aeabi_d2f                              0x080062c5   Thumb Code     0  d2f.o(x$fpl$d2f)
    _d2f                                     0x080062c5   Thumb Code    98  d2f.o(x$fpl$d2f)
    __aeabi_dadd                             0x08006329   Thumb Code     0  daddsub_clz.o(x$fpl$dadd)
    _dadd                                    0x08006329   Thumb Code   332  daddsub_clz.o(x$fpl$dadd)
    __fpl_dcheck_NaN1                        0x08006479   Thumb Code    10  dcheck1.o(x$fpl$dcheck1)
    __fpl_dcmp_Inf                           0x08006489   Thumb Code    24  dcmpi.o(x$fpl$dcmpinf)
    __aeabi_ddiv                             0x080064a1   Thumb Code     0  ddiv.o(x$fpl$ddiv)
    _ddiv                                    0x080064a1   Thumb Code   552  ddiv.o(x$fpl$ddiv)
    __aeabi_cdcmpeq                          0x08006751   Thumb Code     0  deqf.o(x$fpl$deqf)
    _dcmpeq                                  0x08006751   Thumb Code   120  deqf.o(x$fpl$deqf)
    __aeabi_d2iz                             0x080067c9   Thumb Code     0  dfix.o(x$fpl$dfix)
    _dfix                                    0x080067c9   Thumb Code    94  dfix.o(x$fpl$dfix)
    __aeabi_i2d                              0x08006827   Thumb Code     0  dflt_clz.o(x$fpl$dflt)
    _dflt                                    0x08006827   Thumb Code    46  dflt_clz.o(x$fpl$dflt)
    __aeabi_ui2d                             0x08006855   Thumb Code     0  dflt_clz.o(x$fpl$dfltu)
    _dfltu                                   0x08006855   Thumb Code    38  dflt_clz.o(x$fpl$dfltu)
    __aeabi_cdcmple                          0x0800687d   Thumb Code     0  dleqf.o(x$fpl$dleqf)
    _dcmple                                  0x0800687d   Thumb Code   120  dleqf.o(x$fpl$dleqf)
    __fpl_dcmple_InfNaN                      0x080068df   Thumb Code     0  dleqf.o(x$fpl$dleqf)
    __aeabi_dmul                             0x080068f5   Thumb Code     0  dmul.o(x$fpl$dmul)
    _dmul                                    0x080068f5   Thumb Code   332  dmul.o(x$fpl$dmul)
    __fpl_dnaninf                            0x08006a49   Thumb Code   156  dnaninf.o(x$fpl$dnaninf)
    __fpl_dretinf                            0x08006ae5   Thumb Code    12  dretinf.o(x$fpl$dretinf)
    __aeabi_cdrcmple                         0x08006af1   Thumb Code     0  drleqf.o(x$fpl$drleqf)
    _drcmple                                 0x08006af1   Thumb Code   108  drleqf.o(x$fpl$drleqf)
    __aeabi_drsub                            0x08006b5d   Thumb Code     0  daddsub_clz.o(x$fpl$drsb)
    _drsb                                    0x08006b5d   Thumb Code    22  daddsub_clz.o(x$fpl$drsb)
    __aeabi_dsub                             0x08006b75   Thumb Code     0  daddsub_clz.o(x$fpl$dsub)
    _dsub                                    0x08006b75   Thumb Code   464  daddsub_clz.o(x$fpl$dsub)
    __aeabi_f2d                              0x08006d49   Thumb Code     0  f2d.o(x$fpl$f2d)
    _f2d                                     0x08006d49   Thumb Code    86  f2d.o(x$fpl$f2d)
    __fpl_fnaninf                            0x08006d9f   Thumb Code   140  fnaninf.o(x$fpl$fnaninf)
    _fp_init                                 0x08006e2b   Thumb Code    10  fpinit.o(x$fpl$fpinit)
    __fplib_config_fpu_vfp                   0x08006e33   Thumb Code     0  fpinit.o(x$fpl$fpinit)
    __fplib_config_pureend_doubles           0x08006e33   Thumb Code     0  fpinit.o(x$fpl$fpinit)
    __fpl_fretinf                            0x08006e35   Thumb Code    10  fretinf.o(x$fpl$fretinf)
    __fpl_return_NaN                         0x08006e3f   Thumb Code   100  retnan.o(x$fpl$retnan)
    __ARM_scalbn                             0x08006ea3   Thumb Code    92  scalbn.o(x$fpl$scalbn)
    _scanf_real                              0x08006eff   Thumb Code     4  scanf1.o(x$fpl$scanf1)
    _scanf_hex_real                          0x08006f03   Thumb Code     4  scanf2.o(x$fpl$scanf2)
    _scanf_infnan                            0x08006f07   Thumb Code     4  scanf2.o(x$fpl$scanf2)
    __fpl_cmpreturn                          0x08006f0b   Thumb Code    48  trapv.o(x$fpl$trapveneer)
    TX_JustFloat_Tail                        0x08006f3a   Data           4  vofa.o(.constdata)
    __I$use$fp                               0x08006f3a   Number         0  usenofp.o(x$fpl$usenofp)
    AHBPrescTable                            0x08006f46   Data          16  system_stm32f4xx.o(.constdata)
    APBPrescTable                            0x08006f56   Data           8  system_stm32f4xx.o(.constdata)
    Region$$Table$$Base                      0x08007114   Number         0  anon$$obj.o(Region$$Table)
    Region$$Table$$Limit                     0x08007134   Number         0  anon$$obj.o(Region$$Table)
    __aeabi_HUGE_VAL                         0x08007134   Data           0  fpconst.o(c$$dinf)
    __aeabi_HUGE_VALL                        0x08007134   Data           0  fpconst.o(c$$dinf)
    __aeabi_INFINITY                         0x08007134   Data           0  fpconst.o(c$$dinf)
    __dInf                                   0x08007134   Data           0  fpconst.o(c$$dinf)
    __huge_val                               0x08007134   Data           0  fpconst.o(c$$dinf)
    __ctype                                  0x08007165   Data           0  lc_ctype_c.o(locale$$data)
    Test                                     0x20000004   Data           2  app.o(.data)
    OMEGA_VALUE                              0x20000008   Data           4  chassis.o(.data)
    Gimbal_Yaw_Angle_Offset                  0x2000000c   Data           4  chassis.o(.data)
    current_value                            0x20000010   Data           4  gimbal.o(.data)
    current_tar_value                        0x20000014   Data           4  gimbal.o(.data)
    Yaw_Angle_Value                          0x20000018   Data           4  gimbal.o(.data)
    Pitch_Angle_Value                        0x2000001c   Data           4  gimbal.o(.data)
    Yaw_Current_Out_Value_Last               0x20000020   Data           4  gimbal.o(.data)
    Yaw_Current_Out_Value                    0x20000024   Data           4  gimbal.o(.data)
    Firing_Switch                            0x2000002c   Data           1  shoot.o(.data)
    Feeding_Angle_Value                      0x20000030   Data           4  shoot.o(.data)
    Feeding_Angle_Value_Last                 0x20000034   Data           4  shoot.o(.data)
    Chassis_Control_Data                     0x20000038   Data           8  robot_cmd.o(.data)
    Error_Data                               0x20000040   Data           1  dji_motor.o(.data)
    Motor_Group                              0x20000041   Data          38  dji_motor.o(.data)
    Down_Board                               0x20000067   Data          17  can_comm.o(.data)
    CAN_Comm_RX_Down_Board_Buffer            0x20000078   Data           8  can_comm.o(.data)
    Bsp_CAN1_Fifo0_RX_Data                   0x20000080   Data           8  bsp_can.o(.data)
    Bsp_CAN2_Fifo1_RX_Data                   0x20000088   Data           8  bsp_can.o(.data)
    USART6_TX_Buffer                         0x20000090   Data          16  bsp_usart.o(.data)
    uwTickFreq                               0x200000a0   Data           1  stm32f4xx_hal.o(.data)
    uwTickPrio                               0x200000a4   Data           4  stm32f4xx_hal.o(.data)
    uwTick                                   0x200000a8   Data           4  stm32f4xx_hal.o(.data)
    SystemCoreClock                          0x200000ac   Data           4  system_stm32f4xx.o(.data)
    hcan1                                    0x200000b0   Data          40  can.o(.bss)
    hcan2                                    0x200000d8   Data          40  can.o(.bss)
    htim7                                    0x20000100   Data          72  tim.o(.bss)
    huart8                                   0x20000148   Data          72  usart.o(.bss)
    huart1                                   0x20000190   Data          72  usart.o(.bss)
    huart6                                   0x200001d8   Data          72  usart.o(.bss)
    hdma_uart8_rx                            0x20000220   Data          96  usart.o(.bss)
    hdma_uart8_tx                            0x20000280   Data          96  usart.o(.bss)
    hdma_usart1_rx                           0x200002e0   Data          96  usart.o(.bss)
    hdma_usart6_rx                           0x20000340   Data          96  usart.o(.bss)
    hdma_usart6_tx                           0x200003a0   Data          96  usart.o(.bss)
    Chassis                                  0x20000400   Data         352  chassis.o(.bss)
    Gimbal                                   0x20000560   Data         432  gimbal.o(.bss)
    Shoot                                    0x20000710   Data         296  shoot.o(.bss)
    Robot_Cmd                                0x20000838   Data          12  robot_cmd.o(.bss)
    DJI_DR16_Data                            0x20000844   Data          48  dji_dr16.o(.bss)
    DJI_DR16_Buffer                          0x20000874   Data          36  dji_dr16.o(.bss)
    DJI_MGRP1_RX_Data                        0x20000898   Data         112  dji_motor.o(.bss)
    DJI_MGRP2_RX_Data                        0x20000908   Data          56  dji_motor.o(.bss)
    Motor_Pid1                               0x20000940   Data          60  dji_motor.o(.bss)
    Vofa_Data                                0x2000097c   Data         183  vofa.o(.bss)
    Vofa_Send_Buffer                         0x20000a33   Data         100  vofa.o(.bss)
    DM_Motor_4310                            0x20000a97   Data          55  dm_motor.o(.bss)
    CH104_IMU_USART_Buffer                   0x20000ace   Data          82  ch104_imu_usart.o(.bss)
    CH104_IMU_USART                          0x20000b20   Data          88  ch104_imu_usart.o(.bss)
    USART6_RX_Buffer                         0x20000b78   Data         100  bsp_usart.o(.bss)
    __libspace_start                         0x20000bdc   Data          96  libspace.o(.bss)
    __temporary_stack_top$libspace           0x20000c3c   Data           0  libspace.o(.bss)



==============================================================================

Memory Map of the image

  Image Entry point : 0x080001ad

  Load Region LR_IROM1 (Base: 0x08000000, Size: 0x00007318, Max: 0x00200000, ABSOLUTE)

    Execution Region ER_IROM1 (Exec base: 0x08000000, Load base: 0x08000000, Size: 0x00007268, Max: 0x00200000, ABSOLUTE)

    Exec Addr    Load Addr    Size         Type   Attr      Idx    E Section Name        Object

    0x08000000   0x08000000   0x000001ac   Data   RO         4561    RESET               startup_stm32f427xx.o
    0x080001ac   0x080001ac   0x00000008   Code   RO         4582  * !!!main             c_w.l(__main.o)
    0x080001b4   0x080001b4   0x00000034   Code   RO         5154    !!!scatter          c_w.l(__scatter.o)
    0x080001e8   0x080001e8   0x0000001a   Code   RO         5156    !!handler_copy      c_w.l(__scatter_copy.o)
    0x08000202   0x08000202   0x00000002   PAD
    0x08000204   0x08000204   0x0000001c   Code   RO         5158    !!handler_zi        c_w.l(__scatter_zi.o)
    0x08000220   0x08000220   0x00000002   Code   RO         4959    .ARM.Collect$$libinit$$00000000  c_w.l(libinit.o)
    0x08000222   0x08000222   0x00000004   Code   RO         4960    .ARM.Collect$$libinit$$00000001  c_w.l(libinit2.o)
    0x08000226   0x08000226   0x00000000   Code   RO         4963    .ARM.Collect$$libinit$$00000004  c_w.l(libinit2.o)
    0x08000226   0x08000226   0x00000000   Code   RO         4966    .ARM.Collect$$libinit$$0000000A  c_w.l(libinit2.o)
    0x08000226   0x08000226   0x00000000   Code   RO         4968    .ARM.Collect$$libinit$$0000000C  c_w.l(libinit2.o)
    0x08000226   0x08000226   0x00000000   Code   RO         4970    .ARM.Collect$$libinit$$0000000E  c_w.l(libinit2.o)
    0x08000226   0x08000226   0x00000006   Code   RO         4971    .ARM.Collect$$libinit$$0000000F  c_w.l(libinit2.o)
    0x0800022c   0x0800022c   0x00000000   Code   RO         4973    .ARM.Collect$$libinit$$00000011  c_w.l(libinit2.o)
    0x0800022c   0x0800022c   0x0000000c   Code   RO         4974    .ARM.Collect$$libinit$$00000012  c_w.l(libinit2.o)
    0x08000238   0x08000238   0x00000000   Code   RO         4975    .ARM.Collect$$libinit$$00000013  c_w.l(libinit2.o)
    0x08000238   0x08000238   0x00000000   Code   RO         4977    .ARM.Collect$$libinit$$00000015  c_w.l(libinit2.o)
    0x08000238   0x08000238   0x0000000a   Code   RO         4978    .ARM.Collect$$libinit$$00000016  c_w.l(libinit2.o)
    0x08000242   0x08000242   0x00000000   Code   RO         4979    .ARM.Collect$$libinit$$00000017  c_w.l(libinit2.o)
    0x08000242   0x08000242   0x00000000   Code   RO         4981    .ARM.Collect$$libinit$$00000019  c_w.l(libinit2.o)
    0x08000242   0x08000242   0x00000000   Code   RO         4983    .ARM.Collect$$libinit$$0000001B  c_w.l(libinit2.o)
    0x08000242   0x08000242   0x00000000   Code   RO         4985    .ARM.Collect$$libinit$$0000001D  c_w.l(libinit2.o)
    0x08000242   0x08000242   0x00000000   Code   RO         4987    .ARM.Collect$$libinit$$0000001F  c_w.l(libinit2.o)
    0x08000242   0x08000242   0x00000000   Code   RO         4989    .ARM.Collect$$libinit$$00000021  c_w.l(libinit2.o)
    0x08000242   0x08000242   0x00000000   Code   RO         4991    .ARM.Collect$$libinit$$00000023  c_w.l(libinit2.o)
    0x08000242   0x08000242   0x00000000   Code   RO         4993    .ARM.Collect$$libinit$$00000025  c_w.l(libinit2.o)
    0x08000242   0x08000242   0x00000000   Code   RO         4997    .ARM.Collect$$libinit$$0000002C  c_w.l(libinit2.o)
    0x08000242   0x08000242   0x00000000   Code   RO         4999    .ARM.Collect$$libinit$$0000002E  c_w.l(libinit2.o)
    0x08000242   0x08000242   0x00000000   Code   RO         5001    .ARM.Collect$$libinit$$00000030  c_w.l(libinit2.o)
    0x08000242   0x08000242   0x00000000   Code   RO         5003    .ARM.Collect$$libinit$$00000032  c_w.l(libinit2.o)
    0x08000242   0x08000242   0x00000002   Code   RO         5004    .ARM.Collect$$libinit$$00000033  c_w.l(libinit2.o)
    0x08000244   0x08000244   0x00000002   Code   RO         5091    .ARM.Collect$$libshutdown$$00000000  c_w.l(libshutdown.o)
    0x08000246   0x08000246   0x00000000   Code   RO         5130    .ARM.Collect$$libshutdown$$00000003  c_w.l(libshutdown2.o)
    0x08000246   0x08000246   0x00000000   Code   RO         5133    .ARM.Collect$$libshutdown$$00000006  c_w.l(libshutdown2.o)
    0x08000246   0x08000246   0x00000000   Code   RO         5136    .ARM.Collect$$libshutdown$$00000009  c_w.l(libshutdown2.o)
    0x08000246   0x08000246   0x00000000   Code   RO         5138    .ARM.Collect$$libshutdown$$0000000B  c_w.l(libshutdown2.o)
    0x08000246   0x08000246   0x00000000   Code   RO         5141    .ARM.Collect$$libshutdown$$0000000E  c_w.l(libshutdown2.o)
    0x08000246   0x08000246   0x00000002   Code   RO         5142    .ARM.Collect$$libshutdown$$0000000F  c_w.l(libshutdown2.o)
    0x08000248   0x08000248   0x00000000   Code   RO         4672    .ARM.Collect$$rtentry$$00000000  c_w.l(__rtentry.o)
    0x08000248   0x08000248   0x00000000   Code   RO         4843    .ARM.Collect$$rtentry$$00000002  c_w.l(__rtentry2.o)
    0x08000248   0x08000248   0x00000006   Code   RO         4855    .ARM.Collect$$rtentry$$00000004  c_w.l(__rtentry4.o)
    0x0800024e   0x0800024e   0x00000000   Code   RO         4845    .ARM.Collect$$rtentry$$00000009  c_w.l(__rtentry2.o)
    0x0800024e   0x0800024e   0x00000004   Code   RO         4846    .ARM.Collect$$rtentry$$0000000A  c_w.l(__rtentry2.o)
    0x08000252   0x08000252   0x00000000   Code   RO         4848    .ARM.Collect$$rtentry$$0000000C  c_w.l(__rtentry2.o)
    0x08000252   0x08000252   0x00000008   Code   RO         4849    .ARM.Collect$$rtentry$$0000000D  c_w.l(__rtentry2.o)
    0x0800025a   0x0800025a   0x00000002   Code   RO         5007    .ARM.Collect$$rtexit$$00000000  c_w.l(rtexit.o)
    0x0800025c   0x0800025c   0x00000000   Code   RO         5042    .ARM.Collect$$rtexit$$00000002  c_w.l(rtexit2.o)
    0x0800025c   0x0800025c   0x00000004   Code   RO         5043    .ARM.Collect$$rtexit$$00000003  c_w.l(rtexit2.o)
    0x08000260   0x08000260   0x00000006   Code   RO         5044    .ARM.Collect$$rtexit$$00000004  c_w.l(rtexit2.o)
    0x08000266   0x08000266   0x00000002   PAD
    0x08000268   0x08000268   0x00000040   Code   RO         4562    .text               startup_stm32f427xx.o
    0x080002a8   0x080002a8   0x000000ee   Code   RO         4568    .text               c_w.l(lludivv7m.o)
    0x08000396   0x08000396   0x00000024   Code   RO         4572    .text               c_w.l(strstr.o)
    0x080003ba   0x080003ba   0x0000003e   Code   RO         4574    .text               c_w.l(strlen.o)
    0x080003f8   0x080003f8   0x0000008a   Code   RO         4576    .text               c_w.l(rt_memcpy_v6.o)
    0x08000482   0x08000482   0x0000004e   Code   RO         4578    .text               c_w.l(rt_memclr_w.o)
    0x080004d0   0x080004d0   0x00000006   Code   RO         4580    .text               c_w.l(heapauxi.o)
    0x080004d6   0x080004d6   0x00000016   Code   RO         4677    .text               c_w.l(_rserrno.o)
    0x080004ec   0x080004ec   0x000000a0   Code   RO         4772    .text               c_w.l(strtod.o)
    0x0800058c   0x0800058c   0x00000064   Code   RO         4774    .text               c_w.l(rt_memcpy_w.o)
    0x080005f0   0x080005f0   0x00000008   Code   RO         4862    .text               c_w.l(rt_errno_addr_intlibspace.o)
    0x080005f8   0x080005f8   0x00000012   Code   RO         4866    .text               c_w.l(isspace.o)
    0x0800060a   0x0800060a   0x00000040   Code   RO         4882    .text               c_w.l(_sgetc.o)
    0x0800064a   0x0800064a   0x00000002   PAD
    0x0800064c   0x0800064c   0x00000008   Code   RO         4905    .text               c_w.l(libspace.o)
    0x08000654   0x08000654   0x0000004a   Code   RO         4908    .text               c_w.l(sys_stackheap_outer.o)
    0x0800069e   0x0800069e   0x00000002   PAD
    0x080006a0   0x080006a0   0x00000010   Code   RO         4910    .text               c_w.l(rt_ctype_table.o)
    0x080006b0   0x080006b0   0x00000008   Code   RO         4915    .text               c_w.l(rt_locale_intlibspace.o)
    0x080006b8   0x080006b8   0x000004a4   Code   RO         4919    .text               c_w.l(scanf_fp.o)
    0x08000b5c   0x08000b5c   0x000000dc   Code   RO         4921    .text               c_w.l(bigflt0.o)
    0x08000c38   0x08000c38   0x0000000c   Code   RO         4946    .text               c_w.l(exit.o)
    0x08000c44   0x08000c44   0x00000080   Code   RO         4952    .text               c_w.l(strcmpv7m.o)
    0x08000cc4   0x08000cc4   0x0000000c   Code   RO         5039    .text               c_w.l(sys_exit.o)
    0x08000cd0   0x08000cd0   0x00000318   Code   RO         5048    .text               c_w.l(scanf_hexfp.o)
    0x08000fe8   0x08000fe8   0x00000134   Code   RO         5050    .text               c_w.l(scanf_infnan.o)
    0x0800111c   0x0800111c   0x00000002   Code   RO         5074    .text               c_w.l(use_no_semi.o)
    0x0800111e   0x0800111e   0x00000000   Code   RO         5076    .text               c_w.l(indicate_semi.o)
    0x0800111e   0x0800111e   0x00000026   Code   RO         5079    .text               c_w.l(llshl.o)
    0x08001144   0x08001144   0x0000001c   Code   RO         5081    .text               c_w.l(_chval.o)
    0x08001160   0x08001160   0x00000338   Code   RO         4934    CL$$btod_div_common  c_w.l(btod.o)
    0x08001498   0x08001498   0x00000054   Code   RO         4932    CL$$btod_e2d        c_w.l(btod.o)
    0x080014ec   0x080014ec   0x000000c6   Code   RO         4931    CL$$btod_e2e        c_w.l(btod.o)
    0x080015b2   0x080015b2   0x00000028   Code   RO         4928    CL$$btod_ediv       c_w.l(btod.o)
    0x080015da   0x080015da   0x00000028   Code   RO         4930    CL$$btod_edivd      c_w.l(btod.o)
    0x08001602   0x08001602   0x00000028   Code   RO         4927    CL$$btod_emul       c_w.l(btod.o)
    0x0800162a   0x0800162a   0x00000028   Code   RO         4929    CL$$btod_emuld      c_w.l(btod.o)
    0x08001652   0x08001652   0x00000244   Code   RO         4933    CL$$btod_mult_common  c_w.l(btod.o)
    0x08001896   0x08001896   0x00000002   PAD
    0x08001898   0x08001898   0x0000003c   Code   RO          522    i.App_Init          app.o
    0x080018d4   0x080018d4   0x00000030   Code   RO          523    i.App_Run           app.o
    0x08001904   0x08001904   0x0000000c   Code   RO         1612    i.BSP_TIM_Init      bsp_tim.o
    0x08001910   0x08001910   0x00000034   Code   RO         1675    i.BSP_USART_Init    bsp_usart.o
    0x08001944   0x08001944   0x0000002c   Code   RO         1540    i.Bsp_CAN_Init      bsp_can.o
    0x08001970   0x08001970   0x0000003c   Code   RO         1541    i.Bsp_CAN_RX_Filter_Set  bsp_can.o
    0x080019ac   0x080019ac   0x00000002   Code   RO          356    i.BusFault_Handler  stm32f4xx_it.o
    0x080019ae   0x080019ae   0x00000002   PAD
    0x080019b0   0x080019b0   0x0000000c   Code   RO          357    i.CAN1_RX0_IRQHandler  stm32f4xx_it.o
    0x080019bc   0x080019bc   0x0000000c   Code   RO          358    i.CAN2_RX1_IRQHandler  stm32f4xx_it.o
    0x080019c8   0x080019c8   0x00000004   Code   RO         1473    i.CAN_Comm_Get_RX_Data  can_comm.o
    0x080019cc   0x080019cc   0x00000010   Code   RO         1474    i.CAN_Comm_Get_State  can_comm.o
    0x080019dc   0x080019dc   0x00000004   Code   RO         1475    i.CAN_Comm_Init     can_comm.o
    0x080019e0   0x080019e0   0x0000002c   Code   RO         1476    i.CAN_Comm_RX_Callback  can_comm.o
    0x08001a0c   0x08001a0c   0x0000007c   Code   RO         1477    i.CAN_Comm_RX_Filter_Set  can_comm.o
    0x08001a88   0x08001a88   0x00000014   Code   RO         1479    i.CAN_Comm_Timing_Handle  can_comm.o
    0x08001a9c   0x08001a9c   0x00000008   Code   RO         1404    i.CH104_IMU_USART_Get_Buffer  ch104_imu_usart.o
    0x08001aa4   0x08001aa4   0x00000050   Code   RO         1405    i.CH104_IMU_USART_Get_Data  ch104_imu_usart.o
    0x08001af4   0x08001af4   0x00000028   Code   RO         1407    i.CH104_IMU_USART_Init  ch104_imu_usart.o
    0x08001b1c   0x08001b1c   0x0000000e   Code   RO         1408    i.CH104_IMU_USART_RX_Handle  ch104_imu_usart.o
    0x08001b2a   0x08001b2a   0x00000002   PAD
    0x08001b2c   0x08001b2c   0x00000024   Code   RO         1409    i.CH104_IMU_USART_Timing_Handle  ch104_imu_usart.o
    0x08001b50   0x08001b50   0x00000010   Code   RO          616    i.Chassis_Control   chassis.o
    0x08001b60   0x08001b60   0x00000134   Code   RO          618    i.Chassis_Init      chassis.o
    0x08001c94   0x08001c94   0x0000000c   Code   RO          619    i.Chassis_Set_Mode  chassis.o
    0x08001ca0   0x08001ca0   0x0000046a   Code   RO          620    i.Chassis_Task      chassis.o
    0x0800210a   0x0800210a   0x00000002   PAD
    0x0800210c   0x0800210c   0x00000014   Code   RO          621    i.Chassis_Timing_Handle  chassis.o
    0x08002120   0x08002120   0x00000194   Code   RO          906    i.DJI_DR16_Data_Process  dji_dr16.o
    0x080022b4   0x080022b4   0x00000008   Code   RO          907    i.DJI_DR16_Get_Buffer  dji_dr16.o
    0x080022bc   0x080022bc   0x00000028   Code   RO          908    i.DJI_DR16_Init     dji_dr16.o
    0x080022e4   0x080022e4   0x00000080   Code   RO          967    i.DJI_Motor_Get_Angle_Sum  dji_motor.o
    0x08002364   0x08002364   0x00000054   Code   RO          968    i.DJI_Motor_Get_Data  dji_motor.o
    0x080023b8   0x080023b8   0x00000014   Code   RO          970    i.DJI_Motor_Init    dji_motor.o
    0x080023cc   0x080023cc   0x000000e0   Code   RO          971    i.DJI_Motor_RX_Filter_Set  dji_motor.o
    0x080024ac   0x080024ac   0x00000074   Code   RO          972    i.DJI_Motor_Set_Current  dji_motor.o
    0x08002520   0x08002520   0x0000003c   Code   RO          973    i.DJI_Motor_Set_Current_Value  dji_motor.o
    0x0800255c   0x0800255c   0x000000a8   Code   RO          974    i.DJI_Motor_Set_Ret  dji_motor.o
    0x08002604   0x08002604   0x00000024   Code   RO          975    i.DJI_Motor_Timing_Handle  dji_motor.o
    0x08002628   0x08002628   0x0000000c   Code   RO          359    i.DMA1_Stream0_IRQHandler  stm32f4xx_it.o
    0x08002634   0x08002634   0x0000000c   Code   RO          360    i.DMA1_Stream6_IRQHandler  stm32f4xx_it.o
    0x08002640   0x08002640   0x0000000c   Code   RO          361    i.DMA2_Stream1_IRQHandler  stm32f4xx_it.o
    0x0800264c   0x0800264c   0x0000000c   Code   RO          362    i.DMA2_Stream2_IRQHandler  stm32f4xx_it.o
    0x08002658   0x08002658   0x0000000c   Code   RO          363    i.DMA2_Stream6_IRQHandler  stm32f4xx_it.o
    0x08002664   0x08002664   0x00000028   Code   RO         2479    i.DMA_CalcBaseAndBitshift  stm32f4xx_hal_dma.o
    0x0800268c   0x0800268c   0x00000054   Code   RO         2480    i.DMA_CheckFifoParam  stm32f4xx_hal_dma.o
    0x080026e0   0x080026e0   0x00000028   Code   RO         2481    i.DMA_SetConfig     stm32f4xx_hal_dma.o
    0x08002708   0x08002708   0x00000080   Code   RO         1277    i.DM_Motor_Get_Angle_Sum  dm_motor.o
    0x08002788   0x08002788   0x00000040   Code   RO         1278    i.DM_Motor_Get_Data  dm_motor.o
    0x080027c8   0x080027c8   0x0000001c   Code   RO         1279    i.DM_Motor_Init     dm_motor.o
    0x080027e4   0x080027e4   0x00000078   Code   RO         1280    i.DM_Motor_RX_Filter_Set  dm_motor.o
    0x0800285c   0x0800285c   0x000000b8   Code   RO         1287    i.DM_Motor_Set_Ret  dm_motor.o
    0x08002914   0x08002914   0x00000018   Code   RO          910    i.DR16_RX_Handle    dji_dr16.o
    0x0800292c   0x0800292c   0x00000014   Code   RO          911    i.DR16_Timing_Handle  dji_dr16.o
    0x08002940   0x08002940   0x00000002   Code   RO          364    i.DebugMon_Handler  stm32f4xx_it.o
    0x08002942   0x08002942   0x00000004   Code   RO            4    i.Error_Handler     main.o
    0x08002946   0x08002946   0x00000054   Code   RO         1101    i.Find_Para_Number  vofa.o
    0x0800299a   0x0800299a   0x00000024   Code   RO         1102    i.Find_Para_Str     vofa.o
    0x080029be   0x080029be   0x00000002   PAD
    0x080029c0   0x080029c0   0x00000030   Code   RO          695    i.Gimbal_Add_Angle  gimbal.o
    0x080029f0   0x080029f0   0x00000014   Code   RO          701    i.Gimbal_Timing_Handle  gimbal.o
    0x08002a04   0x08002a04   0x00000024   Code   RO         1735    i.HAL_CAN_ActivateNotification  stm32f4xx_hal_can.o
    0x08002a28   0x08002a28   0x000000bc   Code   RO         1736    i.HAL_CAN_AddTxMessage  stm32f4xx_hal_can.o
    0x08002ae4   0x08002ae4   0x0000010c   Code   RO         1737    i.HAL_CAN_ConfigFilter  stm32f4xx_hal_can.o
    0x08002bf0   0x08002bf0   0x00000002   Code   RO         1740    i.HAL_CAN_ErrorCallback  stm32f4xx_hal_can.o
    0x08002bf2   0x08002bf2   0x000000f4   Code   RO         1743    i.HAL_CAN_GetRxMessage  stm32f4xx_hal_can.o
    0x08002ce6   0x08002ce6   0x000001fc   Code   RO         1747    i.HAL_CAN_IRQHandler  stm32f4xx_hal_can.o
    0x08002ee2   0x08002ee2   0x0000011a   Code   RO         1748    i.HAL_CAN_Init      stm32f4xx_hal_can.o
    0x08002ffc   0x08002ffc   0x000000fc   Code   RO          188    i.HAL_CAN_MspInit   can.o
    0x080030f8   0x080030f8   0x00000002   Code   RO         1755    i.HAL_CAN_RxFifo0FullCallback  stm32f4xx_hal_can.o
    0x080030fa   0x080030fa   0x00000002   PAD
    0x080030fc   0x080030fc   0x0000004c   Code   RO         1578    i.HAL_CAN_RxFifo0MsgPendingCallback  bsp_can_isr.o
    0x08003148   0x08003148   0x00000002   Code   RO         1757    i.HAL_CAN_RxFifo1FullCallback  stm32f4xx_hal_can.o
    0x0800314a   0x0800314a   0x00000002   PAD
    0x0800314c   0x0800314c   0x00000030   Code   RO         1579    i.HAL_CAN_RxFifo1MsgPendingCallback  bsp_can_isr.o
    0x0800317c   0x0800317c   0x00000002   Code   RO         1759    i.HAL_CAN_SleepCallback  stm32f4xx_hal_can.o
    0x0800317e   0x0800317e   0x00000002   PAD
    0x08003180   0x08003180   0x00000058   Code   RO         1760    i.HAL_CAN_Start     stm32f4xx_hal_can.o
    0x080031d8   0x080031d8   0x00000002   Code   RO         1762    i.HAL_CAN_TxMailbox0AbortCallback  stm32f4xx_hal_can.o
    0x080031da   0x080031da   0x00000002   Code   RO         1763    i.HAL_CAN_TxMailbox0CompleteCallback  stm32f4xx_hal_can.o
    0x080031dc   0x080031dc   0x00000002   Code   RO         1764    i.HAL_CAN_TxMailbox1AbortCallback  stm32f4xx_hal_can.o
    0x080031de   0x080031de   0x00000002   Code   RO         1765    i.HAL_CAN_TxMailbox1CompleteCallback  stm32f4xx_hal_can.o
    0x080031e0   0x080031e0   0x00000002   Code   RO         1766    i.HAL_CAN_TxMailbox2AbortCallback  stm32f4xx_hal_can.o
    0x080031e2   0x080031e2   0x00000002   Code   RO         1767    i.HAL_CAN_TxMailbox2CompleteCallback  stm32f4xx_hal_can.o
    0x080031e4   0x080031e4   0x00000002   Code   RO         1769    i.HAL_CAN_WakeUpFromRxMsgCallback  stm32f4xx_hal_can.o
    0x080031e6   0x080031e6   0x00000092   Code   RO         2482    i.HAL_DMA_Abort     stm32f4xx_hal_dma.o
    0x08003278   0x08003278   0x00000024   Code   RO         2483    i.HAL_DMA_Abort_IT  stm32f4xx_hal_dma.o
    0x0800329c   0x0800329c   0x000001a0   Code   RO         2487    i.HAL_DMA_IRQHandler  stm32f4xx_hal_dma.o
    0x0800343c   0x0800343c   0x000000d4   Code   RO         2488    i.HAL_DMA_Init      stm32f4xx_hal_dma.o
    0x08003510   0x08003510   0x0000006e   Code   RO         2492    i.HAL_DMA_Start_IT  stm32f4xx_hal_dma.o
    0x0800357e   0x0800357e   0x00000002   PAD
    0x08003580   0x08003580   0x00000234   Code   RO         2375    i.HAL_GPIO_Init     stm32f4xx_hal_gpio.o
    0x080037b4   0x080037b4   0x0000000a   Code   RO         2379    i.HAL_GPIO_WritePin  stm32f4xx_hal_gpio.o
    0x080037be   0x080037be   0x00000002   PAD
    0x080037c0   0x080037c0   0x0000000c   Code   RO         2933    i.HAL_GetTick       stm32f4xx_hal.o
    0x080037cc   0x080037cc   0x00000010   Code   RO         2939    i.HAL_IncTick       stm32f4xx_hal.o
    0x080037dc   0x080037dc   0x00000034   Code   RO         2940    i.HAL_Init          stm32f4xx_hal.o
    0x08003810   0x08003810   0x00000040   Code   RO         2941    i.HAL_InitTick      stm32f4xx_hal.o
    0x08003850   0x08003850   0x00000030   Code   RO          498    i.HAL_MspInit       stm32f4xx_hal_msp.o
    0x08003880   0x08003880   0x0000001a   Code   RO         2783    i.HAL_NVIC_EnableIRQ  stm32f4xx_hal_cortex.o
    0x0800389a   0x0800389a   0x00000002   PAD
    0x0800389c   0x0800389c   0x00000040   Code   RO         2789    i.HAL_NVIC_SetPriority  stm32f4xx_hal_cortex.o
    0x080038dc   0x080038dc   0x00000024   Code   RO         2790    i.HAL_NVIC_SetPriorityGrouping  stm32f4xx_hal_cortex.o
    0x08003900   0x08003900   0x00000070   Code   RO         2711    i.HAL_PWREx_EnableOverDrive  stm32f4xx_hal_pwr_ex.o
    0x08003970   0x08003970   0x00000134   Code   RO         1969    i.HAL_RCC_ClockConfig  stm32f4xx_hal_rcc.o
    0x08003aa4   0x08003aa4   0x00000020   Code   RO         1976    i.HAL_RCC_GetPCLK1Freq  stm32f4xx_hal_rcc.o
    0x08003ac4   0x08003ac4   0x00000020   Code   RO         1977    i.HAL_RCC_GetPCLK2Freq  stm32f4xx_hal_rcc.o
    0x08003ae4   0x08003ae4   0x00000064   Code   RO         1978    i.HAL_RCC_GetSysClockFreq  stm32f4xx_hal_rcc.o
    0x08003b48   0x08003b48   0x0000036c   Code   RO         1981    i.HAL_RCC_OscConfig  stm32f4xx_hal_rcc.o
    0x08003eb4   0x08003eb4   0x00000028   Code   RO         2794    i.HAL_SYSTICK_Config  stm32f4xx_hal_cortex.o
    0x08003edc   0x08003edc   0x00000002   Code   RO         3894    i.HAL_TIMEx_BreakCallback  stm32f4xx_hal_tim_ex.o
    0x08003ede   0x08003ede   0x00000002   Code   RO         3895    i.HAL_TIMEx_CommutCallback  stm32f4xx_hal_tim_ex.o
    0x08003ee0   0x08003ee0   0x00000090   Code   RO         3913    i.HAL_TIMEx_MasterConfigSynchronization  stm32f4xx_hal_tim_ex.o
    0x08003f70   0x08003f70   0x0000005a   Code   RO         3190    i.HAL_TIM_Base_Init  stm32f4xx_hal_tim.o
    0x08003fca   0x08003fca   0x00000002   PAD
    0x08003fcc   0x08003fcc   0x0000003c   Code   RO          261    i.HAL_TIM_Base_MspInit  tim.o
    0x08004008   0x08004008   0x00000080   Code   RO         3195    i.HAL_TIM_Base_Start_IT  stm32f4xx_hal_tim.o
    0x08004088   0x08004088   0x00000002   Code   RO         3224    i.HAL_TIM_IC_CaptureCallback  stm32f4xx_hal_tim.o
    0x0800408a   0x0800408a   0x00000130   Code   RO         3238    i.HAL_TIM_IRQHandler  stm32f4xx_hal_tim.o
    0x080041ba   0x080041ba   0x00000002   Code   RO         3241    i.HAL_TIM_OC_DelayElapsedCallback  stm32f4xx_hal_tim.o
    0x080041bc   0x080041bc   0x00000002   Code   RO         3268    i.HAL_TIM_PWM_PulseFinishedCallback  stm32f4xx_hal_tim.o
    0x080041be   0x080041be   0x00000002   PAD
    0x080041c0   0x080041c0   0x00000038   Code   RO         1639    i.HAL_TIM_PeriodElapsedCallback  bsp_tim_isr.o
    0x080041f8   0x080041f8   0x00000002   Code   RO         3281    i.HAL_TIM_TriggerCallback  stm32f4xx_hal_tim.o
    0x080041fa   0x080041fa   0x0000004e   Code   RO         4171    i.HAL_UARTEx_ReceiveToIdle_DMA  stm32f4xx_hal_uart.o
    0x08004248   0x08004248   0x0000004c   Code   RO         1706    i.HAL_UARTEx_RxEventCallback  bsp_usart_isr.o
    0x08004294   0x08004294   0x00000002   Code   RO         4187    i.HAL_UART_ErrorCallback  stm32f4xx_hal_uart.o
    0x08004296   0x08004296   0x00000002   PAD
    0x08004298   0x08004298   0x00000270   Code   RO         4190    i.HAL_UART_IRQHandler  stm32f4xx_hal_uart.o
    0x08004508   0x08004508   0x00000064   Code   RO         4191    i.HAL_UART_Init     stm32f4xx_hal_uart.o
    0x0800456c   0x0800456c   0x00000230   Code   RO          303    i.HAL_UART_MspInit  usart.o
    0x0800479c   0x0800479c   0x00000002   Code   RO         4197    i.HAL_UART_RxCpltCallback  stm32f4xx_hal_uart.o
    0x0800479e   0x0800479e   0x00000002   Code   RO         4198    i.HAL_UART_RxHalfCpltCallback  stm32f4xx_hal_uart.o
    0x080047a0   0x080047a0   0x00000078   Code   RO         4200    i.HAL_UART_Transmit_DMA  stm32f4xx_hal_uart.o
    0x08004818   0x08004818   0x00000002   Code   RO         4202    i.HAL_UART_TxCpltCallback  stm32f4xx_hal_uart.o
    0x0800481a   0x0800481a   0x00000002   Code   RO         4203    i.HAL_UART_TxHalfCpltCallback  stm32f4xx_hal_uart.o
    0x0800481c   0x0800481c   0x00000002   Code   RO          365    i.HardFault_Handler  stm32f4xx_it.o
    0x0800481e   0x0800481e   0x00000002   PAD
    0x08004820   0x08004820   0x00000044   Code   RO          189    i.MX_CAN1_Init      can.o
    0x08004864   0x08004864   0x00000044   Code   RO          190    i.MX_CAN2_Init      can.o
    0x080048a8   0x080048a8   0x0000007c   Code   RO          236    i.MX_DMA_Init       dma.o
    0x08004924   0x08004924   0x000000ec   Code   RO          163    i.MX_GPIO_Init      gpio.o
    0x08004a10   0x08004a10   0x00000048   Code   RO          262    i.MX_TIM7_Init      tim.o
    0x08004a58   0x08004a58   0x0000003c   Code   RO          304    i.MX_UART8_Init     usart.o
    0x08004a94   0x08004a94   0x00000044   Code   RO          305    i.MX_USART1_UART_Init  usart.o
    0x08004ad8   0x08004ad8   0x00000038   Code   RO          306    i.MX_USART6_UART_Init  usart.o
    0x08004b10   0x08004b10   0x00000002   Code   RO          366    i.MemManage_Handler  stm32f4xx_it.o
    0x08004b12   0x08004b12   0x00000002   Code   RO          367    i.NMI_Handler       stm32f4xx_it.o
    0x08004b14   0x08004b14   0x00000038   Code   RO         1057    i.PID_Init          pid.o
    0x08004b4c   0x08004b4c   0x00000030   Code   RO         1058    i.PID_Set           pid.o
    0x08004b7c   0x08004b7c   0x00000002   Code   RO          368    i.PendSV_Handler    stm32f4xx_it.o
    0x08004b7e   0x08004b7e   0x00000002   PAD
    0x08004b80   0x08004b80   0x000000c4   Code   RO          855    i.Remote_Control_Set  robot_cmd.o
    0x08004c44   0x08004c44   0x00000010   Code   RO          856    i.Robot_Cmd_Init    robot_cmd.o
    0x08004c54   0x08004c54   0x00000018   Code   RO          857    i.Robot_Cmd_Task    robot_cmd.o
    0x08004c6c   0x08004c6c   0x00000014   Code   RO          858    i.Robot_Cmd_Timing_Handle  robot_cmd.o
    0x08004c80   0x08004c80   0x00000002   Code   RO          369    i.SVC_Handler       stm32f4xx_it.o
    0x08004c82   0x08004c82   0x00000002   PAD
    0x08004c84   0x08004c84   0x0000001c   Code   RO          778    i.Shoot_Set_Fire_Add_Speed  shoot.o
    0x08004ca0   0x08004ca0   0x0000000c   Code   RO          779    i.Shoot_Set_Mode    shoot.o
    0x08004cac   0x08004cac   0x0000001c   Code   RO          781    i.Shoot_Timing_Handle  shoot.o
    0x08004cc8   0x08004cc8   0x00000004   Code   RO          370    i.SysTick_Handler   stm32f4xx_it.o
    0x08004ccc   0x08004ccc   0x000000a0   Code   RO            5    i.SystemClock_Config  main.o
    0x08004d6c   0x08004d6c   0x00000010   Code   RO         4525    i.SystemInit        system_stm32f4xx.o
    0x08004d7c   0x08004d7c   0x0000000c   Code   RO          371    i.TIM7_IRQHandler   stm32f4xx_it.o
    0x08004d88   0x08004d88   0x000000d8   Code   RO         3283    i.TIM_Base_SetConfig  stm32f4xx_hal_tim.o
    0x08004e60   0x08004e60   0x0000000c   Code   RO          372    i.UART8_IRQHandler  stm32f4xx_it.o
    0x08004e6c   0x08004e6c   0x00000010   Code   RO         4204    i.UART_DMAAbortOnError  stm32f4xx_hal_uart.o
    0x08004e7c   0x08004e7c   0x0000004a   Code   RO         4205    i.UART_DMAError     stm32f4xx_hal_uart.o
    0x08004ec6   0x08004ec6   0x00000086   Code   RO         4206    i.UART_DMAReceiveCplt  stm32f4xx_hal_uart.o
    0x08004f4c   0x08004f4c   0x0000001e   Code   RO         4208    i.UART_DMARxHalfCplt  stm32f4xx_hal_uart.o
    0x08004f6a   0x08004f6a   0x00000042   Code   RO         4210    i.UART_DMATransmitCplt  stm32f4xx_hal_uart.o
    0x08004fac   0x08004fac   0x0000000a   Code   RO         4212    i.UART_DMATxHalfCplt  stm32f4xx_hal_uart.o
    0x08004fb6   0x08004fb6   0x0000004e   Code   RO         4214    i.UART_EndRxTransfer  stm32f4xx_hal_uart.o
    0x08005004   0x08005004   0x0000001c   Code   RO         4215    i.UART_EndTxTransfer  stm32f4xx_hal_uart.o
    0x08005020   0x08005020   0x000000c2   Code   RO         4216    i.UART_Receive_IT   stm32f4xx_hal_uart.o
    0x080050e2   0x080050e2   0x00000002   PAD
    0x080050e4   0x080050e4   0x0000010c   Code   RO         4217    i.UART_SetConfig    stm32f4xx_hal_uart.o
    0x080051f0   0x080051f0   0x00000090   Code   RO         4218    i.UART_Start_Receive_DMA  stm32f4xx_hal_uart.o
    0x08005280   0x08005280   0x0000000c   Code   RO          373    i.USART1_IRQHandler  stm32f4xx_it.o
    0x0800528c   0x0800528c   0x0000000c   Code   RO          374    i.USART6_IRQHandler  stm32f4xx_it.o
    0x08005298   0x08005298   0x00000002   Code   RO          375    i.UsageFault_Handler  stm32f4xx_it.o
    0x0800529a   0x0800529a   0x00000002   PAD
    0x0800529c   0x0800529c   0x00000024   Code   RO         1103    i.Vofa_Get_RX_Value  vofa.o
    0x080052c0   0x080052c0   0x00000158   Code   RO         1104    i.Vofa_Init         vofa.o
    0x08005418   0x08005418   0x00000018   Code   RO         1105    i.Vofa_Receive_Enabled  vofa.o
    0x08005430   0x08005430   0x000000c0   Code   RO         1106    i.Vofa_Receive_Handle  vofa.o
    0x080054f0   0x080054f0   0x00000014   Code   RO         1108    i.Vofa_Timing_Handle  vofa.o
    0x08005504   0x08005504   0x00000030   Code   RO         4901    i.__ARM_fpclassify  m_wm.l(fpclassify.o)
    0x08005534   0x08005534   0x00000020   Code   RO         2796    i.__NVIC_SetPriority  stm32f4xx_hal_cortex.o
    0x08005554   0x08005554   0x00000004   PAD
    0x08005558   0x08005558   0x00000038   Code   RO         4618    i.__hardfp_atof     m_wm.l(atof.o)
    0x08005590   0x08005590   0x000000c8   Code   RO         4624    i.__hardfp_cos      m_wm.l(cos.o)
    0x08005658   0x08005658   0x000000d0   Code   RO         5096    i.__hardfp_ldexp    m_wm.l(ldexp.o)
    0x08005728   0x08005728   0x00000438   Code   RO         4828    i.__ieee754_rem_pio2  m_wm.l(rred.o)
    0x08005b60   0x08005b60   0x00000170   Code   RO         4795    i.__kernel_cos      m_wm.l(cos_i.o)
    0x08005cd0   0x08005cd0   0x000000f8   Code   RO         4903    i.__kernel_poly     m_wm.l(poly.o)
    0x08005dc8   0x08005dc8   0x00000130   Code   RO         4836    i.__kernel_sin      m_wm.l(sin_i.o)
    0x08005ef8   0x08005ef8   0x00000014   Code   RO         4799    i.__mathlib_dbl_infnan  m_wm.l(dunder.o)
    0x08005f0c   0x08005f0c   0x00000004   PAD
    0x08005f10   0x08005f10   0x00000020   Code   RO         4801    i.__mathlib_dbl_invalid  m_wm.l(dunder.o)
    0x08005f30   0x08005f30   0x00000020   Code   RO         4802    i.__mathlib_dbl_overflow  m_wm.l(dunder.o)
    0x08005f50   0x08005f50   0x00000020   Code   RO         4804    i.__mathlib_dbl_underflow  m_wm.l(dunder.o)
    0x08005f70   0x08005f70   0x000000b8   Code   RO         5032    i.__mathlib_narrow  m_wm.l(narrow.o)
    0x08006028   0x08006028   0x00000014   Code   RO         5098    i.__support_ldexp   m_wm.l(ldexp.o)
    0x0800603c   0x0800603c   0x0000000e   Code   RO         4739    i._is_digit         c_w.l(__printf_wp.o)
    0x0800604a   0x0800604a   0x0000002e   Code   RO         1410    i.crc16_update      ch104_imu_usart.o
    0x08006078   0x08006078   0x00000018   Code   RO         4897    i.fabs              m_wm.l(fabs.o)
    0x08006090   0x08006090   0x0000008c   Code   RO         5066    i.frexp             m_wm.l(frexp.o)
    0x0800611c   0x0800611c   0x00000032   Code   RO            6    i.main              main.o
    0x0800614e   0x0800614e   0x00000002   PAD
    0x08006150   0x08006150   0x000000dc   Code   RO         1061    i.pid_error_input   pid.o
    0x0800622c   0x0800622c   0x00000028   Code   RO         1291    i.uint_to_float     dm_motor.o
    0x08006254   0x08006254   0x0000002c   Code   RO         4887    locale$$code        c_w.l(lc_numeric_c.o)
    0x08006280   0x08006280   0x0000002c   Code   RO         5012    locale$$code        c_w.l(lc_ctype_c.o)
    0x080062ac   0x080062ac   0x00000018   Code   RO         4776    x$fpl$basic         fz_wm.l(basic.o)
    0x080062c4   0x080062c4   0x00000062   Code   RO         4584    x$fpl$d2f           fz_wm.l(d2f.o)
    0x08006326   0x08006326   0x00000002   PAD
    0x08006328   0x08006328   0x00000150   Code   RO         4586    x$fpl$dadd          fz_wm.l(daddsub_clz.o)
    0x08006478   0x08006478   0x00000010   Code   RO         5146    x$fpl$dcheck1       fz_wm.l(dcheck1.o)
    0x08006488   0x08006488   0x00000018   Code   RO         5092    x$fpl$dcmpinf       fz_wm.l(dcmpi.o)
    0x080064a0   0x080064a0   0x000002b0   Code   RO         4593    x$fpl$ddiv          fz_wm.l(ddiv.o)
    0x08006750   0x08006750   0x00000078   Code   RO         5060    x$fpl$deqf          fz_wm.l(deqf.o)
    0x080067c8   0x080067c8   0x0000005e   Code   RO         4889    x$fpl$dfix          fz_wm.l(dfix.o)
    0x08006826   0x08006826   0x0000002e   Code   RO         4597    x$fpl$dflt          fz_wm.l(dflt_clz.o)
    0x08006854   0x08006854   0x00000026   Code   RO         4596    x$fpl$dfltu         fz_wm.l(dflt_clz.o)
    0x0800687a   0x0800687a   0x00000002   PAD
    0x0800687c   0x0800687c   0x00000078   Code   RO         5094    x$fpl$dleqf         fz_wm.l(dleqf.o)
    0x080068f4   0x080068f4   0x00000154   Code   RO         4602    x$fpl$dmul          fz_wm.l(dmul.o)
    0x08006a48   0x08006a48   0x0000009c   Code   RO         4778    x$fpl$dnaninf       fz_wm.l(dnaninf.o)
    0x08006ae4   0x08006ae4   0x0000000c   Code   RO         4780    x$fpl$dretinf       fz_wm.l(dretinf.o)
    0x08006af0   0x08006af0   0x0000006c   Code   RO         5062    x$fpl$drleqf        fz_wm.l(drleqf.o)
    0x08006b5c   0x08006b5c   0x00000016   Code   RO         4587    x$fpl$drsb          fz_wm.l(daddsub_clz.o)
    0x08006b72   0x08006b72   0x00000002   PAD
    0x08006b74   0x08006b74   0x000001d4   Code   RO         4588    x$fpl$dsub          fz_wm.l(daddsub_clz.o)
    0x08006d48   0x08006d48   0x00000056   Code   RO         4604    x$fpl$f2d           fz_wm.l(f2d.o)
    0x08006d9e   0x08006d9e   0x0000008c   Code   RO         4782    x$fpl$fnaninf       fz_wm.l(fnaninf.o)
    0x08006e2a   0x08006e2a   0x0000000a   Code   RO         5023    x$fpl$fpinit        fz_wm.l(fpinit.o)
    0x08006e34   0x08006e34   0x0000000a   Code   RO         4784    x$fpl$fretinf       fz_wm.l(fretinf.o)
    0x08006e3e   0x08006e3e   0x00000064   Code   RO         5148    x$fpl$retnan        fz_wm.l(retnan.o)
    0x08006ea2   0x08006ea2   0x0000005c   Code   RO         5143    x$fpl$scalbn        fz_wm.l(scalbn.o)
    0x08006efe   0x08006efe   0x00000004   Code   RO         4893    x$fpl$scanf1        fz_wm.l(scanf1.o)
    0x08006f02   0x08006f02   0x00000008   Code   RO         5025    x$fpl$scanf2        fz_wm.l(scanf2.o)
    0x08006f0a   0x08006f0a   0x00000030   Code   RO         5150    x$fpl$trapveneer    fz_wm.l(trapv.o)
    0x08006f3a   0x08006f3a   0x00000000   Code   RO         4794    x$fpl$usenofp       fz_wm.l(usenofp.o)
    0x08006f3a   0x08006f3a   0x00000004   Data   RO         1112    .constdata          vofa.o
    0x08006f3e   0x08006f3e   0x00000008   Data   RO         2494    .constdata          stm32f4xx_hal_dma.o
    0x08006f46   0x08006f46   0x00000010   Data   RO         4526    .constdata          system_stm32f4xx.o
    0x08006f56   0x08006f56   0x00000008   Data   RO         4527    .constdata          system_stm32f4xx.o
    0x08006f5e   0x08006f5e   0x00000002   PAD
    0x08006f60   0x08006f60   0x00000030   Data   RO         4796    .constdata          m_wm.l(cos_i.o)
    0x08006f90   0x08006f90   0x000000c8   Data   RO         4830    .constdata          m_wm.l(rred.o)
    0x08007058   0x08007058   0x00000028   Data   RO         4837    .constdata          m_wm.l(sin_i.o)
    0x08007080   0x08007080   0x00000094   Data   RO         4922    .constdata          c_w.l(bigflt0.o)
    0x08007114   0x08007114   0x00000020   Data   RO         5152    Region$$Table       anon$$obj.o
    0x08007134   0x08007134   0x00000008   Data   RO         5020    c$$dinf             fz_wm.l(fpconst.o)
    0x0800713c   0x0800713c   0x0000001c   Data   RO         4886    locale$$data        c_w.l(lc_numeric_c.o)
    0x08007158   0x08007158   0x00000110   Data   RO         5011    locale$$data        c_w.l(lc_ctype_c.o)


    Execution Region RW_IRAM2 (Exec base: 0x10000000, Load base: 0x08007318, Size: 0x00000000, Max: 0x00010000, ABSOLUTE)

    **** No section assigned to this execution region ****


    Execution Region RW_IRAM1 (Exec base: 0x20000000, Load base: 0x08007268, Size: 0x00001240, Max: 0x00030000, ABSOLUTE)

    Exec Addr    Load Addr    Size         Type   Attr      Idx    E Section Name        Object

    0x20000000   0x08007268   0x00000004   Data   RW          192    .data               can.o
    0x20000004   0x0800726c   0x00000002   Data   RW          524    .data               app.o
    0x20000006   0x0800726e   0x00000002   PAD
    0x20000008   0x08007270   0x00000008   Data   RW          624    .data               chassis.o
    0x20000010   0x08007278   0x0000001c   Data   RW          705    .data               gimbal.o
    0x2000002c   0x08007294   0x0000000c   Data   RW          783    .data               shoot.o
    0x20000038   0x080072a0   0x00000008   Data   RW          860    .data               robot_cmd.o
    0x20000040   0x080072a8   0x00000027   Data   RW          980    .data               dji_motor.o
    0x20000067   0x080072cf   0x00000011   Data   RW         1480    .data               can_comm.o
    0x20000078   0x080072e0   0x00000008   Data   RW         1481    .data               can_comm.o
    0x20000080   0x080072e8   0x00000008   Data   RW         1542    .data               bsp_can.o
    0x20000088   0x080072f0   0x00000008   Data   RW         1544    .data               bsp_can.o
    0x20000090   0x080072f8   0x00000010   Data   RW         1677    .data               bsp_usart.o
    0x200000a0   0x08007308   0x0000000c   Data   RW         2947    .data               stm32f4xx_hal.o
    0x200000ac   0x08007314   0x00000004   Data   RW         4528    .data               system_stm32f4xx.o
    0x200000b0        -       0x00000050   Zero   RW          191    .bss                can.o
    0x20000100        -       0x00000048   Zero   RW          263    .bss                tim.o
    0x20000148        -       0x000002b8   Zero   RW          307    .bss                usart.o
    0x20000400        -       0x00000160   Zero   RW          622    .bss                chassis.o
    0x20000560        -       0x000001b0   Zero   RW          704    .bss                gimbal.o
    0x20000710        -       0x00000128   Zero   RW          782    .bss                shoot.o
    0x20000838        -       0x0000000c   Zero   RW          859    .bss                robot_cmd.o
    0x20000844        -       0x00000054   Zero   RW          912    .bss                dji_dr16.o
    0x20000898        -       0x00000070   Zero   RW          976    .bss                dji_motor.o
    0x20000908        -       0x00000038   Zero   RW          977    .bss                dji_motor.o
    0x20000940        -       0x0000003c   Zero   RW          978    .bss                dji_motor.o
    0x2000097c        -       0x0000011b   Zero   RW         1111    .bss                vofa.o
    0x20000a97        -       0x00000037   Zero   RW         1292    .bss                dm_motor.o
    0x20000ace        -       0x000000aa   Zero   RW         1411    .bss                ch104_imu_usart.o
    0x20000b78        -       0x00000064   Zero   RW         1676    .bss                bsp_usart.o
    0x20000bdc        -       0x00000060   Zero   RW         4906    .bss                c_w.l(libspace.o)
    0x20000c3c   0x08007318   0x00000004   PAD
    0x20000c40        -       0x00000200   Zero   RW         4560    HEAP                startup_stm32f427xx.o
    0x20000e40        -       0x00000400   Zero   RW         4559    STACK               startup_stm32f427xx.o


==============================================================================

Image component sizes


      Code (inc. data)   RO Data    RW Data    ZI Data      Debug   Object Name

       108         14          0          2          0       3753   app.o
       104         10          0         16          0       2842   bsp_can.o
       124         24          0          0          0       1688   bsp_can_isr.o
        12          6          0          0          0        463   bsp_tim.o
        56          6          0          0          0       1100   bsp_tim_isr.o
        52         16          0         16        100       1113   bsp_usart.o
        76         14          0          0          0       1057   bsp_usart_isr.o
       388         40          0          4         80       2594   can.o
       212         24          0         25          0       4740   can_comm.o
       224         30          0          0        170       6040   ch104_imu_usart.o
      1486         82          0          8        352       5971   chassis.o
       496         66          0          0         84       4440   dji_dr16.o
       836         56          0         39        228       8816   dji_motor.o
       564         44          0          0         55       6529   dm_motor.o
       124          4          0          0          0        902   dma.o
        68         16          0         28        432       3480   gimbal.o
       236         18          0          0          0       1151   gpio.o
       214         10          0          0          0     754176   main.o
       324         22          0          0          0       2083   pid.o
       256         38          0          8         12       2994   robot_cmd.o
        68         18          0         12        296       3728   shoot.o
        64         26        428          0       1536        840   startup_stm32f427xx.o
       144         24          0         12          0       9093   stm32f4xx_hal.o
      1636          6          0          0          0      13379   stm32f4xx_hal_can.o
       198         14          0          0          0      33651   stm32f4xx_hal_cortex.o
      1084         16          8          0          0       6810   stm32f4xx_hal_dma.o
       574         54          0          0          0       2116   stm32f4xx_hal_gpio.o
        48          6          0          0          0        914   stm32f4xx_hal_msp.o
       112         14          0          0          0       1344   stm32f4xx_hal_pwr_ex.o
      1348         76          0          0          0       5192   stm32f4xx_hal_rcc.o
       746         74          0          0          0       7033   stm32f4xx_hal_tim.o
       148         28          0          0          0       2545   stm32f4xx_hal_tim_ex.o
      1974         44          0          0          0      14963   stm32f4xx_hal_uart.o
       152         66          0          0          0       9965   stm32f4xx_it.o
        16          4         24          4          0       1211   system_stm32f4xx.o
       132         20          0          0         72       1702   tim.o
       744         80          0          0        696       3687   usart.o
       736        236          4          0        283       6586   vofa.o

    ----------------------------------------------------------------------
     15926       1346        498        176       4396     940691   Object Totals
         0          0         32          0          0          0   (incl. Generated)
        42          0          2          2          0          0   (incl. Padding)

    ----------------------------------------------------------------------

      Code (inc. data)   RO Data    RW Data    ZI Data      Debug   Library Member Name

         8          0          0          0          0         68   __main.o
        14          0          0          0          0         68   __printf_wp.o
         0          0          0          0          0          0   __rtentry.o
        12          0          0          0          0          0   __rtentry2.o
         6          0          0          0          0          0   __rtentry4.o
        52          8          0          0          0          0   __scatter.o
        26          0          0          0          0          0   __scatter_copy.o
        28          0          0          0          0          0   __scatter_zi.o
        28          0          0          0          0         68   _chval.o
        22          0          0          0          0        100   _rserrno.o
        64          0          0          0          0         84   _sgetc.o
       220          4        148          0          0         96   bigflt0.o
      1846        132          0          0          0        736   btod.o
        12          0          0          0          0         72   exit.o
         6          0          0          0          0        152   heapauxi.o
         0          0          0          0          0          0   indicate_semi.o
        18          0          0          0          0         76   isspace.o
        44         10        272          0          0         76   lc_ctype_c.o
        44         10         28          0          0         76   lc_numeric_c.o
         2          0          0          0          0          0   libinit.o
        34          0          0          0          0          0   libinit2.o
         2          0          0          0          0          0   libshutdown.o
         2          0          0          0          0          0   libshutdown2.o
         8          4          0          0         96         68   libspace.o
        38          0          0          0          0         68   llshl.o
       238          0          0          0          0        100   lludivv7m.o
        16          4          0          0          0         76   rt_ctype_table.o
         8          4          0          0          0         68   rt_errno_addr_intlibspace.o
         8          4          0          0          0         68   rt_locale_intlibspace.o
        78          0          0          0          0         80   rt_memclr_w.o
       138          0          0          0          0         68   rt_memcpy_v6.o
       100          0          0          0          0         80   rt_memcpy_w.o
         2          0          0          0          0          0   rtexit.o
        10          0          0          0          0          0   rtexit2.o
      1188         12          0          0          0        148   scanf_fp.o
       792         14          0          0          0        100   scanf_hexfp.o
       308         16          0          0          0        100   scanf_infnan.o
       128          0          0          0          0         68   strcmpv7m.o
        62          0          0          0          0         76   strlen.o
        36          0          0          0          0         80   strstr.o
       160         12          0          0          0        120   strtod.o
        12          4          0          0          0         68   sys_exit.o
        74          0          0          0          0         80   sys_stackheap_outer.o
         2          0          0          0          0         68   use_no_semi.o
        24          0          0          0          0        164   basic.o
        98          4          0          0          0        140   d2f.o
       826         16          0          0          0        492   daddsub_clz.o
        16          4          0          0          0        116   dcheck1.o
        24          0          0          0          0        116   dcmpi.o
       688        140          0          0          0        256   ddiv.o
       120          4          0          0          0        140   deqf.o
        94          4          0          0          0        140   dfix.o
        84          0          0          0          0        232   dflt_clz.o
       120          4          0          0          0        140   dleqf.o
       340         12          0          0          0        152   dmul.o
       156          4          0          0          0        140   dnaninf.o
        12          0          0          0          0        116   dretinf.o
       108          0          0          0          0        128   drleqf.o
        86          4          0          0          0        132   f2d.o
       140          4          0          0          0        132   fnaninf.o
         0          0          8          0          0          0   fpconst.o
        10          0          0          0          0        116   fpinit.o
        10          0          0          0          0        116   fretinf.o
       100          0          0          0          0        116   retnan.o
        92          0          0          0          0        116   scalbn.o
         4          0          0          0          0        116   scanf1.o
         8          0          0          0          0        132   scanf2.o
        48          0          0          0          0        116   trapv.o
         0          0          0          0          0          0   usenofp.o
        56         12          0          0          0        132   atof.o
       200         20          0          0          0        164   cos.o
       368         46         48          0          0        200   cos_i.o
       116         24          0          0          0        496   dunder.o
        24          0          0          0          0        124   fabs.o
        48          0          0          0          0        124   fpclassify.o
       140         22          0          0          0        132   frexp.o
       228          8          0          0          0        308   ldexp.o
       184         18          0          0          0        152   narrow.o
       248          0          0          0          0        152   poly.o
      1080        142        200          0          0        188   rred.o
       304         24         40          0          0        208   sin_i.o

    ----------------------------------------------------------------------
     12120        754        744          0        100       9200   Library Totals
        20          0          0          0          4          0   (incl. Padding)

    ----------------------------------------------------------------------

      Code (inc. data)   RO Data    RW Data    ZI Data      Debug   Library Name

      5896        238        448          0         96       3256   c_w.l
      3208        200          8          0          0       3564   fz_wm.l
      2996        316        288          0          0       2380   m_wm.l

    ----------------------------------------------------------------------
     12120        754        744          0        100       9200   Library Totals

    ----------------------------------------------------------------------

==============================================================================


      Code (inc. data)   RO Data    RW Data    ZI Data      Debug   

     28046       2100       1242        176       4496     928023   Grand Totals
     28046       2100       1242        176       4496     928023   ELF Image Totals
     28046       2100       1242        176          0          0   ROM Totals

==============================================================================

    Total RO  Size (Code + RO Data)                29288 (  28.60kB)
    Total RW  Size (RW Data + ZI Data)              4672 (   4.56kB)
    Total ROM Size (Code + RO Data + RW Data)      29464 (  28.77kB)

==============================================================================

